VerifyThis2018.Snippets
VerifyThis2018.Challenge1
VerifyThis2018.Challenge3
VerifyThis2018.Challenge2
VerifyThis2018.Challenge1_short
Pushdown_Automata.CFG_To_PDA
Pushdown_Automata.Final_To_Stack_PDA
Pushdown_Automata.Stack_To_Final_PDA
Pushdown_Automata.PDA_To_CFG
BurrowsWheeler.IBWT
BurrowsWheeler.Rotated_Substring
BurrowsWheeler.SA_Count
CZH_Foundations.CZH_Sets_Conclusions
CZH_Foundations.CZH_SMC_Conclusions
CZH_Foundations.CZH_DG_Conclusions
HOL-UNITY.NSP_Bad
HOL-UNITY.TimerArray
HOL-UNITY.README
HOL-UNITY.Mutex
HOL-UNITY.Common
HOL-UNITY.Counterc
HOL-UNITY.Token
HOL-UNITY.Network
HOL-UNITY.Progress
HOL-UNITY.Counter
HOL-UNITY.Client
HOL-UNITY.Handshake
HOL-UNITY.README_Comp
HOL-UNITY.Alloc
HOL-UNITY.Priority
HOL-UNITY.AllocImpl
HOL-UNITY.ELT
HOL-UNITY.README_Simple
HOL-UNITY.Lift
HOL-UNITY.Reachability
HOL-UNITY.Deadlock
HOL-UNITY.Channel
Sets_Revisited.SetsCat_Interps
BinarySearchTree.BinaryTree_TacticStyle
BinarySearchTree.BinaryTree_Map
LinearQuantifierElim.Cooper
LinearQuantifierElim.CertLin
LinearQuantifierElim.FRE
LinearQuantifierElim.CertDlo
LinearQuantifierElim.QEdlo_inf
LinearQuantifierElim.QEpres
LinearQuantifierElim.QEdlo_fr
LinearQuantifierElim.QEdlo_ex
LinearQuantifierElim.QElin_inf
LinearQuantifierElim.QElin_opt
DFS_Framework.DFS_Chapter_Framework
DFS_Framework.On_Stack
HOL-ex.Transitive_Closure_Table_Ex
HOL-ex.Chinese
HOL-ex.Set_Theory
HOL-ex.Tree23
HOL-ex.Hebrew
HOL-ex.HarmonicSeries
HOL-ex.CTL
HOL-ex.BinEx
HOL-ex.Perm_Fragments
HOL-ex.Normalization_by_Evaluation
HOL-ex.Gauge_Integration
HOL-ex.Bit_Operation_Computations
HOL-ex.Lagrange
HOL-ex.Function_Growth
HOL-ex.SOS_Cert
HOL-ex.Bubblesort
HOL-ex.Serbian
HOL-ex.Ballot
HOL-ex.Intuitionistic
HOL-ex.Join_Theory
HOL-ex.Sudoku
HOL-ex.PresburgerEx
HOL-ex.SOS
HOL-ex.Triangular_Numbers
HOL-ex.Termination
HOL-ex.Residue_Ring
HOL-ex.Executable_Relation
HOL-ex.veriT_Preprocessing
HOL-ex.PER
HOL-ex.ThreeDivides
HOL-ex.Specifications_with_bundle_mixins
HOL-ex.MonoidGroup
HOL-ex.Code_Lazy_Demo
HOL-ex.Multiquote
HOL-ex.Cubic_Quartic
HOL-ex.Classical
HOL-ex.Tarski
HOL-ex.Radix_Sort
HOL-ex.Computations
HOL-ex.Sqrt_Script
HOL-ex.Erdoes_Szekeres
HOL-ex.Transfer_Int_Nat
HOL-ex.Code_Timing
HOL-ex.Transfer_Debug
HOL-ex.MergeSort
HOL-ex.Pythagoras
HOL-ex.Case_Product
HOL-ex.BigO
HOL-ex.Execute_Choice
HOL-ex.NatSum
HOL-ex.Word_Msb
HOL-ex.Peano_Axioms
HOL-ex.Antiquote
Refine_Imperative_HOL.Dijkstra_Benchmark
Refine_Imperative_HOL.Sepref_Guide_General_Util
Refine_Imperative_HOL.Sepref_Chapter_Benchmarks
Refine_Imperative_HOL.Sepref_Chapter_Userguides
Refine_Imperative_HOL.Sepref_Guide_Quickstart
Refine_Imperative_HOL.Sepref_Chapter_IICF
Refine_Imperative_HOL.Sepref_Chapter_Tool
Refine_Imperative_HOL.Sepref_Chapter_Setup
Refine_Imperative_HOL.NDFS_Benchmark
Refine_Imperative_HOL.Sepref_Guide_Reference
Refine_Imperative_HOL.Heapmap_Bench
Posix-Lexing.Simplifying
Posix-Lexing.Simplifying3
Posix-Lexing.Positions
Posix-Lexing.Positions3
Minkowskis_Theorem.Minkowskis_Theorem
HOL-CSP_PTick.CSP_PTick_Introduction
HOL-CSP_PTick.CSP_PTick_Conclusion
Universal_Turing_Machine.HaltingProblems_K_aux
Universal_Turing_Machine.TuringUnComputable_H2
Universal_Turing_Machine.TuringComputable
Universal_Turing_Machine.Turing_aux
Universal_Turing_Machine.Abacus_alt_Compile
Universal_Turing_Machine.Rec_Ex
Universal_Turing_Machine.UTM
Universal_Turing_Machine.Numerals_Ex
Universal_Turing_Machine.Recs_alt_Ex
Universal_Turing_Machine.GeneratedCode
Universal_Turing_Machine.TuringUnComputable_H2_original
Dependent_SIFUM_Type_Systems.LocallySoundModeUse
Parikh.Pilling
Gray_Codes.Non_Boolean_Gray
Dilworth.Dilworth
ClockSynchInst.ICAInstance
ClockSynchInst.LynchInstance
CakeML.Doc_Generated
CakeML.TypeSystemAuxiliary
CakeML.Tokens
CakeML.CakeML_Quickcheck
CakeML.NamespaceAuxiliary
CakeML.BigSmallInvariants
CakeML.Doc_Proofs
CakeML.LibAuxiliary
CakeML.SimpleIO
Completeness.Soundness
HOLCF-ex.Pattern_Match
HOLCF-ex.Loop
HOLCF-ex.Concurrency_Monad
HOLCF-ex.Dnat
HOLCF-ex.Focus_ex
HOLCF-ex.Domain_Proofs
HOLCF-ex.Hoare
HOLCF-ex.Powerdomain_ex
HOLCF-ex.Fix2
HOLCF-ex.Dagstuhl
HOLCF-ex.Letrec
FaithfulPMLinHOL.PMLinHOL_deep_further_tests_1
FaithfulPMLinHOL.PMLinHOL_shallow_minimal_further_tests_2
FaithfulPMLinHOL.PMLinHOL_shallow_minimal_Loeb_tests
FaithfulPMLinHOL.PMLinHOL_shallow_further_tests_2
FaithfulPMLinHOL.PMLinHOL_deep_further_tests_2
FaithfulPMLinHOL.PMLinHOL_deep_further_tests
FaithfulPMLinHOL.PMLinHOL_shallow_minimal_further_tests_1
FaithfulPMLinHOL.PMLinHOL_deep_Loeb_tests
FaithfulPMLinHOL.PMLinHOL_shallow_minimal_further_tests
FaithfulPMLinHOL.PMLinHOL_shallow_Loeb_tests
FaithfulPMLinHOL.PMLinHOL_shallow_further_tests_1
FaithfulPMLinHOL.PMLinHOL_shallow_further_tests
FaithfulPMLinHOL.PMLinHOL_faithfulness
SIFUM_Type_Systems.TypeSystem
SIFUM_Type_Systems.LocallySoundModeUse
First_Order_Terms.Unification_More
First_Order_Terms.Unification_String
Region_Quadtrees.KD_Region_Tree
Region_Quadtrees.Quad_Tree
Region_Quadtrees.KD_Region_Tree2
Region_Quadtrees.Quad_Matrix
Region_Quadtrees.KD_Region_Nested
ML_Bootstrap
Valuation.Valuation3
Pi_Calculus.Strong_Early_Bisim_Subst_Pres
Pi_Calculus.Weak_Late_Cong_Pres
Pi_Calculus.Weak_Early_Cong_Subst_Pres
Pi_Calculus.Weak_Late_Cong_Subst_SC
Pi_Calculus.Strong_Late_Axiomatisation
IMP2_Binary_Heap.IMP2_Binary_Heap
CubicalCategories.CubicalOmegaZeroCategoriesConnections
Functional-Automata.Functional_Automata
Ordinals_and_Cardinals.Cardinal_Order_Relation_discontinued
BTree.BTree_Height
BTree.BTree_ImpSplit
BTree.BPlusTree_Iter_OneWay
BTree.BPlusTree_ImpSplitCE
IMP_With_Speculation.Fun4_secure
IMP_With_Speculation.Fun6_secure
IMP_With_Speculation.Fun2_secure
IMP_With_Speculation.Fun_mask_secure
IMP_With_Speculation.Fun1_insecure
IMP_With_Speculation.Fun3_secure
IMP_With_Speculation.Fun5_secure
Logging_Independent_Anonymity.Possibility
HOL-Data_Structures.Tries_Binary
HOL-Data_Structures.Queue_2Lists
HOL-Data_Structures.Binomial_Heap
HOL-Data_Structures.Trie_Ternary
HOL-Data_Structures.AVL_Bal_Set
HOL-Data_Structures.Tree23_Map
HOL-Data_Structures.Leftist_Heap_List
HOL-Data_Structures.Tree23_of_List
HOL-Data_Structures.RBT_Set2
HOL-Data_Structures.AVL_Bal2_Set
HOL-Data_Structures.AVL_Map
HOL-Data_Structures.Height_Balanced_Tree
HOL-Data_Structures.Brother12_Map
HOL-Data_Structures.AA_Map
HOL-Data_Structures.Interval_Tree
HOL-Data_Structures.Set2_Join_RBT
HOL-Data_Structures.Tree234_Map
HOL-Data_Structures.Selection
HOL-Data_Structures.Tree_Rotations
AVL-Trees.AVL2
AVL-Trees.AVL
QR_Decomposition.Least_Squares_Approximation
QR_Decomposition.Generalizations2
Stone_Cech.Stone_Cech
Falling_Factorial_Sum.Falling_Factorial_Sum_Induction
Falling_Factorial_Sum.Falling_Factorial_Sum_Vandermonde
Lie_Groups.Lie_Algebra
Lie_Groups.Classical_Groups
Lie_Groups.Diff_PiE
Hybrid_Logic.Hybrid_Logic
Propositional_Proof_Systems.HC_Compl_Consistency
Propositional_Proof_Systems.CNF_To_Formula
Propositional_Proof_Systems.SC_Gentzen
Propositional_Proof_Systems.SC_Depth_Limit
Propositional_Proof_Systems.Resolution_Compl
Propositional_Proof_Systems.ND_Compl_Truthtable_Compact
Propositional_Proof_Systems.MiniSC_Craig
Propositional_Proof_Systems.Resolution_Sound
Propositional_Proof_Systems.HCSCND
Propositional_Proof_Systems.Resolution_Compl_SC_Small
Propositional_Proof_Systems.SC_Compl_Consistency
Propositional_Proof_Systems.Resolution_Compl_SC_Full
Propositional_Proof_Systems.MiniSC_HC
Propositional_Proof_Systems.ND_FiniteAssms
Propositional_Proof_Systems.Compactness_Consistency
Propositional_Proof_Systems.Resolution_Compl_Consistency
Propositional_Proof_Systems.Tseytin_Sema
Propositional_Proof_Systems.ND_Compl_SC
Propositional_Proof_Systems.MiniFormulas_Sema
Propositional_Proof_Systems.Sema_Craig
Implicational_Logic.Implicational_Logic_Sequent_Calculus
Implicational_Logic.Implicational_Logic
Implicational_Logic.Implicational_Logic_Natural_Deduction
Implicational_Logic.Implicational_Logic_Appendix
Implicational_Logic.Implicational_Logic_New
PCF.Continuations
PCF.SmallStep
Jinja.Jinja
Saturation_Framework_Extensions.Given_Clause_Architectures_Revisited
BDD.EvalProof
BDD.NormalizeTotalProof
Amortized_Complexity.Splay_Tree_Analysis_Optimal
Amortized_Complexity.Pairing_Heap_List1_Analysis1
Amortized_Complexity.Pairing_Heap_List2_Analysis
Amortized_Complexity.Skew_Heap_Analysis
Amortized_Complexity.Pairing_Heap_Tree_Analysis2
Amortized_Complexity.Pairing_Heap_List1_Analysis2
Amortized_Complexity.Splay_Heap_Analysis
Amortized_Complexity.Splay_Tree_Analysis
Euler_Polyhedron_Formula.Euler_Formula
ShortestPath.ShortestPathNeg
HOL-TLA-Buffer.DBuffer
Levy_Prokhorov_Metric.Space_of_Finite_Measures
Residuated_Lattices.Action_Algebra_Models
Residuated_Lattices.Residuated_Relation_Algebra
Residuated_Lattices.Involutive_Residuated
HOL-Mutabelle.MutabelleExtra
Heard_Of.UteProof
Heard_Of.LastVotingProof
Heard_Of.EigbyzProof
Heard_Of.UvProof
Heard_Of.OneThirdRuleProof
Heard_Of.AteProof
HOL-Statespace.StateSpaceEx
Unconstrained_Optimization.Unconstrained_Optimization
Boolos_Curious_Inference.Boo1
Boolos_Curious_Inference.Boo2
HOL-IMP.VCG
HOL-IMP.Abs_Int1_parity
HOL-IMP.ASM
HOL-IMP.Finite_Reachable
HOL-IMP.Compiler2
HOL-IMP.Collecting1
HOL-IMP.VCG_Total_EX2
HOL-IMP.Def_Init_Small
HOL-IMP.Procs_Stat_Vars_Dyn
HOL-IMP.Hoare_Sound_Complete
HOL-IMP.Procs_Stat_Vars_Stat
HOL-IMP.Live_True
HOL-IMP.Abs_Int3
HOL-IMP.Sec_Typing
HOL-IMP.Def_Init_Big
HOL-IMP.Procs_Dyn_Vars_Dyn
HOL-IMP.VCG_Total_EX
HOL-IMP.C_like
HOL-IMP.Fold
HOL-IMP.Poly_Types
HOL-IMP.Abs_Int1_const
HOL-IMP.OO
HOL-IMP.Hoare_Total
HOL-IMP.Halting
HOL-IMP.Denotational
HOL-IMP.Live
Collections.Locale_Code_Ex
Collections.ICF_Impl_Chapter
Collections.SetAbstractionIterator
Collections.GenCF_Chapter
Collections.GenCF_Gen_Chapter
Collections.Collections_Entrypoints_Chapter
Collections.ICF_Entrypoints_Chapter
Collections.Robdd
Collections.Refine_Monadic_Userguide
Collections.GenCF_Impl_Chapter
Collections.GenCF_Intf_Chapter
Collections.ICF_Userguide
Collections.ICF_Gen_Algo_Chapter
Collections.Userguides_Chapter
Collections.ICF_Chapter
Collections.ICF_Spec_Chapter
AI_Planning_Languages_Semantics.Option_Monad_Add
AI_Planning_Languages_Semantics.Lifschitz_Consistency
AI_Planning_Languages_Semantics.PDDL_STRIPS_Checker
CakeML_Codegen.Doc_CupCake
CakeML_Codegen.Doc_Terms
CakeML_Codegen.Doc_Compiler
CakeML_Codegen.Doc_Rewriting
CakeML_Codegen.Doc_Preproc
CakeML_Codegen.Doc_Backend
KD_Tree.Build
KD_Tree.Range_Search
KD_Tree.Nearest_Neighbors
Depth-First-Search.DFS
Notes_On_Goedels_Ontological_Argument.ScottVariantHOML
Notes_On_Goedels_Ontological_Argument.GoedelVariantHOML1AndersonQuant
Notes_On_Goedels_Ontological_Argument.EvilDerivable
Notes_On_Goedels_Ontological_Argument.ScottVariantHOMLAndersonQuant
Notes_On_Goedels_Ontological_Argument.ThereIsNoEvil2
Notes_On_Goedels_Ontological_Argument.GoedelVariantHOML2AndersonQuant
Notes_On_Goedels_Ontological_Argument.GoedelVariantHOML2poss
Notes_On_Goedels_Ontological_Argument.GoedelVariantHOML3possInS4
Notes_On_Goedels_Ontological_Argument.ScottVariantHOMLinS4
Notes_On_Goedels_Ontological_Argument.ScottVariantHOMLpossInS4
Notes_On_Goedels_Ontological_Argument.GoedelVariantHOML3inS4
Notes_On_Goedels_Ontological_Argument.ScottVariantHOMLinK
Notes_On_Goedels_Ontological_Argument.SurjectiveCantor
Notes_On_Goedels_Ontological_Argument.GoedelVariantHOML1
Notes_On_Goedels_Ontological_Argument.ScottVariantHOMLposs
Notes_On_Goedels_Ontological_Argument.GoedelVariantHOML1inS4
Notes_On_Goedels_Ontological_Argument.GoedelVariantHOML2inS4
Notes_On_Goedels_Ontological_Argument.GoedelVariantHOML1poss
Notes_On_Goedels_Ontological_Argument.GoedelVariantHOML3AndersonQuant
Notes_On_Goedels_Ontological_Argument.GoedelVariantHOML3poss
Notes_On_Goedels_Ontological_Argument.ThereIsNoEvil1
Notes_On_Goedels_Ontological_Argument.GoedelVariantHOML2possInS4
Types_Tableaus_and_Goedels_God.FittingProof
Types_Tableaus_and_Goedels_God.AndersonProof
Types_Tableaus_and_Goedels_God.GoedelProof_P2
Types_Tableaus_and_Goedels_God.GoedelProof_P1
List_Update.Comb
KAT_and_DRA.PHL_DRAT
KAT_and_DRA.DRAT2
KAT_and_DRA.KAT2
KAT_and_DRA.FolkTheorem
KAT_and_DRA.DRA_Models
Dijkstra_Shortest_Path.Introduction
Dijkstra_Shortest_Path.Dijkstra_Impl
Catoids.Multimonoid
Catoids.Groupoid_Lifting
Probabilistic_While.Resampling
Probabilistic_While.Fast_Dice_Roll
Concurrent_Revisions.Determinacy
ROBDD.BDD_Code
Formal_SSA.WhileGraphSSA
Formal_SSA.SSA_Semantics
Formal_SSA.Generic_Extract
Category3.ZFC_SetCat_Interp
Category3.HF_SetCat_Interp
CondNormReasHOL.mere_addition_lewis
CondNormReasHOL.mere_addition_opt
CondNormReasHOL.mere_addition_max
Dynamic_Pushdown_Networks.DPN_impl
Dynamic_Pushdown_Networks.DPN_implEx
Sturm_Tarski.Tarski_Query_Impl
TESL_Language.Config_Morphisms
TESL_Language.Stuttering
TESL_Language.Introduction
BytecodeLogicJmlTypes.Cachera
BytecodeLogicJmlTypes.Sound
Eval_FO.Ailamazyan_Code
Chomsky_Schuetzenberger.Chomsky_Schuetzenberger
Cubic_Quartic_Equations.Quartic_Polynomials
Abs_Int_ITP2012.Abs_Int1_parity
Abs_Int_ITP2012.Abs_Int1_const
Abs_Int_ITP2012.Abs_Int3
IMP_Compiler.Compiler2
LTL_to_DRA.Export_Code
Isabelle_Marries_Dirac.No_Cloning
Isabelle_Marries_Dirac.Quantum_Teleportation
Isabelle_Marries_Dirac.Deutsch_Jozsa
Isabelle_Marries_Dirac.Entanglement
Isabelle_Marries_Dirac.Quantum_Prisoners_Dilemma
CRYSTALS-Kyber.Crypto_Scheme_NTT
CRYSTALS-Kyber.Kyber_NTT_Values
Schwartz_Zippel.Rand_Perfect_Matching
Correctness_Algebras.Domain_Recursion
Correctness_Algebras.Monotonic_Boolean_Transformers_Instances
Correctness_Algebras.Extended_Designs
Correctness_Algebras.N_Relation_Algebras
Correctness_Algebras.Recursion_Strict
Correctness_Algebras.Capped_Omega_Algebras
Correctness_Algebras.Binary_Iterings_Nonstrict
Correctness_Algebras.Boolean_Semirings
Correctness_Algebras.N_Omega_Binary_Iterings
Correctness_Algebras.N_Semirings_Modal
Path_Automation.Path_Automation
IOA-NTP.Overview
IOA-NTP.Correctness
Balog_Szemeredi_Gowers.Additive_Energy_Lower_Bounds
Balog_Szemeredi_Gowers.Balog_Szemeredi_Gowers_Supplementary
ConcurrentHOL.WickersonDoddsParkinson
ConcurrentHOL.BFS
ConcurrentHOL.Exceptions
ConcurrentHOL.FindP
ConcurrentHOL.Inhabitation
ConcurrentHOL.Floyd_Warshall
ConcurrentHOL.Safety_Closure
ConcurrentHOL.Atomic
ConcurrentHOL.TSO_litmus
Irrational_Series_Erdos_Straus.Irrational_Series_Erdos_Straus
InfPathElimination.RB
CRYSTALS-Kyber_Security.Kyber_new_Values
Special_Function_Bounds.Atan_CF_Bounds
Special_Function_Bounds.Log_CF_Bounds
Special_Function_Bounds.Exp_Bounds
Special_Function_Bounds.Sqrt_Bounds
Special_Function_Bounds.Sin_Cos_Bounds
GyrovectorSpaces.Einstein
GyrovectorSpaces.GyroVectorSpaceTrivial
GyrovectorSpaces.MobiusGyroTarski
GyrovectorSpaces.Abe
GyrovectorSpaces.MobiusCollinear
GyrovectorSpaces.MobiusGyrotrigonometry
GyrovectorSpaces.Poincare
GyrovectorSpaces.hDistance
HOL-CSPM.Conclusion
HOL-CSPM.Introduction
HOL-CSPM.POTS
List-Infinite.ListInfinite
IO_Language_Conformance.Input_Output_Language_Conformance
AutoCorres2.Chapter3_HoareHeap
AutoCorres2.Apply_Trace_Cmd
AutoCorres2.Chapter1_MinMax
AutoCorres2.Chapter2_HoareHeap
AutoCorres2.CTranslationInfrastructure
AutoCorres2.AutoCorres_Documentation
AutoCorres2.Eisbach_Methods
PAPP_Impossibility.PAPP_Impossibility
HyperCTL.HyperCTL
Isabelle_DOF.Isabelle_DOF_Manual
Isabelle_DOF.ontologies
RSAPSS.RSAPSS
Aristotles_Assertoric_Syllogistic.AristotlesAssertoric
SCC_Bloemen_Sequential.SCC_Bloemen_Sequential
Inductive_Inference.Union
Inductive_Inference.LIM_BC
Key_Agreement_Strong_Adversaries.dhlvl3_symmetric
Key_Agreement_Strong_Adversaries.pfslvl3_asymmetric
Key_Agreement_Strong_Adversaries.pfslvl3_symmetric
Key_Agreement_Strong_Adversaries.sklvl3_asymmetric
Key_Agreement_Strong_Adversaries.sklvl3_symmetric
Key_Agreement_Strong_Adversaries.dhlvl3_asymmetric
CSP_RefTK.Introduction
CSP_RefTK.CopyBuffer_props
CSP_RefTK.Conclusion
FocusStreamsCaseStudies.JoinSplitTime
FocusStreamsCaseStudies.Gateway_proof
FocusStreamsCaseStudies.SteamBoiler_proof
FocusStreamsCaseStudies.FR_proof
Solidity.Constant_Folding
Solidity.Reentrancy
Solidity.Compile_Evaluator
WorkerWrapper.UnboxedNats
WorkerWrapper.Continuations
WorkerWrapper.Nub
WorkerWrapper.Last
WorkerWrapper.Backtracking
WorkerWrapper.Accumulator
WorkerWrapper.Streams
Combinatorics_Words.Border_Array
MLSSmf_to_MLSS.MLSS_Decidable
MLSSmf_to_MLSS.MLSSmf_to_MLSS_Correctness
MLSSmf_to_MLSS.MLSSmf_to_MLSS_Complexity
IsaGeoCoq.Hilbert_Neutral_2D_Model_Tarski_Neutral_2D
IsaGeoCoq.Tarski_Neutral_Archimedes_Continuity
IsaGeoCoq.Tarski_Euclidean_Model_Hilbert_Euclidean
IsaGeoCoq.Tarski_Neutral_2D_Model_Hilbert_Neutral_2D
IsaGeoCoq.Hilbert_Neutral_Model_Tarski_Neutral
IsaGeoCoq.Gupta_Neutral_Model_Tarski_Neutral
IsaGeoCoq.Gupta_Neutral_2D_Model_Tarski_Neutral_2D
IsaGeoCoq.Tarski_Neutral_Continuity_2D
IsaGeoCoq.Highschool_Euclidean_2D
IsaGeoCoq.Gupta_Euclidean_Model_Tarski_Euclidean
IsaGeoCoq.Hilbert_Neutral_3D_Model_Tarski_Neutral_3D
IsaGeoCoq.Hilbert_Euclidean_Model_Tarski_Euclidean
IsaGeoCoq.Tarski_Euclidean_Model_Gupta_Euclidean
IsaGeoCoq.Tarski_Non_Euclidean_Archimedean
IsaGeoCoq.Tarski_Neutral_2D_Model_Gupta_Neutral_2D
IsaGeoCoq.Tarski_Euclidean_2D_Continuous
Knights_Tour.KnightsTour
Verified-Prover.Prover
Edwards_Elliptic_Curves_Group.Edwards_Elliptic_Curves_Group
Impossible_Geometry.Impossible_Geometry
Superposition_Calculus.Untyped_Superposition_Completeness
Superposition_Calculus.Ground_Superposition_Soundness
Superposition_Calculus.Untyped_Superposition_Soundness
Root_Balanced_Tree.Root_Balanced_Tree_Tab
Dependent_SIFUM_Refinement.Eg1RefinementTrivial
Dependent_SIFUM_Refinement.EgHighBranchRevC
Dependent_SIFUM_Refinement.Eg1Eg2RefinementSimple
Taylor_Models.Float_Topology
Taylor_Models.Experiments
Suppes_Theorem.Suppes_Theorem
Bicategory.Modification
Bicategory.BicategoryOfSpans
Bicategory.CatBicat
Approximation_Algorithms.Center_Selection
Approximation_Algorithms.Approx_VC_Hoare
Approximation_Algorithms.Approx_SC_Hoare
Approximation_Algorithms.Approx_BP_Hoare
Approximation_Algorithms.Approx_MIS_Hoare
Approximation_Algorithms.Approx_LB_Hoare
Shivers-CFA.AbsCFComp
Shivers-CFA.ExCFSV
Shivers-CFA.Eval
Shivers-CFA.AbsCFCorrect
Category_Set.ETCS
Consensus_Refined.CT_Proofs
Consensus_Refined.Ate_Proofs
Consensus_Refined.BenOr_Proofs
Consensus_Refined.OneThirdRule_Proofs
Consensus_Refined.Paxos_Proofs
Consensus_Refined.New_Algorithm_Proofs
Consensus_Refined.Uv_Proofs
Automated_Stateful_Protocol_Verification.manual
Topological_Semantics.logics_LFU
Topological_Semantics.logics_operators
Topological_Semantics.logics_LFI
Topological_Semantics.logics_negation
HOL-CSP_OpSem.Introduction
HOL-CSP_OpSem.Motivations
HOL-CSP_OpSem.Comparison_He_Hoare
HOL-CSP_OpSem.Recovered_Laws
HOL-CSP_OpSem.Conclusion
Irrationals_From_THEBOOK.Irrationals_From_THEBOOK
HOL-Imperative_HOL.Imperative_HOL_ex
HOL-Imperative_HOL.Congproc_Ex
HOL-Induct.Term
HOL-Induct.Infinitely_Branching_Tree
HOL-Induct.QuoNestedDataType
HOL-Induct.ABexp
HOL-Induct.PropLog
HOL-Induct.SList
HOL-Induct.Ordinals
HOL-Induct.Nested_Datatype
HOL-Induct.QuoDataType
HOL-Induct.Com
HOL-Induct.Comb
HOL-Induct.Sigma_Algebra
No_Free_Lunch_ML.No_Free_Lunch_ML
VolpanoSmith.Execute
Lorenz_C1.Lorenz_C1
Containers.Card_Datatype_Ex
Containers.Containers_Userguide
Containers.Compatibility_Containers_Regular_Sets
Containers.Containers_TwoSat_Ex
Containers.Map_To_Mapping_Ex
Rewriting_Z.CL_Z
Rewriting_Z.Lambda_Z
Naproche.Build
OpSets.List_Spec
OpSets.Interleaving
OpSets.RGA
Alpha_Beta_Pruning.TicTacToe
Alpha_Beta_Pruning.Alpha_Beta_Overview
pGCL.Primitives
pGCL.Monty
Quasi_Borel_Spaces.Bayesian_Linear_Regression
Q0_Metatheory.Consistency
Isabelle-Solidity.Token
Isabelle-Solidity.Voting
Isabelle-Solidity.SimpleAuction
Isabelle-Solidity.Casino
Isabelle-Solidity.Bank
Van_der_Waerden.Van_der_Waerden
CVP_Hardness.CVP_vec
CVP_Hardness.SVP_vec
CVP_Hardness.CVP_p
Deep_Learning.DL_Fundamental_Theorem_Network_Capacity
Nullstellensatz.Nullstellensatz_Field
Password_Authentication_Protocol.Protocol
MDP-Algorithms.PI_Code_Export_Rat
MDP-Algorithms.MPI_Code_Export_Rat
MDP-Algorithms.PI_Code_Export_Float
MDP-Algorithms.GS_Code_Export_Rat
MDP-Algorithms.Fin_Code_Export_Float
MDP-Algorithms.Fin_Code_Export_Rat
MDP-Algorithms.VI_Code_Export_Float
MDP-Algorithms.GS_Code_Export_Float
MDP-Algorithms.VI_Code_Export_Rat
MDP-Algorithms.MPI_Code_Export_Float
Free-Groups.Isomorphisms
Interval_Analysis.Interval_Analysis
Interval_Analysis.Extended_Interval_Analysis
Interval_Analysis.Extended_Multi_Interval_Analysis
IOA-ex.TrivEx
IOA-ex.TrivEx2
Regex_Equivalence.Benchmark
Safe_Distance.Evaluation
Safe_Distance.Safe_Distance_Reaction
ML_Unification.Unification_Attributes
ML_Unification.Unification_Tactics
ML_Unification.ML_Utils
Efficient-Mergesort.Natural_Mergesort
Efficient-Mergesort.Mergesort_Complexity
Clique_and_Monotone_Circuits.Clique_Large_Monotone_Circuits
SIFPL.ContextOBJ
SIFPL.ContextVS
SIFPL.HuntSands
Lowe_Ontological_Argument.LoweOntologicalArgument_6
Lowe_Ontological_Argument.LoweOntologicalArgument_2
Lowe_Ontological_Argument.LoweOntologicalArgument_7
Lowe_Ontological_Argument.LoweOntologicalArgument_1
Lowe_Ontological_Argument.LoweOntologicalArgument_3
Lowe_Ontological_Argument.LoweOntologicalArgument_4
Lowe_Ontological_Argument.LoweOntologicalArgument_5
HOL-Types_To_Sets.Finite
HOL-Types_To_Sets.Unoverload_Def
HOL-Types_To_Sets.T2_Spaces
Stewart_Apollonius.Stewart_Apollonius
Fixed_Length_Vector.Fixed_Length_Vector
Proof_Terms_Term_Rewriting.Redex_Patterns
Simpl.Simpl
HOL-Hoare.README
HOL-Hoare.SchorrWaite
HOL-Hoare.Pointers0
HOL-Hoare.Separation
Optimal_BST.Optimal_BST_Memo
Optimal_BST.Optimal_BST_Code
HOL-TLA.README
Padic_Ints.Zp_Compact
Call_Arity.ArityTransformSafe
Call_Arity.NoCardinalityAnalysis
Call_Arity.TrivialArityAnal
Call_Arity.ArityAnalysisCorrDenotational
Call_Arity.SestoftCorrect
Call_Arity.CallArityEnd2EndSafe
Interval_Arithmetic_Word32.Interpreter
Jordan_Normal_Form.Matrix_Complexity
Jordan_Normal_Form.Matrix_Carrier_Impl
Jordan_Normal_Form.Strassen_Algorithm_Code
Elliptic_Curves_Group_Law.Elliptic_Axclass
Quantales.Quantale_Modules
Quantales.Quantale_Left_Sided
Well_Quasi_Orders.Wqo_Instances
Well_Quasi_Orders.Higman_OI
Well_Quasi_Orders.Wqo_Multiset
Executable_Randomized_Algorithms.Dice_Roll
Executable_Randomized_Algorithms.Basic_Randomized_Algorithms
HOL-Probability-ex.Dining_Cryptographers
HOL-Probability-ex.Measure_Not_CCC
HOL-Probability-ex.Koepf_Duermuth_Countermeasure
Generalized_Counting_Sort.Stability
Optics.Lens_State
Modal_Logics_for_NTS.L_Transform
Modal_Logics_for_NTS.FL_Bisimilarity_Implies_Equivalence
Modal_Logics_for_NTS.S_Transform
Modal_Logics_for_NTS.Expressive_Completeness
Factored_Transition_System_Bounding.Invariants
Factored_Transition_System_Bounding.AcycSspace
Interpreter_Optimizations.Std_to_Inca_compiler
Interpreter_Optimizations.Inca_to_Ubx_compiler
Interpreter_Optimizations.Env_list
Expander_Graphs.Expander_Graphs_Cheeger_Inequality
Stone_Kleene_Relation_Algebras.Kleene_Relation_Subalgebras
Nested_Multisets_Ordinals.Goodstein_Sequence
Nested_Multisets_Ordinals.Hydra_Battle
Nested_Multisets_Ordinals.Syntactic_Ordinal_Bridge
Nested_Multisets_Ordinals.McCarthy_91
Nested_Multisets_Ordinals.Unary_PCF
Chord_Segments.Chord_Segments
HOL-Matrix_LP.Cplex
SimplifiedOntologicalArgument.SimpleVariantSE
SimplifiedOntologicalArgument.KanckosLethenNo2Possibilist
SimplifiedOntologicalArgument.SimpleVariantHF
SimplifiedOntologicalArgument.SimpleVariantSEinT
SimplifiedOntologicalArgument.SimpleVariantPG
SimplifiedOntologicalArgument.SimplifiedOntologicalArgument
SimplifiedOntologicalArgument.SimpleVariant
SimplifiedOntologicalArgument.ScottVariant
SimplifiedOntologicalArgument.UFilterVariant
Aho_Corasick.Aho_Corasick
DOM_Components.Shadow_DOM_Components
Aggregation_Algebras.Linear_Aggregation_Algebras
Transition_Systems_and_Automata.DFA
Transition_Systems_and_Automata.NBTA_Combine
Transition_Systems_and_Automata.NFA
Transition_Systems_and_Automata.DBTA_Combine
Perron_Frobenius.Spectral_Radius_Theory
NREST.Refine_Foreach
Z_Toolkit.Z_Toolkit
Z_Toolkit.Z_Toolkit_Overview
Irrationality_J_Hancl.Irrationality_J_Hancl
Tail_Recursive_Functions.CaseStudy2
Tail_Recursive_Functions.Method
Tail_Recursive_Functions.CaseStudy1
Mostowski_Collapse.Mostowski_Collapse
Orient_Rewrite_Rule_Undecidable.KBO_Subterm_Coefficients_Undecidable
Orient_Rewrite_Rule_Undecidable.Delta_Poly_Termination_Undecidable
Hybrid_Multi_Lane_Spatial_Logic.Safety_Perfect
Hybrid_Multi_Lane_Spatial_Logic.Safety_Regular
Diophantine_Eqns_Lin_Hom.Solver_Code
Approximate_Model_Counting.CertCheck_CNF_XOR
Relational_Minimum_Spanning_Trees.Boruvka
Relational_Minimum_Spanning_Trees.Prim
Polygonal_Number_Theorem.Polygonal_Number_Theorem_Cauchy
Polygonal_Number_Theorem.Polygonal_Number_Theorem_Legendre
Integration.Failure
Integration.Integral
Abortable_Linearizable_Modules.Consensus
Abortable_Linearizable_Modules.Idempotence
LocalLexing.MainTheorems
Coupledsim_Contrasim.Coupledsim_Game_Delay
Coupledsim_Contrasim.Coupledsim_Fixpoint_Algo_Delay
Coupledsim_Contrasim.Contrasim_Word_Game
Coupledsim_Contrasim.Tau_Sinks
Coupledsim_Contrasim.Weak_HML_Contrasimulation
Differential_Dynamic_Logic.Differential_Dynamic_Logic
Typed_Ordered_Resolution.Untyped_Ordered_Resolution_Soundness
Typed_Ordered_Resolution.Ground_Ordered_Resolution_Soundness
Typed_Ordered_Resolution.Untyped_Ordered_Resolution_Completeness
Typed_Ordered_Resolution.Ordered_Resolution_Welltypedness_Preservation
RefinementReactive.Reactive
Conditional_Simplification.CS_Reference
CoSMed.Friend_Request
CoSMed.Friend_Traceback
CoSMed.Friend
CoSMed.Post_Visibility_Traceback
CoSMed.Post
InformationFlowSlicing.NonInterferenceWhile
Show.Show_Real_Impl
Prop_Compactness.Hall_Theorem_Graphs
Prop_Compactness.KoenigLemma
LLL_Basis_Reduction.LLL_Complexity
LLL_Basis_Reduction.FPLLL_Solver
Fermat3_4.Fermat3
Monomorphic_Monad.Interpreter
Monomorphic_Monad.Monad_Overloading
Regular_Tree_Relations.Horn_List
Regular_Tree_Relations.Myhill_Nerode
FOL_Harrison.FOL_Harrison
Elliptic_Functions.Weierstrass_Addition
Elliptic_Functions.Eisenstein_G2
Nominal_Myhill_Nerode.Nominal_Myhill_Nerode
Security_Protocol_Refinement.m3_kerberos4
Security_Protocol_Refinement.m3_nssk_par
Security_Protocol_Refinement.m3_kerberos_par
Security_Protocol_Refinement.m3_nssk
Security_Protocol_Refinement.m3_ds
Security_Protocol_Refinement.m3_enc
Security_Protocol_Refinement.m3_kerberos5
Security_Protocol_Refinement.m3_ds_par
Security_Protocol_Refinement.m3_sig
Coproduct_Measure.Coproduct_Measure_Additional
Physical_Quantities.BIS
Physical_Quantities.SI_Pretty
Physical_Quantities.SI_Astronomical
Progress_Tracking.Exchange_Abadi
Progress_Tracking.Combined
Concentrated_Liquidity_Market_Making_Operations.CLMM_Transformation
Mission_Time_LTL_Formula_Progression.MLTL_Formula_Progression
Simplicial_complexes_and_boolean_functions.BDD
Simplicial_complexes_and_boolean_functions.Binary_operations
CCS.Weak_Cong_Pres
KBPs.KBPs_Main
TLA.Inc
TLA.Buffer
TLA.Even
Discrete-UCB.Discrete_UCB_Step3
HOL-Auth.Auth_Shared
HOL-Auth.README
HOL-Auth.README_Guard
HOL-Auth.Auth_Guard_Public
HOL-Auth.Auth_Guard_Shared
HOL-Auth.Auth_Public
HOL-Auth.Auth_Smartcard
MiniML.W
WebAssembly.Wasm_Soundness
WebAssembly.Wasm_Printing
WebAssembly.Wasm_Interpreter_Printing_Pure
WebAssembly.Wasm_Checker_Properties
TortoiseHare.Brent
TortoiseHare.TortoiseHare
Isabelle_C.README
Isabelle_C.C_Appendices
Abstract-Hoare-Logics.PsHoareTotal
Abstract-Hoare-Logics.PHoareTotal
Abstract-Hoare-Logics.HoareTotal
Sigmoid_Universal_Approximation.Sigmoid_Universal_Approximation
HOLCF.HOLCF
HOLCF.README
HOL-SPARK-Manual.Complex_Types
HOL-SPARK-Manual.Reference
HOL-SPARK-Manual.VC_Principles
Network_Security_Policy_Verification.CryptoDB
Network_Security_Policy_Verification.MeasrDroid
Network_Security_Policy_Verification.ML_GraphViz_Disable
Network_Security_Policy_Verification.SINVAR_Subnets2
Network_Security_Policy_Verification.TopoS_generateCode
Network_Security_Policy_Verification.Imaginary_Factory_Network
Network_Security_Policy_Verification.Impl_List_Playground
Network_Security_Policy_Verification.Network_Security_Policy_Verification
Network_Security_Policy_Verification.Impl_List_Playground_statefulpolicycompliance
Network_Security_Policy_Verification.SINVAR_BLPstrict
Network_Security_Policy_Verification.I8_SSH_Landscape
Network_Security_Policy_Verification.Analysis_Tainting
Network_Security_Policy_Verification.IDEM
Network_Security_Policy_Verification.Distributed_WebApp
Network_Security_Policy_Verification.attic
S_Finite_Measure_Monad.Query
S_Finite_Measure_Monad.Montecarlo
Rewrite_Properties_Reduction.Ground_Reduction_on_LLRG
Rewrite_Properties_Reduction.Ground_Reduction_on_GTRS
Rewrite_Properties_Reduction.Ground_Reduction_on_LV
FOL_Axiomatic.FOL_Axiomatic
FOL_Axiomatic.FOL_Axiomatic_Variant
HOL-CSP.MergeAnomaly
HOL-CSP.Conclusion
HOL-CSP.Introduction
Coinductive_Languages.Context_Free_Grammar
Coinductive_Languages.Coinductive_Regular_Set
SuffixArray.SACA_Equiv
SuffixArray.Code_Extraction
SuffixArray.Prefix_Util
PAC_Checker.PAC_Checker_MLton
PAC_Checker.PAC_Assoc_Map_Rel
Containers-Benchmarks.Benchmark_ICF
Containers-Benchmarks.Benchmark_Bool
Containers-Benchmarks.Benchmark_LC
Containers-Benchmarks.Benchmark_Set_Default
Containers-Benchmarks.Clauses
Containers-Benchmarks.Benchmark_Set_LC
Containers-Benchmarks.Benchmark_RBT
Containers-Benchmarks.Benchmark_Default
Generic_Deriving.Derive_Algebra_Laws
Generic_Deriving.Derive_Show
Generic_Deriving.Derive_Algebra
Generic_Deriving.Derive_Encode
Generic_Deriving.Derive_Eq_Laws
Generic_Deriving.Derive_Eq
CommCSL.NonInterference
Boustrophedon_Transform.Increasing_Binary_Trees
Registers.Laws_Complement
Registers.Misc
Registers.Quantum
Registers.Classical_Extra
Registers.Axioms_Quantum
Registers.Laws_Quantum
Registers.Quantum_Extra
Registers.QHoare
Registers.Teleport
Registers.Axioms_Complement_Quantum
Registers.Laws_Complement_Quantum
Registers.Check_Autogenerated_Files
Registers.Quantum_Extra2
Registers.Pure_States
Ramsey-Infinite.Ramsey
Architectural_Design_Patterns.Blockchain
Architectural_Design_Patterns.Blackboard
Turans_Graph_Theorem.Turan
Cube_Dissection.Cube_Dissection
HOL-Homology.Homology
Store_Buffer_Reduction.Text
Store_Buffer_Reduction.Preliminaries
CRDT.ORSet
CRDT.RGA
CRDT.Counter
Applicative_Lifting.Idiomatic_Terms
Applicative_Lifting.Applicative_Functor
Incredible_Proof_Machine.Incredible_Propositional_Tasks
Incredible_Proof_Machine.Incredible_Everything
Incredible_Proof_Machine.Incredible_Predicate_Tasks
FileRefinement.FileRefinement
Parity_Game.Graph_TheoryCompatibility
Parity_Game.AttractorInductive
Parity_Game.PositionalDeterminacy
Presburger-Automata.Exec
Graph_Algorithms.BFS_2
Graph_Algorithms.DFS
Transport.HOL_Basics
Transport.HOL_Algebra_Alignments
Transport.Transport_Typedef
Transport.HOL_Syntax_Bundles
Transport.HOL_Alignments
Transport.Transport_Via_Partial_Galois_Connections_Equivalences_Paper
Minimal_SSA.Irreducible
HRB-Slicing.HRBSlicing
PNT_with_Remainder.PNT_Notation
PNT_with_Remainder.PNT_Remainder_Library
PNT_with_Remainder.PNT_Complex_Analysis_Lemmas
PNT_with_Remainder.PNT_Subsummable
PNT_with_Remainder.Zeta_Zerofree
PNT_with_Remainder.Perron_Formula
PNT_with_Remainder.Relation_of_PNTs
PNT_with_Remainder.PNT_with_Remainder
Chandy_Lamport.Co_Snapshot
Weight_Balanced_Trees.Weight_Balanced_Trees_log
Weight_Balanced_Trees.Weight_Balanced_Trees
Sturm_Sequences.Sturm_Ex
Sturm_Sequences.Sturm_Library_Document
Munta_Certificate_Checker.Lasso_Freeness_Certificates_Complete
Munta_Certificate_Checker.TA_Simulation
Munta_Certificate_Checker.Normalized_Zone_Semantics_Certification_Impl2
Stable_Matching.Sotomayor
Stable_Matching.Strategic
Stable_Matching.Bossiness
HereditarilyFinite.Finite_Automata
Stream-Fusion.StreamFusion
Cauchy.CauchySchwarz
BNF_Operations.Compose
BNF_Operations.N2M
BNF_Operations.GFP
BNF_Operations.LFP
BNF_Operations.Lift
BNF_Operations.Kill
BNF_Operations.Permute
HOL-Computational_Algebra.Computation_Checks
LTL_Normal_Form.Normal_Form_Code_Export
LTL_Normal_Form.Normal_Form_Complexity
MFOTL_Monitor.Slicing
Randomized_Closest_Pair.Randomized_Closest_Pair_Time
LightweightJava.Lightweight_Java_Proof
Multitape_To_Singletape_TM.Multi_Single_TM_Translation
Completeness_Decreasing_Diagrams_for_N1.Main_Result_DCR_N1
Completeness_Decreasing_Diagrams_for_N1.DCR3_Optimality
Allen_Calculus.nest
Restriction_Spaces-HOLCF.Restriction_Spaces-HOLCF
HOL-Decision_Procs.Decision_Procs
Galois_Energy_Games.Natural_Galois_Energy_Game
IMP_Compiler_Reuse.Compiler2
Algebraic_VCs.KAD_is_KAT
Algebraic_VCs.Domain_Quantale
Algebraic_VCs.VC_KAT_scratch
Algebraic_VCs.VC_KAD_scratch
Goedel_HFSet_Semanticless.Instance
Picks_Theorem.Pick
Three_Circles.Three_Circles
Nominal2.Atoms
Nominal2.Eqvt
HOL-Algebra.README
Neumann_Morgenstern_Utility.Expected_Utility
Automatic_Refinement.Param_Chapter
Automatic_Refinement.Autoref_Chapter
Belief_Revision.AGM_Revision
VYDRA_MDL.Metric_Point_Structure
VYDRA_MDL.Timestamp_Lex
VYDRA_MDL.Timestamp_Prod
VYDRA_MDL.Monitor_Code
FOL_Seq_Calc2.Export
FOL_Seq_Calc2.Results
Knuth_Morris_Pratt.KMP
AWN.Toy
AWN.AWN_Term_Graph
Delta_System_Lemma.Konig
Delta_System_Lemma.Cohen_Posets
Padic_Field.Padic_Semialgebraic_Function_Ring
Hahn_Jordan_Decomposition.Hahn_Jordan_Decomposition
Decl_Sem_Fun_PL.EquivDenotInterTypes
Decl_Sem_Fun_PL.SystemF
Decl_Sem_Fun_PL.Optimizer
Decl_Sem_Fun_PL.DeclSemAsNDInterpFSet
Decl_Sem_Fun_PL.MutableRefProps
Decl_Sem_Fun_PL.EquivRelationalDenotFSet
Metalogic_ProofChecker.CodeGen
CryptHOL.List_Bits
CryptHOL.Generat
CryptHOL.Resumption
CryptHOL.Generative_Probabilistic_Value
CryptHOL.GPV_Applicative
CryptHOL.Computational_Model
CryptHOL.GPV_Expectation
CryptHOL.GPV_Bisim
CryptHOL.CryptHOL
Kolmogorov_Chentsov.Kolmogorov_Chentsov
Echelon_Form.Cayley_Hamilton_Compatible
Echelon_Form.Echelon_Form
Echelon_Form.Echelon_Form_Det
Echelon_Form.Echelon_Form_Inverse
Echelon_Form.Echelon_Form_IArrays
Echelon_Form.Echelon_Form_Det_IArrays
Echelon_Form.Code_Cayley_Hamilton_IArrays
Echelon_Form.Code_Cayley_Hamilton
Echelon_Form.Echelon_Form_Inverse_IArrays
EdmondsKarp_Maxflow.Edka_Benchmark_Export
ConcurrentIMP.CIMP_unbounded_buffer
ConcurrentIMP.CIMP_locales
ConcurrentIMP.CIMP_one_place_buffer
Myhill-Nerode.Non_Regular_Languages
Myhill-Nerode.Closures2
Incompleteness.Loebs_Theorem
Concentration_Inequalities.Cantelli_Inequality
Concentration_Inequalities.Efron_Stein_Inequality
Concentration_Inequalities.Bennett_Inequality
Smooth_Manifolds.Sphere
Smooth_Manifolds.Projective_Space
Iptables_Semantics.Iptables_Semantics
Iptables_Semantics.Documentation
Iptables_Semantics.Alternative_Semantics
Iptables_Semantics.Negation_Type_DNF
Iptables_Semantics.Semantics_Stateful
Iptables_Semantics.Code_haskell
No_FTL_observers_Gen_Rel.NoFTLGR
LTL_Master_Theorem.Asymmetric_Master_Theorem
LTL_Master_Theorem.Code_Export
CISC-Kernel.Link_separation_kernel_model_to_CISK
VeriComp.Fixpoint
Hilbert_Basis.Formal_Power_Series_Ring
Hilbert_Basis.Hilbert_Basis_Introduction
Wieferich_Kempner.Wieferich_Kempner
IMO2019.IMO2019_Q1
IMO2019.IMO2019_Q4
IMO2019.IMO2019_Q5
Game_Based_Crypto.Pseudo_Random_Function
Game_Based_Crypto.IND_CCA2
Game_Based_Crypto.PRF_UHF
Game_Based_Crypto.CryptHOL_Tutorial
Game_Based_Crypto.Diffie_Hellman
Game_Based_Crypto.Pseudo_Random_Permutation
Game_Based_Crypto.RP_RF
Game_Based_Crypto.IND_CPA
Game_Based_Crypto.PRF_IND_CPA
Game_Based_Crypto.SUF_CMA
Game_Based_Crypto.IND_CPA_PK
Game_Based_Crypto.Guessing_Many_One
Game_Based_Crypto.Unpredictable_Function
Game_Based_Crypto.IND_CCA2_sym
Game_Based_Crypto.PRF_UPF_IND_CCA
Game_Based_Crypto.IND_CPA_PK_Single
Game_Based_Crypto.Elgamal
Game_Based_Crypto.Security_Spec
Game_Based_Crypto.Hashed_Elgamal
Game_Based_Crypto.Cryptographic_Constructions
Game_Based_Crypto.Game_Based_Crypto
Types_To_Sets_Extension.VS_Conclusions
Types_To_Sets_Extension.ETTS_CR
Types_To_Sets_Extension.FNDS_Conclusions
Types_To_Sets_Extension.SML_Conclusions
LambdaAuth.Results
Computational_pAdics.More_pAdic_Product
Priority_Queue_Braun.Priority_Queue_Braun2
Priority_Queue_Braun.Sorting_Braun
HOL-Real_Asymp.Real_Asymp_Approx
Prime_Distribution_Elementary.Selberg_Asymptotic_Formula
Prime_Distribution_Elementary.Summatory_Divisor_Sigma_Bounds
Flyspeck-Tame-Computation.Completeness
Berlekamp_Zassenhaus.Hensel_Lifting_Type_Based
Berlekamp_Zassenhaus.Factorization_External_Interface
Lebesgue_Stieltjes_Integral.Lebesgue_Stieltjes_Integral
Koenigsberg_Friendship.FriendshipTheory
Koenigsberg_Friendship.KoenigsbergBridge
FLP.FLPExistingSystem
Rogers_Ramanujan.Rogers_Ramanujan
ProcessComposition.CopyableElimination
Word_Lib.Guide
Multiset_Ordering_NPC.RPO_NP_Hard
Multiset_Ordering_NPC.Multiset_Ordering_in_NP
ResiduatedTransitionSystem2.RTSCat_Interp
ResiduatedTransitionSystem2.CategoryOfTransitions
ResiduatedTransitionSystem2.RTSEnrichedCategory
ABY3_Protocols.Additive_Sharing
ABY3_Protocols.Spmf_Common
ABY3_Protocols.Sharing_Lemmas
ABY3_Protocols.Multiplication
ABY3_Protocols.Multiplication_Synthesization
ABY3_Protocols.Shuffle
HOL-Hoare_Parallel.Hoare_Parallel
Hello_World.HelloWorld_Proof
Hello_World.RunningCodeFromIsabelle
Goedel_HFSet_Semantic.Instance
HOL-Real_Asymp-Manual.Real_Asymp_Doc
Tarskis_Geometry.Hyperbolic_Tarski
Density_Compiler.PDF_Compiler
Abstract_Soundness.Infinite_Proof_Soundness
Imperative_Insertion_Sort.Imperative_Insertion_Sort
Markov_Models.MDP_RP_Certification
Markov_Models.Crowds_Protocol
Markov_Models.Gossip_Broadcast
Markov_Models.MDP_RP
Markov_Models.PGCL
Markov_Models.PCTL
Markov_Models.Zeroconf_Analysis
HOLCF-FOCUS.Fstreams
HOLCF-FOCUS.Buffer_adm
Robinson_Arithmetic.Instance
MFODL_Monitor_Optimized.Monitor_Code
Maximum_Segment_Sum.Maximum_Segment_Sum
HOL-Hahn_Banach.Hahn_Banach
Statecharts.CarAudioSystem
HyperHoareLogic.PaperResults
Grothendieck_Schemes.Scheme
IOA-Storage.Correctness
InformationFlowSlicing_Inter.LiftingInter
HOLCF-Tutorial.Domain_ex
HOLCF-Tutorial.New_Domain
HOLCF-Tutorial.Fixrec_ex
Euler_Partition.Euler_Partition
Extended_Finite_State_Machine_Inference.Code_Generation
Intro_Dest_Elim.IDE_Reference
Native_Word.Uint_Userguide
Native_Word.Native_Word_Imperative_HOL
RG_Locks.Lock_Circular_Buffer
RG_Locks.Lock_Ticket
Noninterference_Generic_Unwinding.GenericUnwinding
RIPEMD-160-SPARK.RIPEMD_160_SPARK
Binding_Syntax_Theory.Semantic_Domains
Binding_Syntax_Theory.Recursion
Complx.SumArr
Arbitrage_Probability_Correspondence.Arbitrage_Probability_Correspondence
Auto2_HOL.Pelletier
Auto2_HOL.Primes_Ex
QBF_Solver_Verification.SolverExport
Hood_Melville_Queue.Hood_Melville_Queue
Inductive_Confidentiality.Knowledge
Inductive_Confidentiality.ConfidentialityGA
Inductive_Confidentiality.ConfidentialityDY
ComponentDependencies.DataDependenciesCaseStudy
SDS_Impossibility.SDS_Impossibility
Roy_Floyd_Warshall.Roy_Floyd_Warshall
Noninterference_CSP.GeneralizedNoninterference
Psi_Calculi.Tau_Laws_No_Weak
Psi_Calculi.Weak_Bisim_Subst
Psi_Calculi.Tau_Laws_Weak
Sort_Encodings.Encodings
Zip_Benchmarks.GCD
Zip_Benchmarks.Tree234_Set
Zip_Benchmarks.Filter
Zip_Benchmarks.Word
Zip_Benchmarks.Binomial
Zip_Benchmarks.Limits
Zip_Benchmarks.Set
Zip_Benchmarks.Finite_Set
Zip_Benchmarks.Deriv
Zip_Benchmarks.List
Projective_Geometry.Pappus_Desargues
Projective_Geometry.Higher_Projective_Space_Axioms
Projective_Geometry.Projective_Space_Axioms
Projective_Geometry.Desargues_3D
Projective_Geometry.Desargues_2D
First_Welfare_Theorem.Private_Ownership_Economy
First_Welfare_Theorem.Arrow_Debreu_Model
First_Welfare_Theorem.Exchange_Economy
Nagata-Factoriality.Nagata_Factoriality
Splay_Tree.Splay_Map
Zippy.ML_ITypeclasses
Zippy.Zippy_Paper
Zippy.ML_Typeclasses
Regular-Sets.Equivalence_Checking2
Regular-Sets.pEquivalence_Checking
Regular-Sets.Regexp_Constructions
Dict_Construction.Impossibility
Dict_Construction.Termination
Dict_Construction.Introduction
Multi_Party_Computation.ETP
Multi_Party_Computation.OT_Functionalities
Multi_Party_Computation.Semi_Honest_Def
Multi_Party_Computation.Cyclic_Group_Ext
Multi_Party_Computation.ETP_OT
Multi_Party_Computation.DH_Ext
Multi_Party_Computation.Uniform_Sampling
Multi_Party_Computation.ETP_RSA_OT
Multi_Party_Computation.Secure_Multiplication
Multi_Party_Computation.OT14
Multi_Party_Computation.GMW
Multi_Party_Computation.Noar_Pinkas_OT
Multi_Party_Computation.Malicious_Defs
Multi_Party_Computation.Malicious_OT
AOT.AOT_misc
Transitive-Closure-II.RTrancl
Poincare_Disc.Poincare_Perpendicular
Continued_Fractions.Continued_Fraction_Approximation
Continued_Fractions.E_CFrac
Pop_Refinement.General_Remarks
Pop_Refinement.Definition
Pop_Refinement.Future_Work
Pop_Refinement.Related_Work
LambdaMu.Progress
LambdaMu.Peirce
SATSolverVerification.BasicDPLL
SATSolverVerification.KrsticGoel
SATSolverVerification.NieuwenhuisOliverasTinelli
SATSolverVerification.FunctionalImplementation
Multirelations_Heterogeneous.Multirelations
IMP2.IMP2_from_IMP
IMP2.Quickstart_Guide
Separation_Logic_Unbounded.AutomaticVerifiers
Relational_Paths.Path_Algorithms
Lorenz_C0.Lorenz_C0
Chebyshev_Polynomials.Chebyshev_Polynomials
Comparison_Sort_Lower_Bound.Comparison_Sort_Lower_Bound
Actuarial_Mathematics.Interest
Kleene_Algebra.Matrix
Kleene_Algebra.Omega_Algebra_Models
Kleene_Algebra.Formal_Power_Series
Sauer_Shelah_Lemma.Sauer_Shelah_Lemma
HOL-TLA-Memory.MemoryImplementation
Algebraic_Numbers.Show_Real_Approx
Algebraic_Numbers.Algebraic_Numbers_External_Code
SenSocialChoice.May
SenSocialChoice.Sen
SenSocialChoice.Arrow
IEEE_Floating_Point.Double
IEEE_Floating_Point.IEEE_Single_NaN_SMTLIB
Crypto_Standards.Crypto_Standards
Hypergraph_Colourings.Hypergraph_Colourings_Root
ArrowImpossibilityGS.Arrow_Utility
ArrowImpossibilityGS.GS
Buildings.Building
MFMC_Countable.Rel_PMF_Characterisation_MFMC
MFMC_Countable.Max_Flow_Min_Cut_Countable
CAVA_LTL_Modelchecker.All_Of_CAVA_LTL_Modelchecker
CAVA_LTL_Modelchecker.Mulog
Transitive-Closure.Transitive_Closure_RBT_Impl
Transitive-Closure.Finite_Transitive_Closure_Simprocs
SC_DOM_Components.Shadow_DOM_SC_DOM_Components
Prim_Dijkstra_Simple.Prim_Impl
Prim_Dijkstra_Simple.Dijkstra_Impl
Prim_Dijkstra_Simple.Chapter_Prim
Prim_Dijkstra_Simple.Chapter_Dijkstra
Restriction_Spaces-Ultrametric
Diagonal_Ramsey.The_Proof
Directed_Sets.Directed_Completeness
Mission_Time_LTL_Language_Partition.MLTL_Language_Partition_Proof
Mission_Time_LTL_Language_Partition.MLTL_Language_Partition_Codegen
Serializable.Serializable
Selection_Heap_Sort.SelectionSort_Functional
Selection_Heap_Sort.HeapImperative
Selection_Heap_Sort.HeapFunctional
Eudoxus_Reals.Eudoxus
Lifting_the_Exponent.LTE
MiniSail.MiniSail
Relational_Divisibility.Relational_Divisibility
Relational_Divisibility.Mono_Atomic
Knot_Theory.Knot_Theory
Two_Way_DFA_HF.Two_Way_DFA_HF
Factor_Algebraic_Polynomial.Factor_Real_Poly
Separation_Algebra.Separation_D
Separation_Algebra.Sep_Eq
PLM.Thesis
Doob_Convergence.Doob_Convergence
Gaussian_Integers.Gaussian_Integers_Everything
C2KA_DistributedSystems.Communication_C2KA
Modular_Assembly_Kit_Security.PropertyLibrary
Modular_Assembly_Kit_Security.CompositionalityResults
Modular_Assembly_Kit_Security.UnwindingResults
Modular_Assembly_Kit_Security.SecureSystems
Modular_Assembly_Kit_Security.FlowPolicies
Linear_Programming.Linear_Programming
Fisher_Yates.Fisher_Yates
Quantum_Fourier_Transform.QFT
Simple_Firewall.Shadowed
HOL-MicroJava.MicroJava
Arith_Prog_Rel_Primes.Arith_Prog_Rel_Primes
FOL_Seq_Calc3.Result
FOL_Seq_Calc3.Export
Ergodic_Theory.Normalizing_Sequences
Ergodic_Theory.Gouezel_Karlsson
Ergodic_Theory.Kohlberg_Neyman_Karlsson
Combinatorics_Words_Lyndon.Lyndon_Addition
Workflow_Net_Fitness_Measures.DefinitionCorrectness
IMP_Noninterference_Extension.Correctness_Theorem
Set_Reconciliation.Set_Reconciliation
Negative_Association.Negative_Association_Chernoff_Bounds
Negative_Association.Negative_Association_Bloom_Filters
CVM_Distinct_Elements.CVM_Abstract_Algorithm
CVM_Distinct_Elements.CVM_New_Unbiased_Algorithm
CVM_Distinct_Elements.CVM_Original_Algorithm
OmegaCatoidsQuantales.Two_Catoid_Collapse
OmegaCatoidsQuantales.Two_Catoid_Lifting
OmegaCatoidsQuantales.Omega_Catoid_Lifting
Archimedes_Cattle.Archimedes_Cattle
Abel_Limit_Theorem.Binomial_Sqrt_Series_Boundary
Bounded_Deducibility_Security.Bounded_Deducibility_Security
Topological_Groups.Matrix_Group
Weighted_Path_Order.Executable_Orders
Weighted_Path_Order.KBO_as_WPO
Furstenberg_Topology.Furstenberg_Topology
PSemigroupsConvolution.Unary_Modalities
PSemigroupsConvolution.Partial_Semigroup_Models
PSemigroupsConvolution.Partial_Semigroup_Lifting
Fishburn_Impossibility.Fishburn_Impossibility
Frequency_Moments.Frequency_Moment_k
Frequency_Moments.Frequency_Moment_0
Frequency_Moments.Frequency_Moment_2
Frequency_Moments.Tutorial_Pseudorandom_Objects
ADS_Functor.Canton_Transaction_Tree
ADS_Functor.Generic_ADS_Construction
Wooley_Elementary_Discrete_Inequality.Wooley_Elementary_Discrete_Inequality
LTL_to_GBA.All_Of_LTL_to_GBA
CoSMeDis.Outer_Friend_All
CoSMeDis.Post_All
CoSMeDis.Friend_All
CoSMeDis.Friend_Request_All
HOLCF-Library.HOL_Cpo
HOLCF-Library.HOLCF_Library
Order_Lattice_Props.Order_Lattice_Props_Wenzel
Order_Lattice_Props.Order_Lattice_Props_Loc
Order_Lattice_Props.Representations
Difference_Bound_Matrices.DBM_Constraint_Systems
Fresh_Identifiers.Fresh_Infinite
Fresh_Identifiers.Fresh_Int
AxiomaticCategoryTheory.AxiomaticCategoryTheory
Lower_Semicontinuous.Lower_Semicontinuous
DiskPaxos.DiskPaxos
Separata.Separata
Simple_Clause_Learning.SCL_FOL
Simple_Clause_Learning.Correct_Termination
Simple_Clause_Learning.Invariants
Simple_Clause_Learning.Initial_Literals_Generalize_Learned_Literals
Simple_Clause_Learning.Non_Redundancy
Simple_Clause_Learning.Termination
Simple_Clause_Learning.Completeness
Card_Equiv_Relations.Card_Partial_Equiv_Relations
Probabilistic_Prime_Tests.Solovay_Strassen_Test
Probabilistic_Prime_Tests.Fermat_Test
Probabilistic_Prime_Tests.Miller_Rabin_Test
Substitutions_Lambda_Free.Substitutions_Lambda_Free
Combinatorial_Enumeration_Algorithms.Combinatorial_Enumeration_Algorithms
HOL-Bali.AxSound
HOL-Bali.Trans
HOL-Bali.AxCompl
VerifyThis2019.Challenge1B
VerifyThis2019.Challenge3
VerifyThis2019.Challenge2B
Sophie_Germain.SG_Generalization
Sophie_Germain.SG_Introduction
PropResPI.Prime_Implicates
FeatherweightJava.Featherweight_Java
PAL.PAL
Hales_Jewett.Hales_Jewett
LOFT.RFC2544
LOFT.OpenFlow_Documentation
LOFT.OF_conv_test
Design_Theory.Design_Theory_Root
Ribbon_Proofs.Ribbons_Stratified
Ribbon_Proofs.Ribbons_Graphical_Soundness
Kruskal.UGraph_Impl
Kruskal.Graph_Definition_Impl
Forcing.Forcing_Main
Forcing.Rasiowa_Sikorski
Relational_Disjoint_Set_Forests.Matrix_Peano_Algebras
AutoCorres2_Main.AutoCorres_Nondet_Syntax
Functional_Ordered_Resolution_Prover.Executable_FO_Ordered_Resolution_Prover
Certification_Monads.Misc
Combinable_Wands.CombinableWands
Distributed_Distinct_Elements.Distributed_Distinct_Elements_Outer_Algorithm
HOL-TLA-Inc.Inc
Combinatorics_Words_Graph_Lemma.Graph_Lemma
Efficient_Weighted_Path_Order.RPO_Mem_Impl
Isabelle_hoops.BL_Chains
Finite_Fields.Finite_Fields_Isomorphic
MHComputation.MHComputation
ConcurrentGC.Proofs
ConcurrentGC.Concrete
Diophantine_Universal_Pairs.Eleven_Unknowns_Z
Diophantine_Universal_Pairs.Universal_Pairs
Two_Hermitian_Results.Misc_Matrix_Results
Two_Hermitian_Results.Cauchy_Eigenvalue_Interlacing
Two_Hermitian_Results.Sylvester_Criterion
Context_Free_Grammar.AnBn_Not_Regular
Context_Free_Grammar.CFL_Not_Intersection_Closed
Context_Free_Grammar.Right_Linear_Automata
Noninterference_Concurrent_Composition.ConcurrentComposition
SequentInvertibility.SequentInvertibility
Farey_Sequences.Farey_Ford
Topology.LList_Topology
Relation_Algebra.Relation_Algebra_Direct_Products
Relation_Algebra.Relation_Algebra_Models
HotelKeyCards.NewCard
HotelKeyCards.Equivalence
Kuratowski_Closure_Complement.KuratowskiClosureComplementTheorem
Buffons_Needle.Buffons_Needle
CYK.CYK
TsirelsonBound.Tsirelson
HOL-ZF.Games
Category2.MonadicEquationalTheory
Category2.Yoneda
Public_Announcement_Logic.PAL
Dominance_CHK.Dom_Kildall_Correct
Q0_Soundness.Q0
Q0_Soundness.HOLZF_Set_Theory
Q0_Soundness.ZFC_in_HOL_Set_Theory
SPARCv8.Sparc_Properties
SPARCv8.Sparc_Code_Gen
CoreC++.CoreC++
Randomised_BSTs.Randomised_BSTs
Secret_Directed_Unwinding.SD_Incomplete
Secret_Directed_Unwinding.SD_Incomplete_fin
Zeta_3_Irrational.Zeta_3_Irrational
FinFun.FinFunPred
Generalized_Cauchy_Davenport.Generalized_Cauchy_Davenport_main_proof
IOA-ABP.Correctness
IOA-ABP.Spec
Fourier.Fourier
Lambda_Free_KBOs.Lambda_Free_KBOs
Error_Function.Error_Function_Asymptotics
Promela.All_Of_Promela
Safe_Range_RC.Results
Lam-ml-Normalization.Lam_ml
FunWithFunctions.FunWithFunctions
Goedel_Incompleteness.All_Abstract
Rep_Fin_Groups.Rep_Fin_Groups
Ptolemys_Theorem.Ptolemys_Theorem
HOL-TPTP.TPTP_Proof_Reconstruction
HOL-TPTP.MaSh_Eval
HOL-TPTP.ATP_Problem_Import
HOL-TPTP.THF_Arith
HOL-TPTP.ATP_Theory_Export
Combinatorial_Nullstellensatz.Combinatorial_Nullstellensatz
Vickrey_Clarke_Groves.CombinatorialAuctionCodeExtraction
Vickrey_Clarke_Groves.FirstPrice
Stone_Relation_Algebras.Linear_Order_Matrices
Closest_Pair_Points.Closest_Pair
Closest_Pair_Points.Closest_Pair_Alternative
Treaps.Random_Treap
Zeckendorf.Zeckendorf
No_FTL_observers.SpecRel
POPLmark-deBruijn.POPLmarkRecordCtxt
POPLmark-deBruijn.POPLmark
POPLmark-deBruijn.Execute
HOL-CSP_Proc-Omata.Conclusion
HOL-CSP_Proc-Omata.Introduction
CHERI-C_Memory_Model.CHERI_C_Global_Environment
Modular_arithmetic_LLL_and_HNF_algorithms.Storjohann_Impl
Ceva.Ceva
Risk_Free_Lending.Risk_Free_Lending
Parallel_Shear_Sort.Parallel_Shear_Sort
HOL-Analysis-ex.Approximations
Cardinality_Continuum.Cardinality_Euclidean_Space
Weak_Spectroscopy.Weak_Traces
Weak_Spectroscopy.Silent_Step_Spectroscopy
Weak_Spectroscopy.Branching_Bisimilarity
Schoenhage_Strassen.Schoenhage_Strassen_TM
Resolution_FOL.Completeness_Instance
Kneser_Cauchy_Davenport.Kneser_Cauchy_Davenport_main_proofs
Dirichlet_Series.Dirichlet_Efficient_Code
Isabelle_Meta_Model.Rail
Iteration_Algebra.Iteration
General-Triangle.GeneralTriangle
Verified_SAT_Based_AI_Planning.Solve_SASP
Munta_Base.Tracing
Munta_Base.Normalized_Zone_Semantics_Impl_Extra
AnselmGod.AnselmGod
Perfect-Number-Thm.Perfect
Menger.Menger
Greibach_Normal_Form.Greibach_Normal_Form
Transitive_Union_Closed_Families.Transitive_Union_Closed_Families
Lovasz_Local.Lovasz_Local_Root
HOL-Proofs-ex.Hilbert_Classical
HOL-Proofs-ex.Proof_Terms
Abstract_Substitution.Substitution_HOL_ex_Unification
Stellar_Quorums.Stellar_Quorums
Conditional_Transfer_Rule.CTR_Reference
Conditional_Transfer_Rule.CTR_Introduction
Relational-Incorrectness-Logic.RelationalIncorrectness
Prime_Harmonic_Series.Prime_Harmonic
Complex_Geometry.Chordal_Metric
Program-Conflict-Analysis.MainResult
CZH_Universal_Constructions.CZH_UCAT_Conclusions
HOL-Prolog.Type
Nominal_Unification.NU
Cartan_FP.Cartan
First_Order_Rewriting.Rewrite_Relations_Impl
First_Order_Rewriting.Orthogonality
Relative_Security.Incomplete
Relative_Security.Incomplete_fin
Locally-Nameless-Sigma.Locally_Nameless_Sigma
SAT_Not_Const_Time.SAT_Not_Const_Time
Boolos_Curious_Inference_Automated.Boolos_Curious_Inference_Automated
Jordan_Hoelder.JordanHolder
Nano_JSON.Nano_JSON_Manual
Free-Boolean-Algebra.Free_Boolean_Algebra
Binomial-Queues.PQ_Implementation
Tree_Enumeration.Labeled_Tree_Enumeration
Tree_Enumeration.Rooted_Tree_Enumeration
Latin_Square.Latin_Square
Slicing.Slicing
IsaNet.All_Protocols
Stratified_Datalog.Very_Busy_Expressions
Stratified_Datalog.Live_Variables
Stratified_Datalog.Reachable_Nodes
Pre_Star_CFG.Pre_Star_CNF
Pre_Star_CFG.Finiteness
Category.Yoneda
Skip_Lists.Skip_List
Launchbury.EverythingAdequacy
Derangements.Derangements
Roth_Arithmetic_Progressions.Roth_Arithmetic_Progressions
Tree_Decomposition.TreewidthTree
GoedelGod.GoedelGod
LP_Duality.LP_Duality
Splitting_Framework.Lightweight_Avatar
Decreasing-Diagrams-II.Decreasing_Diagrams_II
Quantifier_Elimination_Hybrid.Hybrid_Multiv_Algorithm_Proofs
Foundation_of_geometry.Congruence
Relational_Method.Possibility
Paraconsistency.Paraconsistency_Validity_Infinite
Encodability_Process_Calculi.CombinedCriteria
FFT.FFT
HOL-Unix.Unix
HOL-Proofs-Lambda.Standardization
HOL-Proofs-Lambda.StrongNorm
Name_Carrying_Type_Inference.SimplyTyped
Hypergraph_Basics.Hypergraph_Basics_Root
Buchi_Complementation.Complementation_Build
CAVA_Automata.All_Of_CAVA_Automata
Lambda_Free_EPO.Lambda_Free_EPO
CRYSTALS-Kyber_Security.Lemmas_for_spmf
CRYSTALS-Kyber_Security.MLWE
CRYSTALS-Kyber_Security.Correct_new
CRYSTALS-Kyber_Security.Kyber_gpv_IND_CPA
CRYSTALS-Kyber_Security.Correct
Smith_Normal_Form.Mod_Type_Connect
QHLProver.Grover
GPU_Kernel_PL.Kernel_programming_language
Derandomization_Conditional_Expectations.Derandomization_Conditional_Expectations_Independent_Set
Robbins-Conjecture.Robbins_Conjecture
Source_Coding_Theorem.Source_Coding_Theorem
Complete_Non_Orders.Fixed_Points
HOL-IOA.Solve
SumSquares.FourSquares
SumSquares.TwoSquares
Oneway2Hiding.O2H_Additional_Lemmas
Oneway2Hiding.Definition_O2H
Oneway2Hiding.Unitary_S_prime
Oneway2Hiding.Unitary_S
Oneway2Hiding.More_Kraus_Maps
Oneway2Hiding.Run_Adversary
Oneway2Hiding.Limit_Process
Oneway2Hiding.Definition_Pure_O2H
Oneway2Hiding.Run_Pure_B
Oneway2Hiding.Run_Pure_B_count
Oneway2Hiding.Pure_O2H
Oneway2Hiding.Purification
Oneway2Hiding.Mixed_O2H
Oneway2Hiding.O2H_Theorem
Zeta_Function.Hadjicostas_Chapman
Multirelations.Multirelations
ProcessComposition_ILL.ProcessILL
Symmetric_Polynomials.Symmetric_Polynomials_Code
GewirthPGCProof.GewirthArgument
MLSS_Decision_Proc.MLSS_Proc_All
Dedekind_Real.Dedekind_Real
IFC_Tracking.PDG
GraphMarkingIBP.DSWMark
Independence_CH.Demonstrations
FOL_Seq_Calc1.Sequent2
CofGroups.CofGroups
Noninterference_Inductive_Unwinding.InductiveUnwinding
Mission_Time_LTL_to_Regular_Expression.Regex_Equivalence
Minsky_Machines.Minsky
Khovanskii_Theorem.Khovanskii
LTL3_Semantics.LTL3
Probabilistic_System_Zoo.Bool_Bounded_Set
Coinductive.Coinductive
Gauss_Sums.Polya_Vinogradov
Clean.Clean_Main
Regular_Algebras.Regular_Algebra_Models
Regular_Algebras.Regular_Algebra_Variants
Amicable_Numbers.Amicable_Numbers
Disintegration.Disintegration
StrictOmegaCategories.Pasting_Diagram
Binary_Code_Imprimitive.Binary_Imprimitive_Decision
BNF_CC.DDS
HOL-Analysis.Finite_Function_Topology
Dynamic_Tables.Tables_nat
Pushdown_Systems.Ex
HOL-SET_Protocol.SET_Protocol
Higher_Order_Terms.Lambda_Free_Compat
HOLCF-IMP.HoareEx
Pure.Sessions
Differential_Game_Logic.Differential_Game_Logic
Graph_Saturation.CombinedCorrectness
MonoidalCategory.FreeMonoidalCategory
Ordinal.Ordinal
Gale_Shapley.Gale_Shapley2
Abstract_Completeness.Propositional_Logic
BirdKMP.KMP
Hoare_Time.Hoare_Time
Kummer_Congruence.Irregular_Primes_Infinite
Gromov_Hyperbolicity.Isometries_Classification
Gromov_Hyperbolicity.Bonk_Schramm_Extension
Surprise_Paradox.Surprise_Paradox
Hyperdual.LogisticFunction
Karatsuba.Karatsuba_Code_Nat
JinjaThreads.JinjaThreads
FOL_Compactness.Canonical_Models
IMP_Noninterference.Degeneracy
Sumcheck_Protocol.Concrete_Multivariate_Polynomials
HOL-IMPP.EvenOdd
Stalnaker_Logic.Stalnaker_Logic
Sophomores_Dream.Sophomores_Dream
Polynomials.NZM
Real_Power.Log
DCR-ExecutionEquivalence.DCRExecutionEquivalence
NormByEval.NBE
Munta_Model_Checker.Munta_Compile_MLton
Twelvefold_Way.Twelvefold_Way
Linear_Inequalities.Integer_Hull
IMAP-CRDT.IMAP-proof
Blue_Eyes.Blue_Eyes
UpDown_Scheme.Up_Down
UpDown_Scheme.Imperative
Relational_Forests.Algorithms
Two_Generated_Word_Monoids_Intersection.Two_Generated_Word_Monoids_Intersection
CryptoBasedCompositionalProperties.KnowledgeKeysSecrets
Compiling-Exceptions-Correctly.Exceptions
JinjaDCI.JinjaDCI
Orbit_Stabiliser.Tetrahedron
Probabilistic_Noninterference.Concrete
Probabilistic_Noninterference.Trace_Based
Chebyshev_Prime_Bounds.Chebyshev_Prime_Exhaust
Chebyshev_Prime_Bounds.Chebyshev_Prime_Bounds
Countable_Sums_and_Discrete_Distributions.Discrete_Subdistributions_and_Distributions
Bisimulation_Logic.Bisimulation_Logic
DPRM_Theorem.DPRM
Pi_Irrational.Pi_Irrational
CZH_Elementary_Categories.CZH_ECAT_Conclusions
KnuthMorrisPratt.KnuthMorrisPratt
Polynomial_Crit_Geometry.Polynomial_Crit_Geometry
Neural_Networks.NN_Manual
Axiom_Free_Ontological_Trinity.Axiom_And_Assumption_Audit
Banach_Tarski.Banach_Tarski_Theorem
Gabow_SCC.All_Of_Gabow_SCC
Perfect_Fields.Perfect_Field_Altdef
Bondy.Bondy
Sigma_Commit_Crypto.Xor
Sigma_Commit_Crypto.Uniform_Sampling
Sigma_Commit_Crypto.Commitment_Schemes
Sigma_Commit_Crypto.Cyclic_Group_Ext
Sigma_Commit_Crypto.Sigma_Protocols
Sigma_Commit_Crypto.Sigma_AND
Sigma_Commit_Crypto.Discrete_Log
Sigma_Commit_Crypto.Chaum_Pedersen_Sigma_Commit
Sigma_Commit_Crypto.Okamoto_Sigma_Commit
Sigma_Commit_Crypto.Schnorr_Sigma_Commit
Sigma_Commit_Crypto.Rivest
Sigma_Commit_Crypto.Pedersen
Sigma_Commit_Crypto.Sigma_OR
Mereology.GEM
Partial_Order_Reduction.Ample_Correctness
LL1_Parser.Json_Parser
AutoFocus-Stream.IL_AF_Stream_Exec
Ackermanns_not_PR.Primrec
Formal_Puiseux_Series.Formal_Puiseux_Series
Van_Emde_Boas_Trees.Imperative_HOL_Add
Given_Clause_Loops.Given_Clause_Loops
Possibilistic_Noninterference.Concrete
Concurrent_Ref_Alg.Rely_Quotient
Max-Card-Matching.Matching
Attack_Trees.GDPRhealthcare
CoCon.All_BD_Security_Instances_for_CoCon
FO_Theory_Rewriting.FOR_Check_Impl
Planarity_Certificates.Planarity_Certificates
Ordinal_Partitions.Omega_Omega
ResiduatedTransitionSystem.LambdaCalculus
Tree-Automata.Ta_impl_codegen
Tycon.Monad_Transformer
JiveDataStoreModel.UnivSpec
Linear_Recurrences.Rational_FPS_Asymptotics
Goodstein_Lambda.Goodstein_Lambda
Lambert_W.Lambert_W_MacLaurin_Series
SuperCalc.superposition
MonoBoolTranAlgebra.Statements
Octonions.Octonions
Liouville_Numbers.Liouville_Numbers
Relational_Cardinality.Cardinality
Real_Time_Deque.RealTimeDeque_Proof
Laplace_Transform.Laplace_Transform
Fishers_Inequality.Fishers_Inequality_Root
Deriving.RBT_Compare_Order_Impl
Morley_Theorem.Morley
Involutions2Squares.Involutions2Squares
Transcendence_Series_Hancl_Rucki.Transcendence_Series
Rensets.All
Stirling_Formula.Gamma_Asymptotics
SCL_Simulates_Ground_Resolution.Background
SCL_Simulates_Ground_Resolution.Exhaustive_Resolution
SCL_Simulates_Ground_Resolution.Exhaustive_Factorization
SCL_Simulates_Ground_Resolution.Implicit_Exhaustive_Factorization
SCL_Simulates_Ground_Resolution.ORD_RES_5
SCL_Simulates_Ground_Resolution.Clause_Could_Propagate
SCL_Simulates_Ground_Resolution.ORD_RES_8
SCL_Simulates_Ground_Resolution.ORD_RES_9
SCL_Simulates_Ground_Resolution.ORD_RES_10
SCL_Simulates_Ground_Resolution.ORD_RES_11
SCL_Simulates_Ground_Resolution.ORD_RES_7
SCL_Simulates_Ground_Resolution.ORD_RES_6
SCL_Simulates_Ground_Resolution.ORD_RES
SCL_Simulates_Ground_Resolution.ORD_RES_1
SCL_Simulates_Ground_Resolution.ORD_RES_4
SCL_Simulates_Ground_Resolution.ORD_RES_2
SCL_Simulates_Ground_Resolution.ORD_RES_3
SCL_Simulates_Ground_Resolution.Simulation_SCLFOL_ORDRES
Broadcast_Psi.Broadcast_Thms
GaleStewart_Games.GaleStewartDeterminedGames
Schutz_Spacetime.TemporalOrderOnPath
AODV.All
DigitsInBase.DigitsInBase
FunWithTilings.Tilings
Wetzels_Problem.Wetzels_Problem
LLL_Factorization.Modern_Computer_Algebra_Problem
Recursion-Addition.recursion
HOL-Nonstandard_Analysis.Nonstandard_Analysis
CAVA_Base.All_Of_CAVA_Base
Hermite_Lindemann.Hermite_Lindemann
Prop_Compactness.k_coloring
Power_Sum_Polynomials.Power_Sum_Puzzle
GenClock.GenClock
Probabilistic_Timed_Automata.PTA_Reachability
Stern_Brocot.Bird_Tree
MuchAdoAboutTwo.MuchAdoAboutTwo
Youngs_Inequality.Youngs
Quaternions.Quaternions
Sliding_Window_Algorithm.SWA
Uncertainty_Principle.Uncertainty_Principle
Compressed_Oracles.Misc_Compressed_Oracle
Compressed_Oracles.Function_At
Compressed_Oracles.CO_Operations
Compressed_Oracles.Invariant_Preservation
Compressed_Oracles.Compressed_Oracle_Is_RO
Compressed_Oracles.Oracle_Programs
Compressed_Oracles.CO_Invariants
Compressed_Oracles.Collision
Compressed_Oracles.Find_Zero
Constructive_Cryptography.Resource
Constructive_Cryptography.Converter
Constructive_Cryptography.Converter_Rewrite
Constructive_Cryptography.Random_System
Constructive_Cryptography.Distinguisher
Constructive_Cryptography.Wiring
Constructive_Cryptography.Constructive_Cryptography
Constructive_Cryptography.System_Construction
Constructive_Cryptography.Message_Authentication_Code
Constructive_Cryptography.One_Time_Pad
Constructive_Cryptography.Secure_Channel
Constructive_Cryptography_CM.More_CC
Constructive_Cryptography_CM.State_Isomorphism
Constructive_Cryptography_CM.Fold_Spmf
Constructive_Cryptography_CM.Fused_Resource
Constructive_Cryptography_CM.Channel
Constructive_Cryptography_CM.Construction_Utility
Constructive_Cryptography_CM.Observe_Failure
Constructive_Cryptography_CM.Key
Constructive_Cryptography_CM.Concrete_Security
Constructive_Cryptography_CM.Asymptotic_Security
Constructive_Cryptography_CM.Diffie_Hellman_CC
Constructive_Cryptography_CM.One_Time_Pad
Constructive_Cryptography_CM.DH_OTP
Hermite.Hermite
Smith_Normal_Form.SNF_Missing_Lemmas
Hermite.Hermite_IArrays
Smith_Normal_Form.Smith_Normal_Form_JNF
Smith_Normal_Form.SNF_Algorithm
Smith_Normal_Form.Smith_Normal_Form
Smith_Normal_Form.Diagonal_To_Smith
Smith_Normal_Form.Cauchy_Binet
Smith_Normal_Form.Cauchy_Binet_HOL_Analysis
Smith_Normal_Form.Admits_SNF_From_Diagonal_Iff_Bezout_Ring
Smith_Normal_Form.SNF_Uniqueness
Smith_Normal_Form.Diagonalize
Smith_Normal_Form.SNF_Algorithm_Two_Steps
Smith_Normal_Form.SNF_Algorithm_HOL_Analysis
Smith_Normal_Form.Elementary_Divisor_Rings
Smith_Normal_Form.Alternative_Proofs
Smith_Normal_Form.Diagonal_To_Smith_JNF
Smith_Normal_Form.SNF_Algorithm_Two_Steps_JNF
Smith_Normal_Form.SNF_Algorithm_Euclidean_Domain
Smith_Normal_Form.Smith_Certified
Modular_arithmetic_LLL_and_HNF_algorithms.Uniqueness_Hermite
Modular_arithmetic_LLL_and_HNF_algorithms.Uniqueness_Hermite_JNF
Modular_arithmetic_LLL_and_HNF_algorithms.HNF_Mod_Det_Algorithm
Modular_arithmetic_LLL_and_HNF_algorithms.HNF_Mod_Det_Soundness
Modular_arithmetic_LLL_and_HNF_algorithms.LLL_Certification_via_HNF
Perron_Frobenius.Perron_Frobenius_Irreducible
Stochastic_Matrices.Stochastic_Matrix_Perron_Frobenius
Perron_Frobenius.Perron_Frobenius_General
Perron_Frobenius.Spectral_Radius_Largest_Jordan_Block
Perron_Frobenius.Spectral_Radius_Theory_2
Perron_Frobenius.Check_Matrix_Growth
Gauss_Jordan.System_Of_Equations_IArrays
Gauss_Jordan.Code_Generation_IArrays
Gauss_Jordan.Code_Rational
QR_Decomposition.Gram_Schmidt_IArrays
Gauss_Jordan.Code_Generation_IArrays_SML
QR_Decomposition.QR_Decomposition_IArrays
Gauss_Jordan.Code_Generation_IArrays_Haskell
QR_Decomposition.QR_Efficient
