ConcurrentHOL.Floyd_Warshall
ConcurrentHOL.FindP
ConcurrentHOL.Atomic
ConcurrentHOL.Exceptions
ConcurrentHOL.WickersonDoddsParkinson
ConcurrentHOL.TSO_litmus
ConcurrentHOL.Safety_Closure
ConcurrentHOL.BFS
ConcurrentHOL.Inhabitation
CoSMed.Post_Visibility_Traceback
CoSMed.Friend_Request
CoSMed.Post
CoSMed.Friend
CoSMed.Friend_Traceback
Collections.ICF_Spec_Chapter
Collections.GenCF_Intf_Chapter
Collections.GenCF_Chapter
Collections.Collections_Entrypoints_Chapter
Collections.GenCF_Gen_Chapter
Collections.Robdd
Collections.ICF_Chapter
Collections.ICF_Userguide
Collections.Refine_Monadic_Userguide
Collections.Locale_Code_Ex
Collections.GenCF_Impl_Chapter
Collections.ICF_Impl_Chapter
Collections.Userguides_Chapter
Collections.ICF_Entrypoints_Chapter
Collections.ICF_Gen_Algo_Chapter
Collections.SetAbstractionIterator
Rewrite_Properties_Reduction.Ground_Reduction_on_GTRS
Rewrite_Properties_Reduction.Ground_Reduction_on_LLRG
Rewrite_Properties_Reduction.Ground_Reduction_on_LV
FOL_Seq_Calc2.Export
FOL_Seq_Calc2.Results
HOL-SPARK-Manual.Complex_Types
HOL-SPARK-Manual.VC_Principles
HOL-SPARK-Manual.Reference
Resolution_FOL.Completeness_Instance
Hoare_Time.Hoare_Time
Order_Lattice_Props.Order_Lattice_Props_Wenzel
Order_Lattice_Props.Order_Lattice_Props_Loc
Order_Lattice_Props.Representations
Possibilistic_Noninterference.Concrete
CakeML_Codegen.Doc_Rewriting
CakeML_Codegen.Doc_CupCake
CakeML_Codegen.Doc_Compiler
CakeML_Codegen.Doc_Backend
CakeML_Codegen.Doc_Preproc
CakeML_Codegen.Doc_Terms
HOL-IMP.Finite_Reachable
HOL-IMP.Hoare_Sound_Complete
HOL-IMP.Fold
HOL-IMP.ASM
HOL-IMP.Sec_Typing
HOL-IMP.Def_Init_Small
HOL-IMP.Collecting1
HOL-IMP.OO
HOL-IMP.Procs_Stat_Vars_Dyn
HOL-IMP.Abs_Int1_const
HOL-IMP.Live_True
HOL-IMP.Poly_Types
HOL-IMP.Compiler2
HOL-IMP.Procs_Stat_Vars_Stat
HOL-IMP.Def_Init_Big
HOL-IMP.Live
HOL-IMP.VCG_Total_EX
HOL-IMP.VCG
HOL-IMP.Halting
HOL-IMP.VCG_Total_EX2
HOL-IMP.Abs_Int3
HOL-IMP.Denotational
HOL-IMP.Abs_Int1_parity
HOL-IMP.Procs_Dyn_Vars_Dyn
HOL-IMP.Hoare_Total
HOL-IMP.C_like
HOL-Hoare.README
HOL-Hoare.Separation
HOL-Hoare.SchorrWaite
HOL-Hoare.Pointers0
HOL-ex.Specifications_with_bundle_mixins
HOL-ex.Erdoes_Szekeres
HOL-ex.Peano_Axioms
HOL-ex.veriT_Preprocessing
HOL-ex.PresburgerEx
HOL-ex.Residue_Ring
HOL-ex.Transfer_Debug
HOL-ex.Word_Msb
HOL-ex.Bubblesort
HOL-ex.Triangular_Numbers
HOL-ex.Intuitionistic
HOL-ex.Chinese
HOL-ex.Lagrange
HOL-ex.Case_Product
HOL-ex.Function_Growth
HOL-ex.Transfer_Int_Nat
HOL-ex.Sudoku
HOL-ex.CTL
HOL-ex.Tarski
HOL-ex.PER
HOL-ex.Executable_Relation
HOL-ex.Pythagoras
HOL-ex.Perm_Fragments
HOL-ex.MergeSort
HOL-ex.Tree23
HOL-ex.NatSum
HOL-ex.Ballot
HOL-ex.ThreeDivides
HOL-ex.BigO
HOL-ex.Join_Theory
HOL-ex.SOS_Cert
HOL-ex.Radix_Sort
HOL-ex.BinEx
HOL-ex.Bit_Operation_Computations
HOL-ex.Cubic_Quartic
HOL-ex.Termination
HOL-ex.Set_Theory
HOL-ex.Transitive_Closure_Table_Ex
HOL-ex.Code_Timing
HOL-ex.MonoidGroup
HOL-ex.Normalization_by_Evaluation
HOL-ex.Computations
HOL-ex.Multiquote
HOL-ex.Classical
HOL-ex.Hebrew
HOL-ex.Sqrt_Script
HOL-ex.Antiquote
HOL-ex.HarmonicSeries
HOL-ex.Execute_Choice
HOL-ex.Serbian
HOL-ex.SOS
HOL-ex.Gauge_Integration
HOL-ex.Code_Lazy_Demo
MHComputation.MHComputation
HOL-UNITY.AllocImpl
HOL-UNITY.Alloc
HOL-UNITY.Deadlock
HOL-UNITY.ELT
HOL-UNITY.Counterc
HOL-UNITY.Progress
HOL-UNITY.README_Simple
HOL-UNITY.Common
HOL-UNITY.Channel
HOL-UNITY.Counter
HOL-UNITY.Client
HOL-UNITY.Token
HOL-UNITY.README
HOL-UNITY.Mutex
HOL-UNITY.Lift
HOL-UNITY.Network
HOL-UNITY.NSP_Bad
HOL-UNITY.Priority
HOL-UNITY.TimerArray
HOL-UNITY.Handshake
HOL-UNITY.README_Comp
HOL-UNITY.Reachability
InformationFlowSlicing_Inter.LiftingInter
PSemigroupsConvolution.Partial_Semigroup_Models
PSemigroupsConvolution.Unary_Modalities
PSemigroupsConvolution.Partial_Semigroup_Lifting
Goedel_Incompleteness.All_Abstract
Abstract-Hoare-Logics.HoareTotal
Abstract-Hoare-Logics.PHoareTotal
Abstract-Hoare-Logics.PsHoareTotal
Quasi_Borel_Spaces.Bayesian_Linear_Regression
TLA.Buffer
TLA.Even
TLA.Inc
AutoCorres2.Chapter3_HoareHeap
AutoCorres2.Chapter2_HoareHeap
AutoCorres2.AutoCorres_Documentation
AutoCorres2.CTranslationInfrastructure
AutoCorres2.Chapter1_MinMax
AutoCorres2.Eisbach_Methods
AutoCorres2.Apply_Trace_Cmd
IsaGeoCoq.Gupta_Neutral_2D_Model_Tarski_Neutral_2D
IsaGeoCoq.Gupta_Euclidean_Model_Tarski_Euclidean
IsaGeoCoq.Tarski_Neutral_2D_Model_Gupta_Neutral_2D
IsaGeoCoq.Tarski_Neutral_Continuity_2D
IsaGeoCoq.Gupta_Neutral_Model_Tarski_Neutral
IsaGeoCoq.Tarski_Euclidean_Model_Hilbert_Euclidean
IsaGeoCoq.Hilbert_Neutral_3D_Model_Tarski_Neutral_3D
IsaGeoCoq.Highschool_Euclidean_2D
IsaGeoCoq.Tarski_Neutral_Archimedes_Continuity
IsaGeoCoq.Tarski_Euclidean_2D_Continuous
IsaGeoCoq.Tarski_Euclidean_Model_Gupta_Euclidean
IsaGeoCoq.Tarski_Non_Euclidean_Archimedean
IsaGeoCoq.Tarski_Neutral_2D_Model_Hilbert_Neutral_2D
IsaGeoCoq.Hilbert_Euclidean_Model_Tarski_Euclidean
IsaGeoCoq.Hilbert_Neutral_2D_Model_Tarski_Neutral_2D
IsaGeoCoq.Hilbert_Neutral_Model_Tarski_Neutral
Refine_Imperative_HOL.Sepref_Guide_Reference
Refine_Imperative_HOL.Dijkstra_Benchmark
Refine_Imperative_HOL.NDFS_Benchmark
Refine_Imperative_HOL.Sepref_Guide_Quickstart
Refine_Imperative_HOL.Sepref_Chapter_Setup
Refine_Imperative_HOL.Sepref_Chapter_Tool
Refine_Imperative_HOL.Sepref_Chapter_Benchmarks
Refine_Imperative_HOL.Sepref_Guide_General_Util
Refine_Imperative_HOL.Sepref_Chapter_IICF
Refine_Imperative_HOL.Heapmap_Bench
Refine_Imperative_HOL.Sepref_Chapter_Userguides
Lie_Groups.Diff_PiE
Lie_Groups.Lie_Algebra
Lie_Groups.Classical_Groups
Automatic_Refinement.Autoref_Chapter
Automatic_Refinement.Param_Chapter
Pi_Calculus.Strong_Early_Bisim_Subst_Pres
Pi_Calculus.Weak_Early_Cong_Subst_Pres
Pi_Calculus.Weak_Late_Cong_Subst_SC
Pi_Calculus.Strong_Late_Axiomatisation
Pi_Calculus.Weak_Late_Cong_Pres
Imperative_Insertion_Sort.Imperative_Insertion_Sort
MDP-Algorithms.Fin_Code_Export_Rat
MDP-Algorithms.VI_Code_Export_Rat
MDP-Algorithms.VI_Code_Export_Float
MDP-Algorithms.MPI_Code_Export_Rat
MDP-Algorithms.MPI_Code_Export_Float
MDP-Algorithms.GS_Code_Export_Float
MDP-Algorithms.PI_Code_Export_Float
MDP-Algorithms.PI_Code_Export_Rat
MDP-Algorithms.Fin_Code_Export_Float
MDP-Algorithms.GS_Code_Export_Rat
TESL_Language.Introduction
TESL_Language.Stuttering
TESL_Language.Config_Morphisms
Category3.ZFC_SetCat_Interp
Category3.HF_SetCat_Interp
Consensus_Refined.New_Algorithm_Proofs
Consensus_Refined.Paxos_Proofs
Consensus_Refined.OneThirdRule_Proofs
Consensus_Refined.BenOr_Proofs
Consensus_Refined.CT_Proofs
Consensus_Refined.Ate_Proofs
Consensus_Refined.Uv_Proofs
HOLCF-Tutorial.Fixrec_ex
HOLCF-Tutorial.New_Domain
HOLCF-Tutorial.Domain_ex
Verified_SAT_Based_AI_Planning.Solve_SASP
Implicational_Logic.Implicational_Logic_Appendix
Implicational_Logic.Implicational_Logic_Natural_Deduction
Implicational_Logic.Implicational_Logic_New
Implicational_Logic.Implicational_Logic
Implicational_Logic.Implicational_Logic_Sequent_Calculus
GyrovectorSpaces.GyroVectorSpaceTrivial
GyrovectorSpaces.Poincare
GyrovectorSpaces.MobiusGyrotrigonometry
GyrovectorSpaces.Einstein
GyrovectorSpaces.MobiusCollinear
GyrovectorSpaces.hDistance
GyrovectorSpaces.Abe
GyrovectorSpaces.MobiusGyroTarski
HOLCF-Library.HOL_Cpo
HOLCF-Library.HOLCF_Library
Notes_On_Goedels_Ontological_Argument.GoedelVariantHOML2AndersonQuant
Notes_On_Goedels_Ontological_Argument.GoedelVariantHOML3AndersonQuant
Notes_On_Goedels_Ontological_Argument.GoedelVariantHOML1inS4
Notes_On_Goedels_Ontological_Argument.GoedelVariantHOML1AndersonQuant
Notes_On_Goedels_Ontological_Argument.GoedelVariantHOML1poss
Notes_On_Goedels_Ontological_Argument.ScottVariantHOMLpossInS4
Notes_On_Goedels_Ontological_Argument.ScottVariantHOMLposs
Notes_On_Goedels_Ontological_Argument.GoedelVariantHOML2inS4
Notes_On_Goedels_Ontological_Argument.ScottVariantHOMLAndersonQuant
Notes_On_Goedels_Ontological_Argument.SurjectiveCantor
Notes_On_Goedels_Ontological_Argument.GoedelVariantHOML3possInS4
Notes_On_Goedels_Ontological_Argument.GoedelVariantHOML2poss
Notes_On_Goedels_Ontological_Argument.GoedelVariantHOML2possInS4
Notes_On_Goedels_Ontological_Argument.ScottVariantHOMLinK
Notes_On_Goedels_Ontological_Argument.GoedelVariantHOML1
Notes_On_Goedels_Ontological_Argument.ThereIsNoEvil2
Notes_On_Goedels_Ontological_Argument.EvilDerivable
Notes_On_Goedels_Ontological_Argument.ThereIsNoEvil1
Notes_On_Goedels_Ontological_Argument.ScottVariantHOML
Notes_On_Goedels_Ontological_Argument.GoedelVariantHOML3inS4
Notes_On_Goedels_Ontological_Argument.GoedelVariantHOML3poss
Notes_On_Goedels_Ontological_Argument.ScottVariantHOMLinS4
HOLCF-ex.Domain_Proofs
HOLCF-ex.Fix2
HOLCF-ex.Hoare
HOLCF-ex.Letrec
HOLCF-ex.Loop
HOLCF-ex.Powerdomain_ex
HOLCF-ex.Dnat
HOLCF-ex.Dagstuhl
HOLCF-ex.Pattern_Match
HOLCF-ex.Concurrency_Monad
HOLCF-ex.Focus_ex
Generic_Deriving.Derive_Encode
Generic_Deriving.Derive_Show
Generic_Deriving.Derive_Eq_Laws
Generic_Deriving.Derive_Eq
Generic_Deriving.Derive_Algebra_Laws
Generic_Deriving.Derive_Algebra
Regex_Equivalence.Benchmark
ML_Unification.ML_Utils
ML_Unification.Unification_Attributes
ML_Unification.Unification_Tactics
HOL-Induct.Sigma_Algebra
HOL-Induct.Comb
HOL-Induct.Term
HOL-Induct.Infinitely_Branching_Tree
HOL-Induct.PropLog
HOL-Induct.Com
HOL-Induct.SList
HOL-Induct.QuoDataType
HOL-Induct.Nested_Datatype
HOL-Induct.QuoNestedDataType
HOL-Induct.Ordinals
HOL-Induct.ABexp
Intro_Dest_Elim.IDE_Reference
Hello_World.RunningCodeFromIsabelle
Hello_World.HelloWorld_Proof
Stone_Kleene_Relation_Algebras.Kleene_Relation_Subalgebras
FaithfulPMLinHOL.PMLinHOL_shallow_minimal_further_tests_2
FaithfulPMLinHOL.PMLinHOL_shallow_minimal_further_tests
FaithfulPMLinHOL.PMLinHOL_deep_further_tests_2
FaithfulPMLinHOL.PMLinHOL_shallow_further_tests_1
FaithfulPMLinHOL.PMLinHOL_deep_Loeb_tests
FaithfulPMLinHOL.PMLinHOL_deep_further_tests
FaithfulPMLinHOL.PMLinHOL_faithfulness
FaithfulPMLinHOL.PMLinHOL_shallow_Loeb_tests
FaithfulPMLinHOL.PMLinHOL_deep_further_tests_1
FaithfulPMLinHOL.PMLinHOL_shallow_further_tests
FaithfulPMLinHOL.PMLinHOL_shallow_minimal_further_tests_1
FaithfulPMLinHOL.PMLinHOL_shallow_minimal_Loeb_tests
FaithfulPMLinHOL.PMLinHOL_shallow_further_tests_2
Incompleteness.Loebs_Theorem
BNF_CC.DDS
Knights_Tour.KnightsTour
BytecodeLogicJmlTypes.Sound
BytecodeLogicJmlTypes.Cachera
Priority_Queue_Braun.Sorting_Braun
Priority_Queue_Braun.Priority_Queue_Braun2
CakeML.BigSmallInvariants
CakeML.TypeSystemAuxiliary
CakeML.LibAuxiliary
CakeML.SimpleIO
CakeML.Doc_Proofs
CakeML.Doc_Generated
CakeML.Tokens
CakeML.NamespaceAuxiliary
CakeML.CakeML_Quickcheck
Dependent_SIFUM_Refinement.Eg1Eg2RefinementSimple
Dependent_SIFUM_Refinement.EgHighBranchRevC
Dependent_SIFUM_Refinement.Eg1RefinementTrivial
DOM_Components.Shadow_DOM_Components
HOL-Types_To_Sets.Unoverload_Def
HOL-Types_To_Sets.Finite
HOL-Types_To_Sets.T2_Spaces
Impossible_Geometry.Impossible_Geometry
HOL-Data_Structures.Queue_2Lists
HOL-Data_Structures.Interval_Tree
HOL-Data_Structures.Tree_Rotations
HOL-Data_Structures.Selection
HOL-Data_Structures.AVL_Bal2_Set
HOL-Data_Structures.Brother12_Map
HOL-Data_Structures.AVL_Bal_Set
HOL-Data_Structures.Set2_Join_RBT
HOL-Data_Structures.Tries_Binary
HOL-Data_Structures.AVL_Map
HOL-Data_Structures.Tree234_Map
HOL-Data_Structures.Leftist_Heap_List
HOL-Data_Structures.Height_Balanced_Tree
HOL-Data_Structures.RBT_Set2
HOL-Data_Structures.Binomial_Heap
HOL-Data_Structures.Tree23_of_List
HOL-Data_Structures.Tree23_Map
HOL-Data_Structures.AA_Map
HOL-Data_Structures.Trie_Ternary
Relational_Divisibility.Mono_Atomic
Relational_Divisibility.Relational_Divisibility
Modal_Logics_for_NTS.Expressive_Completeness
Modal_Logics_for_NTS.S_Transform
Modal_Logics_for_NTS.FL_Bisimilarity_Implies_Equivalence
Modal_Logics_for_NTS.L_Transform
Correctness_Algebras.N_Relation_Algebras
Correctness_Algebras.N_Omega_Binary_Iterings
Correctness_Algebras.Recursion_Strict
Correctness_Algebras.Domain_Recursion
Correctness_Algebras.Extended_Designs
Correctness_Algebras.Monotonic_Boolean_Transformers_Instances
Correctness_Algebras.Capped_Omega_Algebras
Correctness_Algebras.Boolean_Semirings
Correctness_Algebras.Binary_Iterings_Nonstrict
HOL-Bali.AxCompl
HOL-Bali.Trans
HOL-Bali.AxSound
Zeta_Function.Hadjicostas_Chapman
SuffixArray.SACA_Equiv
SuffixArray.Prefix_Util
SuffixArray.Code_Extraction
Clique_and_Monotone_Circuits.Clique_Large_Monotone_Circuits
Saturation_Framework_Extensions.Given_Clause_Architectures_Revisited
LinearQuantifierElim.QEdlo_inf
LinearQuantifierElim.QEpres
LinearQuantifierElim.QElin_inf
LinearQuantifierElim.QEdlo_ex
LinearQuantifierElim.Cooper
LinearQuantifierElim.CertLin
LinearQuantifierElim.FRE
LinearQuantifierElim.QElin_opt
LinearQuantifierElim.QEdlo_fr
LinearQuantifierElim.CertDlo
Typed_Ordered_Resolution.Untyped_Ordered_Resolution_Soundness
Typed_Ordered_Resolution.Ordered_Resolution_Welltypedness_Preservation
Typed_Ordered_Resolution.Ground_Ordered_Resolution_Soundness
Typed_Ordered_Resolution.Untyped_Ordered_Resolution_Completeness
Network_Security_Policy_Verification.attic
Network_Security_Policy_Verification.MeasrDroid
Network_Security_Policy_Verification.ML_GraphViz_Disable
Network_Security_Policy_Verification.SINVAR_Subnets2
Network_Security_Policy_Verification.TopoS_generateCode
Network_Security_Policy_Verification.Impl_List_Playground
Network_Security_Policy_Verification.Imaginary_Factory_Network
Network_Security_Policy_Verification.I8_SSH_Landscape
Network_Security_Policy_Verification.Distributed_WebApp
Network_Security_Policy_Verification.CryptoDB
Network_Security_Policy_Verification.SINVAR_BLPstrict
Network_Security_Policy_Verification.Impl_List_Playground_statefulpolicycompliance
Network_Security_Policy_Verification.Analysis_Tainting
Network_Security_Policy_Verification.IDEM
Network_Security_Policy_Verification.Network_Security_Policy_Verification
Polygonal_Number_Theorem.Polygonal_Number_Theorem_Cauchy
Polygonal_Number_Theorem.Polygonal_Number_Theorem_Legendre
Simplicial_complexes_and_boolean_functions.BDD
Simplicial_complexes_and_boolean_functions.Binary_operations
First_Order_Rewriting.Rewrite_Relations_Impl
First_Order_Rewriting.Orthogonality
CSP_RefTK.Conclusion
CSP_RefTK.CopyBuffer_props
CSP_RefTK.Introduction
Interval_Analysis.Interval_Analysis
Interval_Analysis.Extended_Interval_Analysis
Interval_Analysis.Extended_Multi_Interval_Analysis
ProcessComposition_ILL.ProcessILL
PCF.SmallStep
PCF.Continuations
Physical_Quantities.SI_Pretty
Physical_Quantities.BIS
Physical_Quantities.SI_Astronomical
Pushdown_Automata.PDA_To_CFG
Pushdown_Automata.CFG_To_PDA
Pushdown_Automata.Stack_To_Final_PDA
Pushdown_Automata.Final_To_Stack_PDA
Ordinal_Partitions.Omega_Omega
Universal_Turing_Machine.Rec_Ex
Universal_Turing_Machine.TuringUnComputable_H2
Universal_Turing_Machine.Turing_aux
Universal_Turing_Machine.Abacus_alt_Compile
Universal_Turing_Machine.TuringComputable
Universal_Turing_Machine.TuringUnComputable_H2_original
Universal_Turing_Machine.Recs_alt_Ex
Universal_Turing_Machine.HaltingProblems_K_aux
Universal_Turing_Machine.UTM
Universal_Turing_Machine.GeneratedCode
Universal_Turing_Machine.Numerals_Ex
BNF_Operations.Kill
BNF_Operations.GFP
BNF_Operations.Permute
BNF_Operations.Compose
BNF_Operations.Lift
BNF_Operations.N2M
BNF_Operations.LFP
Sturm_Sequences.Sturm_Ex
Sturm_Sequences.Sturm_Library_Document
ConcurrentGC.Concrete
ConcurrentGC.Proofs
Koenigsberg_Friendship.KoenigsbergBridge
Koenigsberg_Friendship.FriendshipTheory
Factored_Transition_System_Bounding.Invariants
Factored_Transition_System_Bounding.AcycSspace
HOLCF.HOLCF
HOLCF.README
Markov_Models.PCTL
Markov_Models.Gossip_Broadcast
Markov_Models.PGCL
Markov_Models.Crowds_Protocol
Markov_Models.MDP_RP_Certification
Markov_Models.MDP_RP
Markov_Models.Zeroconf_Analysis
Tarskis_Geometry.Hyperbolic_Tarski
Abs_Int_ITP2012.Abs_Int1_const
Abs_Int_ITP2012.Abs_Int1_parity
Abs_Int_ITP2012.Abs_Int3
Shivers-CFA.AbsCFCorrect
Shivers-CFA.ExCFSV
Shivers-CFA.Eval
Shivers-CFA.AbsCFComp
Zeckendorf.Zeckendorf
Zip_Benchmarks.Tree234_Set
Zip_Benchmarks.Word
Zip_Benchmarks.Deriv
Zip_Benchmarks.Limits
Zip_Benchmarks.Binomial
Zip_Benchmarks.GCD
Zip_Benchmarks.Set
Zip_Benchmarks.List
Zip_Benchmarks.Finite_Set
Zip_Benchmarks.Filter
Wieferich_Kempner.Wieferich_Kempner
DiskPaxos.DiskPaxos
Word_Lib.Guide
Quantales.Quantale_Left_Sided
Quantales.Quantale_Modules
Types_Tableaus_and_Goedels_God.GoedelProof_P1
Types_Tableaus_and_Goedels_God.GoedelProof_P2
Types_Tableaus_and_Goedels_God.FittingProof
Types_Tableaus_and_Goedels_God.AndersonProof
Bisimulation_Logic.Bisimulation_Logic
Category2.Yoneda
Category2.MonadicEquationalTheory
SimplifiedOntologicalArgument.SimplifiedOntologicalArgument
SimplifiedOntologicalArgument.ScottVariant
SimplifiedOntologicalArgument.SimpleVariantSEinT
SimplifiedOntologicalArgument.UFilterVariant
SimplifiedOntologicalArgument.SimpleVariantHF
SimplifiedOntologicalArgument.SimpleVariant
SimplifiedOntologicalArgument.KanckosLethenNo2Possibilist
SimplifiedOntologicalArgument.SimpleVariantPG
SimplifiedOntologicalArgument.SimpleVariantSE
SATSolverVerification.NieuwenhuisOliverasTinelli
SATSolverVerification.BasicDPLL
SATSolverVerification.KrsticGoel
SATSolverVerification.FunctionalImplementation
Negative_Association.Negative_Association_Bloom_Filters
Negative_Association.Negative_Association_Chernoff_Bounds
Containers-Benchmarks.Benchmark_Bool
Containers-Benchmarks.Benchmark_ICF
Containers-Benchmarks.Benchmark_LC
Containers-Benchmarks.Benchmark_Default
Containers-Benchmarks.Benchmark_RBT
Containers-Benchmarks.Benchmark_Set_LC
Containers-Benchmarks.Clauses
Containers-Benchmarks.Benchmark_Set_Default
Nullstellensatz.Nullstellensatz_Field
Lowe_Ontological_Argument.LoweOntologicalArgument_5
Lowe_Ontological_Argument.LoweOntologicalArgument_1
Lowe_Ontological_Argument.LoweOntologicalArgument_2
Lowe_Ontological_Argument.LoweOntologicalArgument_4
Lowe_Ontological_Argument.LoweOntologicalArgument_6
Lowe_Ontological_Argument.LoweOntologicalArgument_7
Lowe_Ontological_Argument.LoweOntologicalArgument_3
Perfect_Fields.Perfect_Field_Altdef
Bicategory.Modification
Bicategory.BicategoryOfSpans
Bicategory.CatBicat
ComponentDependencies.DataDependenciesCaseStudy
HOL-CSPM.POTS
HOL-CSPM.Introduction
HOL-CSPM.Conclusion
Turans_Graph_Theorem.Turan
Berlekamp_Zassenhaus.Factorization_External_Interface
Berlekamp_Zassenhaus.Hensel_Lifting_Type_Based
Decl_Sem_Fun_PL.EquivRelationalDenotFSet
Decl_Sem_Fun_PL.MutableRefProps
Decl_Sem_Fun_PL.Optimizer
Decl_Sem_Fun_PL.DeclSemAsNDInterpFSet
Decl_Sem_Fun_PL.SystemF
Decl_Sem_Fun_PL.EquivDenotInterTypes
Approximate_Model_Counting.CertCheck_CNF_XOR
Zeta_3_Irrational.Zeta_3_Irrational
Dynamic_Tables.Tables_nat
Sturm_Tarski.Tarski_Query_Impl
Fishers_Inequality.Fishers_Inequality_Root
Transitive-Closure.Finite_Transitive_Closure_Simprocs
Transitive-Closure.Transitive_Closure_RBT_Impl
Forcing.Rasiowa_Sikorski
Forcing.Forcing_Main
CVM_Distinct_Elements.CVM_Abstract_Algorithm
CVM_Distinct_Elements.CVM_New_Unbiased_Algorithm
CVM_Distinct_Elements.CVM_Original_Algorithm
MiniSail.MiniSail
IMP_With_Speculation.Fun6_secure
IMP_With_Speculation.Fun4_secure
IMP_With_Speculation.Fun5_secure
IMP_With_Speculation.Fun2_secure
IMP_With_Speculation.Fun3_secure
IMP_With_Speculation.Fun_mask_secure
IMP_With_Speculation.Fun1_insecure
Certification_Monads.Misc
QR_Decomposition.Generalizations2
QR_Decomposition.Least_Squares_Approximation
Propositional_Proof_Systems.Resolution_Compl_SC_Small
Propositional_Proof_Systems.MiniFormulas_Sema
Propositional_Proof_Systems.Sema_Craig
Propositional_Proof_Systems.Resolution_Sound
Propositional_Proof_Systems.HC_Compl_Consistency
Propositional_Proof_Systems.ND_Compl_SC
Propositional_Proof_Systems.SC_Compl_Consistency
Propositional_Proof_Systems.ND_FiniteAssms
Propositional_Proof_Systems.SC_Depth_Limit
Propositional_Proof_Systems.HCSCND
Propositional_Proof_Systems.SC_Gentzen
Propositional_Proof_Systems.MiniSC_Craig
Propositional_Proof_Systems.Resolution_Compl
Propositional_Proof_Systems.MiniSC_HC
Propositional_Proof_Systems.Compactness_Consistency
Propositional_Proof_Systems.ND_Compl_Truthtable_Compact
Propositional_Proof_Systems.CNF_To_Formula
Propositional_Proof_Systems.Tseytin_Sema
Propositional_Proof_Systems.Resolution_Compl_SC_Full
Propositional_Proof_Systems.Resolution_Compl_Consistency
Roth_Arithmetic_Progressions.Roth_Arithmetic_Progressions
Optimal_BST.Optimal_BST_Code
Optimal_BST.Optimal_BST_Memo
HOLCF-FOCUS.Buffer_adm
HOLCF-FOCUS.Fstreams
Region_Quadtrees.Quad_Matrix
Region_Quadtrees.KD_Region_Nested
Region_Quadtrees.Quad_Tree
Region_Quadtrees.KD_Region_Tree2
Region_Quadtrees.KD_Region_Tree
ConcurrentIMP.CIMP_unbounded_buffer
ConcurrentIMP.CIMP_locales
ConcurrentIMP.CIMP_one_place_buffer
AVL-Trees.AVL2
AVL-Trees.AVL
Topological_Semantics.logics_operators
Topological_Semantics.logics_negation
Topological_Semantics.logics_LFU
Topological_Semantics.logics_LFI
HOL-IMPP.EvenOdd
Elliptic_Functions.Eisenstein_G2
Elliptic_Functions.Weierstrass_Addition
Interpreter_Optimizations.Inca_to_Ubx_compiler
Interpreter_Optimizations.Std_to_Inca_compiler
Interpreter_Optimizations.Env_list
HOL-Hahn_Banach.Hahn_Banach
Comparison_Sort_Lower_Bound.Comparison_Sort_Lower_Bound
Irrational_Series_Erdos_Straus.Irrational_Series_Erdos_Straus
VerifyThis2018.Challenge1
VerifyThis2018.Challenge1_short
VerifyThis2018.Snippets
VerifyThis2018.Challenge3
VerifyThis2018.Challenge2
Q0_Soundness.HOLZF_Set_Theory
Q0_Soundness.ZFC_in_HOL_Set_Theory
Q0_Soundness.Q0
Mission_Time_LTL_Language_Partition.MLTL_Language_Partition_Proof
Mission_Time_LTL_Language_Partition.MLTL_Language_Partition_Codegen
CoCon.All_BD_Security_Instances_for_CoCon
Context_Free_Grammar.CFL_Not_Intersection_Closed
Context_Free_Grammar.Right_Linear_Automata
Context_Free_Grammar.AnBn_Not_Regular
Wooley_Elementary_Discrete_Inequality.Wooley_Elementary_Discrete_Inequality
Approximation_Algorithms.Approx_BP_Hoare
Approximation_Algorithms.Approx_SC_Hoare
Approximation_Algorithms.Approx_VC_Hoare
Approximation_Algorithms.Approx_MIS_Hoare
Approximation_Algorithms.Center_Selection
Approximation_Algorithms.Approx_LB_Hoare
Secret_Directed_Unwinding.SD_Incomplete_fin
Secret_Directed_Unwinding.SD_Incomplete
Smooth_Manifolds.Sphere
Smooth_Manifolds.Projective_Space
VYDRA_MDL.Timestamp_Prod
VYDRA_MDL.Timestamp_Lex
VYDRA_MDL.Monitor_Code
VYDRA_MDL.Metric_Point_Structure
HOL-CSP_PTick.CSP_PTick_Introduction
HOL-CSP_PTick.CSP_PTick_Conclusion
Call_Arity.ArityTransformSafe
Call_Arity.TrivialArityAnal
Call_Arity.SestoftCorrect
Call_Arity.CallArityEnd2EndSafe
Call_Arity.NoCardinalityAnalysis
Call_Arity.ArityAnalysisCorrDenotational
Isabelle_Marries_Dirac.Quantum_Teleportation
Isabelle_Marries_Dirac.Deutsch_Jozsa
Isabelle_Marries_Dirac.No_Cloning
Isabelle_Marries_Dirac.Entanglement
Isabelle_Marries_Dirac.Quantum_Prisoners_Dilemma
Proof_Terms_Term_Rewriting.Redex_Patterns
HOL-Auth.README
HOL-Auth.Auth_Smartcard
HOL-Auth.Auth_Shared
HOL-Auth.README_Guard
HOL-Auth.Auth_Guard_Public
HOL-Auth.Auth_Guard_Shared
HOL-Auth.Auth_Public
Transport.Transport_Typedef
Transport.HOL_Syntax_Bundles
Transport.Transport_Via_Partial_Galois_Connections_Equivalences_Paper
Transport.HOL_Alignments
Transport.HOL_Algebra_Alignments
Transport.HOL_Basics
Aristotles_Assertoric_Syllogistic.AristotlesAssertoric
Two_Way_DFA_HF.Two_Way_DFA_HF
Jordan_Normal_Form.Matrix_Complexity
Jordan_Normal_Form.Matrix_Carrier_Impl
Jordan_Normal_Form.Strassen_Algorithm_Code
Stone_Relation_Algebras.Linear_Order_Matrices
CryptoBasedCompositionalProperties.KnowledgeKeysSecrets
Heard_Of.AteProof
Heard_Of.UvProof
Heard_Of.EigbyzProof
Heard_Of.LastVotingProof
Heard_Of.UteProof
Heard_Of.OneThirdRuleProof
Zippy.Zippy_Paper
Zippy.ML_ITypeclasses
Zippy.ML_Typeclasses
Amicable_Numbers.Amicable_Numbers
LTL_to_GBA.All_Of_LTL_to_GBA
CHERI-C_Memory_Model.CHERI_C_Global_Environment
Algebraic_Numbers.Algebraic_Numbers_External_Code
Algebraic_Numbers.Show_Real_Approx
SumSquares.FourSquares
SumSquares.TwoSquares
Cartan_FP.Cartan
Parikh.Pilling
Modular_Assembly_Kit_Security.CompositionalityResults
Modular_Assembly_Kit_Security.FlowPolicies
Modular_Assembly_Kit_Security.UnwindingResults
Modular_Assembly_Kit_Security.PropertyLibrary
Modular_Assembly_Kit_Security.SecureSystems
HOL-CSP.Conclusion
HOL-CSP.MergeAnomaly
HOL-CSP.Introduction
IMP_Noninterference.Degeneracy
Foundation_of_geometry.Congruence
Dict_Construction.Termination
Dict_Construction.Introduction
Dict_Construction.Impossibility
Special_Function_Bounds.Sqrt_Bounds
Special_Function_Bounds.Atan_CF_Bounds
Special_Function_Bounds.Sin_Cos_Bounds
Special_Function_Bounds.Log_CF_Bounds
Special_Function_Bounds.Exp_Bounds
InfPathElimination.RB
Randomised_BSTs.Randomised_BSTs
Gromov_Hyperbolicity.Bonk_Schramm_Extension
Gromov_Hyperbolicity.Isometries_Classification
Stable_Matching.Strategic
Stable_Matching.Bossiness
Stable_Matching.Sotomayor
SCC_Bloemen_Sequential.SCC_Bloemen_Sequential
Orient_Rewrite_Rule_Undecidable.KBO_Subterm_Coefficients_Undecidable
Orient_Rewrite_Rule_Undecidable.Delta_Poly_Termination_Undecidable
Laplace_Transform.Laplace_Transform
Difference_Bound_Matrices.DBM_Constraint_Systems
Decreasing-Diagrams-II.Decreasing_Diagrams_II
AI_Planning_Languages_Semantics.Lifschitz_Consistency
AI_Planning_Languages_Semantics.Option_Monad_Add
AI_Planning_Languages_Semantics.PDDL_STRIPS_Checker
HOL-Decision_Procs.Decision_Procs
Frequency_Moments.Frequency_Moment_k
Frequency_Moments.Frequency_Moment_0
Frequency_Moments.Frequency_Moment_2
Frequency_Moments.Tutorial_Pseudorandom_Objects
Blue_Eyes.Blue_Eyes
Prop_Compactness.KoenigLemma
Prop_Compactness.k_coloring
Prop_Compactness.Hall_Theorem_Graphs
BDD.EvalProof
BDD.NormalizeTotalProof
FOL_Compactness.Canonical_Models
Amortized_Complexity.Pairing_Heap_List1_Analysis1
Amortized_Complexity.Splay_Tree_Analysis
Amortized_Complexity.Pairing_Heap_Tree_Analysis2
Amortized_Complexity.Pairing_Heap_List1_Analysis2
Amortized_Complexity.Pairing_Heap_List2_Analysis
Amortized_Complexity.Splay_Tree_Analysis_Optimal
Amortized_Complexity.Splay_Heap_Analysis
Amortized_Complexity.Skew_Heap_Analysis
FileRefinement.FileRefinement
FeatherweightJava.Featherweight_Java
MFMC_Countable.Rel_PMF_Characterisation_MFMC
HOL-MicroJava.MicroJava
Dilworth.Dilworth
Multirelations_Heterogeneous.Multirelations
Jinja.Jinja
SPARCv8.Sparc_Code_Gen
SPARCv8.Sparc_Properties
Prime_Distribution_Elementary.Summatory_Divisor_Sigma_Bounds
Prime_Distribution_Elementary.Selberg_Asymptotic_Formula
CVP_Hardness.SVP_vec
CVP_Hardness.CVP_vec
CVP_Hardness.CVP_p
Quantum_Fourier_Transform.QFT
Progress_Tracking.Exchange_Abadi
Progress_Tracking.Combined
HOL-Proofs-Lambda.WeakNorm
HOL-Proofs-Lambda.Standardization
HOL-Proofs-Lambda.StrongNorm
Deep_Learning.DL_Fundamental_Theorem_Network_Capacity
FOL_Axiomatic.FOL_Axiomatic_Variant
FOL_Axiomatic.FOL_Axiomatic
LOFT.OpenFlow_Documentation
LOFT.RFC2544
LOFT.OF_conv_test
HOL-ZF.Games
Involutions2Squares.Involutions2Squares
IMP2.Quickstart_Guide
IMP2.IMP2_from_IMP
Latin_Square.Latin_Square
Coupledsim_Contrasim.Tau_Sinks
Coupledsim_Contrasim.Weak_HML_Contrasimulation
Coupledsim_Contrasim.Contrasim_Word_Game
Coupledsim_Contrasim.Coupledsim_Game_Delay
Coupledsim_Contrasim.Coupledsim_Fixpoint_Algo_Delay
General-Triangle.GeneralTriangle
OmegaCatoidsQuantales.Two_Catoid_Lifting
OmegaCatoidsQuantales.Two_Catoid_Collapse
OmegaCatoidsQuantales.Omega_Catoid_Lifting
AutoCorres2_Main.AutoCorres_Nondet_Syntax
Aho_Corasick.Aho_Corasick
Psi_Calculi.Tau_Laws_Weak
Psi_Calculi.Tau_Laws_No_Weak
Psi_Calculi.Weak_Bisim_Subst
Nested_Multisets_Ordinals.Syntactic_Ordinal_Bridge
Nested_Multisets_Ordinals.Unary_PCF
Nested_Multisets_Ordinals.Goodstein_Sequence
Nested_Multisets_Ordinals.Hydra_Battle
Nested_Multisets_Ordinals.McCarthy_91
Containers.Containers_Userguide
Containers.Card_Datatype_Ex
Containers.Map_To_Mapping_Ex
Containers.Containers_TwoSat_Ex
Containers.Compatibility_Containers_Regular_Sets
SenSocialChoice.May
SenSocialChoice.Arrow
SenSocialChoice.Sen
VerifyThis2019.Challenge3
VerifyThis2019.Challenge1B
VerifyThis2019.Challenge2B
Monomorphic_Monad.Monad_Overloading
Monomorphic_Monad.Interpreter
FocusStreamsCaseStudies.JoinSplitTime
FocusStreamsCaseStudies.SteamBoiler_proof
FocusStreamsCaseStudies.Gateway_proof
FocusStreamsCaseStudies.FR_proof
Greibach_Normal_Form.Greibach_Normal_Form
FOL_Seq_Calc3.Export
FOL_Seq_Calc3.Result
Minimal_SSA.Irreducible
Sigma_Commit_Crypto.Xor
WebAssembly.Wasm_Printing
WebAssembly.Wasm_Interpreter_Printing_Pure
WebAssembly.Wasm_Checker_Properties
WebAssembly.Wasm_Soundness
Stern_Brocot.Bird_Tree
HOL-TLA-Memory.MemoryImplementation
Presburger-Automata.Exec
Relational_Paths.Path_Algorithms
Weight_Balanced_Trees.Weight_Balanced_Trees_log
Weight_Balanced_Trees.Weight_Balanced_Trees
Noninterference_Generic_Unwinding.GenericUnwinding
Inductive_Confidentiality.ConfidentialityGA
Inductive_Confidentiality.Knowledge
Inductive_Confidentiality.ConfidentialityDY
Pop_Refinement.Related_Work
Pop_Refinement.Definition
Pop_Refinement.Future_Work
Pop_Refinement.General_Remarks
Munta_Base.Tracing
Munta_Base.Normalized_Zone_Semantics_Impl_Extra
MiniML.W
Auto2_HOL.Pelletier
Auto2_HOL.Primes_Ex
Boolos_Curious_Inference.Boo2
Boolos_Curious_Inference.Boo1
Abortable_Linearizable_Modules.Consensus
Abortable_Linearizable_Modules.Idempotence
AWN.Toy
AWN.AWN_Term_Graph
ArrowImpossibilityGS.Arrow_Utility
ArrowImpossibilityGS.GS
Security_Protocol_Refinement.m3_nssk_par
Security_Protocol_Refinement.m3_ds_par
Security_Protocol_Refinement.m3_nssk
Security_Protocol_Refinement.m3_kerberos4
Security_Protocol_Refinement.m3_kerberos_par
Security_Protocol_Refinement.m3_ds
Security_Protocol_Refinement.m3_sig
Security_Protocol_Refinement.m3_kerberos5
Security_Protocol_Refinement.m3_enc
MuchAdoAboutTwo.MuchAdoAboutTwo
Differential_Game_Logic.Differential_Game_Logic
HRB-Slicing.HRBSlicing
Van_der_Waerden.Van_der_Waerden
Concurrent_Ref_Alg.Rely_Quotient
Lambda_Free_EPO.Lambda_Free_EPO
Registers.Laws_Complement
Registers.Misc
Registers.Classical_Extra
Registers.Quantum
Registers.Axioms_Quantum
Registers.Laws_Quantum
Registers.Quantum_Extra
Registers.QHoare
Registers.Teleport
Registers.Axioms_Complement_Quantum
Registers.Laws_Complement_Quantum
Registers.Check_Autogenerated_Files
Registers.Quantum_Extra2
Registers.Pure_States
SIFPL.HuntSands
SIFPL.ContextOBJ
SIFPL.ContextVS
Risk_Free_Lending.Risk_Free_Lending
Sophie_Germain.SG_Introduction
Sophie_Germain.SG_Generalization
GPU_Kernel_PL.Kernel_programming_language
Prim_Dijkstra_Simple.Chapter_Prim
Prim_Dijkstra_Simple.Chapter_Dijkstra
Prim_Dijkstra_Simple.Prim_Impl
Prim_Dijkstra_Simple.Dijkstra_Impl
Transitive-Closure-II.RTrancl
Valuation.Valuation3
Tail_Recursive_Functions.CaseStudy1
Tail_Recursive_Functions.CaseStudy2
Tail_Recursive_Functions.Method
Interval_Arithmetic_Word32.Interpreter
Combinatorics_Words_Graph_Lemma.Graph_Lemma
Iptables_Semantics.Alternative_Semantics
Iptables_Semantics.Iptables_Semantics
Iptables_Semantics.Negation_Type_DNF
Iptables_Semantics.Documentation
Iptables_Semantics.Code_haskell
Iptables_Semantics.Semantics_Stateful
TortoiseHare.TortoiseHare
TortoiseHare.Brent
Morley_Theorem.Morley
Residuated_Lattices.Residuated_Relation_Algebra
Residuated_Lattices.Action_Algebra_Models
Residuated_Lattices.Involutive_Residuated
ClockSynchInst.ICAInstance
ClockSynchInst.LynchInstance
Surprise_Paradox.Surprise_Paradox
CZH_Universal_Constructions.CZH_UCAT_Conclusions
Inductive_Inference.Union
Inductive_Inference.LIM_BC
Archimedes_Cattle.Archimedes_Cattle
First_Welfare_Theorem.Exchange_Economy
First_Welfare_Theorem.Arrow_Debreu_Model
First_Welfare_Theorem.Private_Ownership_Economy
Nagata-Factoriality.Nagata_Factoriality
Q0_Metatheory.Consistency
Functional-Automata.Functional_Automata
HOL-TPTP.TPTP_Proof_Reconstruction
HOL-TPTP.MaSh_Eval
HOL-TPTP.ATP_Problem_Import
HOL-TPTP.THF_Arith
HOL-TPTP.ATP_Theory_Export
Superposition_Calculus.Ground_Superposition_Soundness
Superposition_Calculus.Untyped_Superposition_Soundness
Superposition_Calculus.Untyped_Superposition_Completeness
CAVA_Base.All_Of_CAVA_Base
HOL-Computational_Algebra.Computation_Checks
POPLmark-deBruijn.POPLmark
POPLmark-deBruijn.POPLmarkRecordCtxt
POPLmark-deBruijn.Execute
Native_Word.Native_Word_Imperative_HOL
Native_Word.Uint_Userguide
Vickrey_Clarke_Groves.FirstPrice
Vickrey_Clarke_Groves.CombinatorialAuctionCodeExtraction
Roy_Floyd_Warshall.Roy_Floyd_Warshall
Goodstein_Lambda.Goodstein_Lambda
RG_Locks.Lock_Circular_Buffer
RG_Locks.Lock_Ticket
Banach_Tarski.Banach_Tarski_Theorem
Regular-Sets.Regexp_Constructions
Regular-Sets.pEquivalence_Checking
Regular-Sets.Equivalence_Checking2
LambdaMu.Peirce
LambdaMu.Progress
Functional_Ordered_Resolution_Prover.Executable_FO_Ordered_Resolution_Prover
DFS_Framework.DFS_Chapter_Framework
DFS_Framework.On_Stack
IEEE_Floating_Point.Double
IEEE_Floating_Point.IEEE_Single_NaN_SMTLIB
Dijkstra_Shortest_Path.Dijkstra_Impl
Dijkstra_Shortest_Path.Introduction
ADS_Functor.Generic_ADS_Construction
ADS_Functor.Canton_Transaction_Tree
LTL_to_DRA.Export_Code
Catoids.Multimonoid
Catoids.Groupoid_Lifting
CCS.Weak_Cong_Pres
Program-Conflict-Analysis.MainResult
Perron_Frobenius.Perron_Frobenius_Irreducible
Perron_Frobenius.Spectral_Radius_Theory
Perron_Frobenius.Perron_Frobenius_General
Perron_Frobenius.Spectral_Radius_Largest_Jordan_Block
Perron_Frobenius.Spectral_Radius_Theory_2
Perron_Frobenius.Check_Matrix_Growth
HotelKeyCards.NewCard
HotelKeyCards.Equivalence
HOL-Statespace.StateSpaceEx
WorkerWrapper.Nub
WorkerWrapper.Accumulator
WorkerWrapper.UnboxedNats
WorkerWrapper.Last
WorkerWrapper.Continuations
WorkerWrapper.Backtracking
WorkerWrapper.Streams
Knuth_Morris_Pratt.KMP
No_FTL_observers_Gen_Rel.NoFTLGR
FunWithFunctions.FunWithFunctions
Twelvefold_Way.Twelvefold_Way
Show.Show_Real_Impl
Regular_Algebras.Regular_Algebra_Models
Regular_Algebras.Regular_Algebra_Variants
Fresh_Identifiers.Fresh_Infinite
Fresh_Identifiers.Fresh_Int
S_Finite_Measure_Monad.Query
S_Finite_Measure_Monad.Montecarlo
LTL3_Semantics.LTL3
InformationFlowSlicing.NonInterferenceWhile
HOL-TLA-Inc.Inc
Goedel_HFSet_Semantic.Instance
Knot_Theory.Knot_Theory
Splitting_Framework.Lightweight_Avatar
FLP.FLPExistingSystem
Completeness_Decreasing_Diagrams_for_N1.Main_Result_DCR_N1
Completeness_Decreasing_Diagrams_for_N1.DCR3_Optimality
Multitape_To_Singletape_TM.Multi_Single_TM_Translation
Levy_Prokhorov_Metric.Space_of_Finite_Measures
Dirichlet_Series.Dirichlet_Efficient_Code
BinarySearchTree.BinaryTree_TacticStyle
BinarySearchTree.BinaryTree_Map
Public_Announcement_Logic.PAL
Noninterference_Concurrent_Composition.ConcurrentComposition
Solidity.Constant_Folding
Solidity.Compile_Evaluator
Solidity.Reentrancy
ROBDD.BDD_Code
Key_Agreement_Strong_Adversaries.dhlvl3_asymmetric
Key_Agreement_Strong_Adversaries.sklvl3_symmetric
Key_Agreement_Strong_Adversaries.pfslvl3_asymmetric
Key_Agreement_Strong_Adversaries.sklvl3_asymmetric
Key_Agreement_Strong_Adversaries.dhlvl3_symmetric
Key_Agreement_Strong_Adversaries.pfslvl3_symmetric
RSAPSS.RSAPSS
Well_Quasi_Orders.Wqo_Instances
Well_Quasi_Orders.Wqo_Multiset
Well_Quasi_Orders.Higman_OI
Integration.Integral
Integration.Failure
KD_Tree.Range_Search
KD_Tree.Nearest_Neighbors
KD_Tree.Build
Eval_FO.Ailamazyan_Code
Attack_Trees.GDPRhealthcare
Complete_Non_Orders.Fixed_Points
CRYSTALS-Kyber.Crypto_Scheme_NTT
CRYSTALS-Kyber.Kyber_NTT_Values
Regular_Tree_Relations.Myhill_Nerode
Regular_Tree_Relations.Horn_List
Rogers_Ramanujan.Rogers_Ramanujan
CommCSL.NonInterference
Axiom_Free_Ontological_Trinity.Axiom_And_Assumption_Audit
Lam-ml-Normalization.Lam_ml
Alpha_Beta_Pruning.TicTacToe
Alpha_Beta_Pruning.Alpha_Beta_Overview
Lorenz_C0.Lorenz_C0
Tree_Decomposition.TreewidthTree
Binary_Code_Imprimitive.Binary_Imprimitive_Decision
HOL-TLA-Buffer.DBuffer
BTree.BPlusTree_Iter_OneWay
BTree.BPlusTree_ImpSplitCE
BTree.BTree_Height
BTree.BTree_ImpSplit
Relational-Incorrectness-Logic.RelationalIncorrectness
SequentInvertibility.SequentInvertibility
Parallel_Shear_Sort.Parallel_Shear_Sort
Topological_Groups.Matrix_Group
HOL-Homology.Homology
MFODL_Monitor_Optimized.Monitor_Code
Buffons_Needle.Buffons_Needle
Real_Time_Deque.RealTimeDeque_Proof
Ribbon_Proofs.Ribbons_Stratified
Ribbon_Proofs.Ribbons_Graphical_Soundness
MLSSmf_to_MLSS.MLSSmf_to_MLSS_Correctness
MLSSmf_to_MLSS.MLSS_Decidable
MLSSmf_to_MLSS.MLSSmf_to_MLSS_Complexity
Max-Card-Matching.Matching
Cubic_Quartic_Equations.Quartic_Polynomials
Kummer_Congruence.Irregular_Primes_Infinite
MonoidalCategory.FreeMonoidalCategory
HOL-Nonstandard_Analysis.Nonstandard_Analysis
MFOTL_Monitor.Slicing
Schutz_Spacetime.TemporalOrderOnPath
Algebraic_VCs.KAD_is_KAT
Algebraic_VCs.VC_KAT_scratch
Algebraic_VCs.VC_KAD_scratch
Algebraic_VCs.Domain_Quantale
Splay_Tree.Splay_Map
Relational_Disjoint_Set_Forests.Matrix_Peano_Algebras
Lambert_W.Lambert_W_MacLaurin_Series
Pushdown_Systems.Ex
Flyspeck-Tame-Computation.Completeness
Conditional_Transfer_Rule.CTR_Introduction
Conditional_Transfer_Rule.CTR_Reference
Executable_Randomized_Algorithms.Basic_Randomized_Algorithms
Executable_Randomized_Algorithms.Dice_Roll
Binding_Syntax_Theory.Recursion
Binding_Syntax_Theory.Semantic_Domains
Stratified_Datalog.Reachable_Nodes
Stratified_Datalog.Very_Busy_Expressions
Stratified_Datalog.Live_Variables
Hahn_Jordan_Decomposition.Hahn_Jordan_Decomposition
Stalnaker_Logic.Stalnaker_Logic
Chebyshev_Polynomials.Chebyshev_Polynomials
HOL-CSP_OpSem.Recovered_Laws
HOL-CSP_OpSem.Comparison_He_Hoare
HOL-CSP_OpSem.Motivations
HOL-CSP_OpSem.Introduction
HOL-CSP_OpSem.Conclusion
Probabilistic_Prime_Tests.Solovay_Strassen_Test
Probabilistic_Prime_Tests.Miller_Rabin_Test
Probabilistic_Prime_Tests.Fermat_Test
Continued_Fractions.Continued_Fraction_Approximation
Continued_Fractions.E_CFrac
Treaps.Random_Treap
Munta_Certificate_Checker.Munta_Certificate_Compile_MLton
Munta_Certificate_Checker.Munta_Certificate_Compile_Poly
Munta_Certificate_Checker.Lasso_Freeness_Certificates_Complete
Munta_Certificate_Checker.Normalized_Zone_Semantics_Certification_Impl2
Munta_Certificate_Checker.TA_Simulation
Coinductive_Languages.Coinductive_Regular_Set
Coinductive_Languages.Context_Free_Grammar
GewirthPGCProof.GewirthArgument
Boustrophedon_Transform.Increasing_Binary_Trees
Design_Theory.Design_Theory_Root
CYK.CYK
Launchbury.EverythingAdequacy
Lambda_Free_KBOs.Lambda_Free_KBOs
Metalogic_ProofChecker.CodeGen
Safe_Distance.Safe_Distance_Reaction
Safe_Distance.Evaluation
Probabilistic_Noninterference.Trace_Based
Probabilistic_Noninterference.Concrete
Sophomores_Dream.Sophomores_Dream
Separation_Algebra.Sep_Eq
Separation_Algebra.Separation_D
Compiling-Exceptions-Correctly.Exceptions
Name_Carrying_Type_Inference.SimplyTyped
Transition_Systems_and_Automata.NFA
Transition_Systems_and_Automata.NBTA_Combine
Transition_Systems_and_Automata.DFA
Transition_Systems_and_Automata.DBTA_Combine
Furstenberg_Topology.Furstenberg_Topology
PNT_with_Remainder.PNT_Notation
PNT_with_Remainder.PNT_Remainder_Library
PNT_with_Remainder.PNT_Complex_Analysis_Lemmas
PNT_with_Remainder.Relation_of_PNTs
PNT_with_Remainder.Zeta_Zerofree
PNT_with_Remainder.PNT_Subsummable
PNT_with_Remainder.Perron_Formula
PNT_with_Remainder.PNT_with_Remainder
KAT_and_DRA.DRA_Models
KAT_and_DRA.DRAT2
KAT_and_DRA.PHL_DRAT
KAT_and_DRA.FolkTheorem
KAT_and_DRA.KAT2
Minsky_Machines.Minsky
Fixed_Length_Vector.Fixed_Length_Vector
Doob_Convergence.Doob_Convergence
Mission_Time_LTL_to_Regular_Expression.Regex_Equivalence
pGCL.Primitives
pGCL.Monty
Graph_Algorithms.DFS
Graph_Algorithms.BFS_2
Wetzels_Problem.Wetzels_Problem
Nominal_Myhill_Nerode.Nominal_Myhill_Nerode
IMP_Noninterference_Extension.Correctness_Theorem
Combinatorics_Words.Border_Array
Multiset_Ordering_NPC.Multiset_Ordering_in_NP
Multiset_Ordering_NPC.RPO_NP_Hard
FOL_Seq_Calc1.Sequent2
Kleene_Algebra.Formal_Power_Series
Kleene_Algebra.Matrix
Kleene_Algebra.Omega_Algebra_Models
ResiduatedTransitionSystem2.RTSCat_Interp
ResiduatedTransitionSystem2.CategoryOfTransitions
ResiduatedTransitionSystem2.RTSEnrichedCategory
Gabow_SCC.All_Of_Gabow_SCC
AODV.All
Kruskal.UGraph_Impl
Kruskal.Graph_Definition_Impl
Kolmogorov_Chentsov.Kolmogorov_Chentsov
Hood_Melville_Queue.Hood_Melville_Queue
Perfect-Number-Thm.Perfect
CISC-Kernel.Link_separation_kernel_model_to_CISK
Selection_Heap_Sort.HeapFunctional
Selection_Heap_Sort.HeapImperative
Selection_Heap_Sort.SelectionSort_Functional
HOL-Matrix_LP.Cplex
Fermat3_4.Fermat3
Aggregation_Algebras.Linear_Aggregation_Algebras
Deriving.RBT_Compare_Order_Impl
No_FTL_observers.SpecRel
FO_Theory_Rewriting.FOR_Check_Impl
Arbitrage_Probability_Correspondence.Arbitrage_Probability_Correspondence
CAVA_LTL_Modelchecker.Mulog
CAVA_LTL_Modelchecker.All_Of_CAVA_LTL_Modelchecker
Probabilistic_While.Resampling
Probabilistic_While.Fast_Dice_Roll
Density_Compiler.PDF_Compiler
Weighted_Path_Order.KBO_as_WPO
Weighted_Path_Order.Executable_Orders
CoSMeDis.Friend_All
CoSMeDis.Post_All
CoSMeDis.Friend_Request_All
CoSMeDis.Outer_Friend_All
Diophantine_Universal_Pairs.Eleven_Unknowns_Z
Diophantine_Universal_Pairs.Universal_Pairs
Ordinal.Ordinal
Power_Sum_Polynomials.Power_Sum_Puzzle
Coinductive.Coinductive
Free-Groups.Isomorphisms
Concurrent_Revisions.Determinacy
Probabilistic_System_Zoo.Bool_Bounded_Set
Delta_System_Lemma.Konig
Delta_System_Lemma.Cohen_Posets
Topology.LList_Topology
Complx.SumArr
Parity_Game.Graph_TheoryCompatibility
Parity_Game.AttractorInductive
Parity_Game.PositionalDeterminacy
Lower_Semicontinuous.Lower_Semicontinuous
Store_Buffer_Reduction.Preliminaries
Store_Buffer_Reduction.Text
PropResPI.Prime_Implicates
Cube_Dissection.Cube_Dissection
Projective_Geometry.Desargues_3D
Projective_Geometry.Pappus_Desargues
Projective_Geometry.Higher_Projective_Space_Axioms
Projective_Geometry.Projective_Space_Axioms
Projective_Geometry.Desargues_2D
Clean.Clean_Main
Hyperdual.LogisticFunction
Fishburn_Impossibility.Fishburn_Impossibility
HOL-Imperative_HOL.Imperative_HOL_ex
HOL-Imperative_HOL.Congproc_Ex
Hybrid_Multi_Lane_Spatial_Logic.Safety_Perfect
Hybrid_Multi_Lane_Spatial_Logic.Safety_Regular
Incredible_Proof_Machine.Incredible_Propositional_Tasks
Incredible_Proof_Machine.Incredible_Predicate_Tasks
Incredible_Proof_Machine.Incredible_Everything
HOL-Proofs-ex.Proof_Terms
HOL-Proofs-ex.Hilbert_Classical
Edwards_Elliptic_Curves_Group.Edwards_Elliptic_Curves_Group
EdmondsKarp_Maxflow.Edka_Benchmark_Export
ShortestPath.ShortestPathNeg
Distributed_Distinct_Elements.Distributed_Distinct_Elements_Outer_Algorithm
Galois_Energy_Games.Natural_Galois_Energy_Game
Euler_Partition.Euler_Partition
Differential_Dynamic_Logic.Differential_Dynamic_Logic
Mission_Time_LTL_Formula_Progression.MLTL_Formula_Progression
CZH_Foundations.CZH_SMC_Conclusions
CZH_Foundations.CZH_Sets_Conclusions
CZH_Foundations.CZH_DG_Conclusions
Nano_JSON.Nano_JSON_Manual
VeriComp.Fixpoint
Dynamic_Pushdown_Networks.DPN_impl
Dynamic_Pushdown_Networks.DPN_implEx
FunWithTilings.Tilings
Padic_Ints.Zp_Compact
Linear_Recurrences.Rational_FPS_Asymptotics
Higher_Order_Terms.Lambda_Free_Compat
Graph_Saturation.CombinedCorrectness
Bondy.Bondy
LLL_Factorization.Modern_Computer_Algebra_Problem
Allen_Calculus.nest
Mereology.GEM
Three_Circles.Three_Circles
CRYSTALS-Kyber_Security.Kyber_new_Values
IOA-Storage.Correctness
Pre_Star_CFG.Pre_Star_CNF
Pre_Star_CFG.Finiteness
Pi_Irrational.Pi_Irrational
PAPP_Impossibility.PAPP_Impossibility
Ergodic_Theory.Gouezel_Karlsson
Ergodic_Theory.Normalizing_Sequences
Ergodic_Theory.Kohlberg_Neyman_Karlsson
Relational_Forests.Algorithms
Stirling_Formula.Gamma_Asymptotics
IMP2_Binary_Heap.IMP2_Binary_Heap
Falling_Factorial_Sum.Falling_Factorial_Sum_Induction
Falling_Factorial_Sum.Falling_Factorial_Sum_Vandermonde
LambdaAuth.Results
Linear_Inequalities.Integer_Hull
FFT.FFT
Abstract_Soundness.Infinite_Proof_Soundness
Munta_Model_Checker.Munta_Compile_MLton
HereditarilyFinite.Finite_Automata
Ordinals_and_Cardinals.Cardinal_Order_Relation_discontinued
Relational_Minimum_Spanning_Trees.Prim
Relational_Minimum_Spanning_Trees.Boruvka
Myhill-Nerode.Closures2
Myhill-Nerode.Non_Regular_Languages
Closest_Pair_Points.Closest_Pair
Closest_Pair_Points.Closest_Pair_Alternative
Restriction_Spaces-HOLCF.Restriction_Spaces-HOLCF
Sort_Encodings.Encodings
BirdKMP.KMP
Factor_Algebraic_Polynomial.Factor_Real_Poly
Finite_Fields.Finite_Fields_Isomorphic
TsirelsonBound.Tsirelson
Lebesgue_Stieltjes_Integral.Lebesgue_Stieltjes_Integral
Category.Yoneda
Chord_Segments.Chord_Segments
Ackermanns_not_PR.Primrec
Diophantine_Eqns_Lin_Hom.Solver_Code
Maximum_Segment_Sum.Maximum_Segment_Sum
Formal_Puiseux_Series.Formal_Puiseux_Series
IOA-ABP.Spec
IOA-ABP.Correctness
Hypergraph_Colourings.Hypergraph_Colourings_Root
Sigmoid_Universal_Approximation.Sigmoid_Universal_Approximation
Sliding_Window_Algorithm.SWA
Isabelle_C.C_Appendices
Isabelle_C.README
Abstract_Substitution.Substitution_HOL_ex_Unification
Gale_Shapley.Gale_Shapley2
Rewriting_Z.CL_Z
Rewriting_Z.Lambda_Z
Concentrated_Liquidity_Market_Making_Operations.CLMM_Transformation
LLL_Basis_Reduction.FPLLL_Solver
LLL_Basis_Reduction.LLL_Complexity
AutoFocus-Stream.IL_AF_Stream_Exec
Isabelle_hoops.BL_Chains
Slicing.Slicing
Types_To_Sets_Extension.SML_Conclusions
Types_To_Sets_Extension.FNDS_Conclusions
Types_To_Sets_Extension.VS_Conclusions
Types_To_Sets_Extension.ETTS_CR
IOA-ex.TrivEx2
IOA-ex.TrivEx
Relative_Security.Incomplete
Relative_Security.Incomplete_fin
PAC_Checker.PAC_Assoc_Map_Rel
PAC_Checker.PAC_Checker_MLton
IMO2019.IMO2019_Q1
IMO2019.IMO2019_Q5
IMO2019.IMO2019_Q4
Liouville_Numbers.Liouville_Numbers
HOL-CSP_Proc-Omata.Conclusion
HOL-CSP_Proc-Omata.Introduction
Serializable.Serializable
Irrationality_J_Hancl.Irrationality_J_Hancl
DPRM_Theorem.DPRM
Ceva.Ceva
Hilbert_Basis.Hilbert_Basis_Introduction
Hilbert_Basis.Formal_Power_Series_Ring
Transcendence_Series_Hancl_Rucki.Transcendence_Series
Encodability_Process_Calculi.CombinedCriteria
Stream-Fusion.StreamFusion
JinjaDCI.JinjaDCI
Kneser_Cauchy_Davenport.Kneser_Cauchy_Davenport_main_proofs
Disintegration.Disintegration
Crypto_Standards.Crypto_Standards
Karatsuba.Karatsuba_Code_Nat
HyperHoareLogic.PaperResults
Picks_Theorem.Pick
Weak_Spectroscopy.Branching_Bisimilarity
Weak_Spectroscopy.Weak_Traces
Weak_Spectroscopy.Silent_Step_Spectroscopy
CryptHOL.Generat
CryptHOL.List_Bits
CryptHOL.Resumption
CryptHOL.Generative_Probabilistic_Value
CryptHOL.Computational_Model
CryptHOL.GPV_Expectation
CryptHOL.GPV_Bisim
CryptHOL.GPV_Applicative
CryptHOL.CryptHOL
CRYSTALS-Kyber_Security.Lemmas_for_spmf
GraphMarkingIBP.DSWMark
LTL_Master_Theorem.Asymmetric_Master_Theorem
LTL_Master_Theorem.Code_Export
IMAP-CRDT.IMAP-proof
Rep_Fin_Groups.Rep_Fin_Groups
HOL-Analysis-ex.Approximations
Boolos_Curious_Inference_Automated.Boolos_Curious_Inference_Automated
Root_Balanced_Tree.Root_Balanced_Tree_Tab
HOL-Probability-ex.Koepf_Duermuth_Countermeasure
HOL-Probability-ex.Measure_Not_CCC
HOL-Probability-ex.Dining_Cryptographers
MFMC_Countable.Max_Flow_Min_Cut_Countable
Derangements.Derangements
Concentration_Inequalities.Cantelli_Inequality
Concentration_Inequalities.Bennett_Inequality
Concentration_Inequalities.Efron_Stein_Inequality
Balog_Szemeredi_Gowers.Additive_Energy_Lower_Bounds
Balog_Szemeredi_Gowers.Balog_Szemeredi_Gowers_Supplementary
Set_Reconciliation.Set_Reconciliation
DigitsInBase.DigitsInBase
Noninterference_Inductive_Unwinding.InductiveUnwinding
Hales_Jewett.Hales_Jewett
Z_Toolkit.Z_Toolkit_Overview
Z_Toolkit.Z_Toolkit
Ramsey-Infinite.Ramsey
RIPEMD-160-SPARK.RIPEMD_160_SPARK
Binomial-Queues.PQ_Implementation
Recursion-Addition.recursion
Expander_Graphs.Expander_Graphs_Cheeger_Inequality
ProcessComposition.CopyableElimination
Jordan_Hoelder.JordanHolder
Diagonal_Ramsey.The_Proof
IOA-NTP.Overview
IOA-NTP.Correctness
LTL_Normal_Form.Normal_Form_Code_Export
LTL_Normal_Form.Normal_Form_Complexity
LL1_Parser.Json_Parser
FinFun.FinFunPred
Kuratowski_Closure_Complement.KuratowskiClosureComplementTheorem
Password_Authentication_Protocol.Protocol
Applicative_Lifting.Idiomatic_Terms
Applicative_Lifting.Applicative_Functor
HOL-Prolog.Type
Coproduct_Measure.Coproduct_Measure_Additional
Smith_Normal_Form.Mod_Type_Connect
Skip_Lists.Skip_List
SAT_Not_Const_Time.SAT_Not_Const_Time
CondNormReasHOL.mere_addition_opt
CondNormReasHOL.mere_addition_max
CondNormReasHOL.mere_addition_lewis
Separation_Logic_Unbounded.AutomaticVerifiers
Euler_Polyhedron_Formula.Euler_Formula
Category_Set.ETCS
Abstract_Completeness.Propositional_Logic
Farey_Sequences.Farey_Ford
Paraconsistency.Paraconsistency_Validity_Infinite
HyperCTL.HyperCTL
Relational_Method.Possibility
Tree-Automata.Ta_impl_codegen
Suppes_Theorem.Suppes_Theorem
HOL-Real_Asymp-Manual.Real_Asymp_Doc
GenClock.GenClock
IMP_Compiler_Reuse.Compiler2
Multirelations.Multirelations
JiveDataStoreModel.UnivSpec
First_Order_Terms.Unification_String
First_Order_Terms.Unification_More
Derandomization_Conditional_Expectations.Derandomization_Conditional_Expectations_Independent_Set
Source_Coding_Theorem.Source_Coding_Theorem
Logging_Independent_Anonymity.Possibility
Fisher_Yates.Fisher_Yates
NormByEval.NBE
StrictOmegaCategories.Pasting_Diagram
Independence_CH.Demonstrations
Broadcast_Psi.Broadcast_Thms
Randomized_Closest_Pair.Randomized_Closest_Pair_Time
HOL-Mutabelle.MutabelleExtra
Linear_Programming.Linear_Programming
Menger.Menger
Gray_Codes.Non_Boolean_Gray
Tree_Enumeration.Rooted_Tree_Enumeration
Tree_Enumeration.Labeled_Tree_Enumeration
Taylor_Models.Float_Topology
Taylor_Models.Experiments
LightweightJava.Lightweight_Java_Proof
Buchi_Complementation.Complementation_Build
Separata.Separata
Path_Automation.Path_Automation
HOL-SET_Protocol.SET_Protocol
ABY3_Protocols.Spmf_Common
ABY3_Protocols.Additive_Sharing
ABY3_Protocols.Sharing_Lemmas
ABY3_Protocols.Multiplication
ABY3_Protocols.Multiplication_Synthesization
ABY3_Protocols.Shuffle
IsaNet.All_Protocols
JinjaThreads.JinjaThreads
Hypergraph_Basics.Hypergraph_Basics_Root
Schoenhage_Strassen.Schoenhage_Strassen_TM
Uncertainty_Principle.Uncertainty_Principle
Quantifier_Elimination_Hybrid.Hybrid_Multiv_Algorithm_Proofs
Noninterference_CSP.GeneralizedNoninterference
Architectural_Design_Patterns.Blackboard
Architectural_Design_Patterns.Blockchain
Free-Boolean-Algebra.Free_Boolean_Algebra
List-Infinite.ListInfinite
OpSets.List_Spec
OpSets.RGA
OpSets.Interleaving
Multi_Party_Computation.Malicious_Defs
Multi_Party_Computation.Semi_Honest_Def
Multi_Party_Computation.Cyclic_Group_Ext
Multi_Party_Computation.OT_Functionalities
Multi_Party_Computation.ETP
Multi_Party_Computation.ETP_OT
Multi_Party_Computation.Uniform_Sampling
Multi_Party_Computation.OT14
Multi_Party_Computation.ETP_RSA_OT
Multi_Party_Computation.Secure_Multiplication
Multi_Party_Computation.GMW
Probabilistic_Timed_Automata.PTA_Reachability
Sets_Revisited.SetsCat_Interps
Combinatorial_Enumeration_Algorithms.Combinatorial_Enumeration_Algorithms
Hermite_Lindemann.Hermite_Lindemann
Real_Power.Log
Efficient-Mergesort.Mergesort_Complexity
Efficient-Mergesort.Natural_Mergesort
Error_Function.Error_Function_Asymptotics
Two_Hermitian_Results.Misc_Matrix_Results
Two_Hermitian_Results.Cauchy_Eigenvalue_Interlacing
Two_Hermitian_Results.Sylvester_Criterion
Depth-First-Search.DFS
DCR-ExecutionEquivalence.DCRExecutionEquivalence
SC_DOM_Components.Shadow_DOM_SC_DOM_Components
Arith_Prog_Rel_Primes.Arith_Prog_Rel_Primes
CofGroups.CofGroups
Sumcheck_Protocol.Concrete_Multivariate_Polynomials
Buildings.Building
GoedelGod.GoedelGod
Countable_Sums_and_Discrete_Distributions.Discrete_Subdistributions_and_Distributions
Isabelle-Solidity.Token
Isabelle-Solidity.Bank
Isabelle-Solidity.SimpleAuction
Isabelle-Solidity.Voting
Isabelle-Solidity.Casino
MLSS_Decision_Proc.MLSS_Proc_All
Efficient_Weighted_Path_Order.RPO_Mem_Impl
Stochastic_Matrices.Stochastic_Matrix_Perron_Frobenius
Combinable_Wands.CombinableWands
Nominal_Unification.NU
Extended_Finite_State_Machine_Inference.Code_Generation
Relation_Algebra.Relation_Algebra_Models
Relation_Algebra.Relation_Algebra_Direct_Products
Isabelle_DOF.ontologies
Isabelle_DOF.Isabelle_DOF_Manual
AxiomaticCategoryTheory.AxiomaticCategoryTheory
Sauer_Shelah_Lemma.Sauer_Shelah_Lemma
Conditional_Simplification.CS_Reference
Poincare_Disc.Poincare_Perpendicular
Gauss_Sums.Polya_Vinogradov
Formal_SSA.WhileGraphSSA
Formal_SSA.SSA_Semantics
Formal_SSA.Generic_Extract
QHLProver.Grover
IMP_Compiler.Compiler2
Posix-Lexing.Positions3
Posix-Lexing.Positions
Posix-Lexing.Simplifying
Posix-Lexing.Simplifying3
UpDown_Scheme.Imperative
UpDown_Scheme.Up_Down
Locally-Nameless-Sigma.Locally_Nameless_Sigma
Minkowskis_Theorem.Minkowskis_Theorem
Echelon_Form.Cayley_Hamilton_Compatible
Echelon_Form.Code_Cayley_Hamilton
Echelon_Form.Echelon_Form
Echelon_Form.Echelon_Form_IArrays
Echelon_Form.Echelon_Form_Det
Echelon_Form.Echelon_Form_Inverse
Echelon_Form.Echelon_Form_Det_IArrays
Echelon_Form.Code_Cayley_Hamilton_IArrays
Echelon_Form.Echelon_Form_Inverse_IArrays
CRDT.RGA
CRDT.Counter
CRDT.ORSet
Planarity_Certificates.Planarity_Certificates
IFC_Tracking.PDG
SuperCalc.superposition
Given_Clause_Loops.Given_Clause_Loops
Khovanskii_Theorem.Khovanskii
HOL-TLA.README
Lovasz_Local.Lovasz_Local_Root
Generalized_Cauchy_Davenport.Generalized_Cauchy_Davenport_main_proof
Verified-Prover.Prover
Orbit_Stabiliser.Tetrahedron
Chomsky_Schuetzenberger.Chomsky_Schuetzenberger
Stellar_Quorums.Stellar_Quorums
Automated_Stateful_Protocol_Verification.manual
Simpl.Simpl
Dependent_SIFUM_Type_Systems.LocallySoundModeUse
Youngs_Inequality.Youngs
RefinementReactive.Reactive
Irrationals_From_THEBOOK.Irrationals_From_THEBOOK
Chebyshev_Prime_Bounds.Chebyshev_Prime_Exhaust
Chebyshev_Prime_Bounds.Chebyshev_Prime_Bounds
Polynomials.NZM
PLM.Thesis
Pure.Sessions
Two_Generated_Word_Monoids_Intersection.Two_Generated_Word_Monoids_Intersection
Game_Based_Crypto.Pseudo_Random_Permutation
Game_Based_Crypto.Guessing_Many_One
Game_Based_Crypto.IND_CCA2_sym
Game_Based_Crypto.IND_CPA_PK_Single
Game_Based_Crypto.Pseudo_Random_Function
Game_Based_Crypto.Diffie_Hellman
Game_Based_Crypto.Unpredictable_Function
Game_Based_Crypto.RP_RF
Game_Based_Crypto.CryptHOL_Tutorial
Game_Based_Crypto.SUF_CMA
Game_Based_Crypto.IND_CPA
Game_Based_Crypto.PRF_IND_CPA
Game_Based_Crypto.PRF_UHF
Game_Based_Crypto.Elgamal
Game_Based_Crypto.PRF_UPF_IND_CCA
Game_Based_Crypto.IND_CCA2
Game_Based_Crypto.IND_CPA_PK
Game_Based_Crypto.Hashed_Elgamal
Game_Based_Crypto.Cryptographic_Constructions
Game_Based_Crypto.Security_Spec
Game_Based_Crypto.Game_Based_Crypto
Simple_Clause_Learning.SCL_FOL
Simple_Clause_Learning.Initial_Literals_Generalize_Learned_Literals
Simple_Clause_Learning.Invariants
Simple_Clause_Learning.Non_Redundancy
Simple_Clause_Learning.Termination
Simple_Clause_Learning.Correct_Termination
Simple_Clause_Learning.Completeness
Relational_Cardinality.Cardinality
Unconstrained_Optimization.Unconstrained_Optimization
Promela.All_Of_Promela
Van_Emde_Boas_Trees.Imperative_HOL_Add
Iteration_Algebra.Iteration
Safe_Range_RC.Results
QBF_Solver_Verification.SolverExport
Discrete-UCB.Discrete_UCB_Step3
Restriction_Spaces-Ultrametric
HOL-Hoare_Parallel.Hoare_Parallel
Ptolemys_Theorem.Ptolemys_Theorem
List_Update.Comb
SWF_Impossibility.Anon_Unan_Stratproof_Impossibility
SWF_Impossibility.Majcons_Stratproof_Impossibility
No_Free_Lunch_ML.No_Free_Lunch_ML
HOL-Unix.Unix
Fourier.Fourier
Dominance_CHK.Dom_Kildall_Correct
SIFUM_Type_Systems.TypeSystem
SIFUM_Type_Systems.LocallySoundModeUse
ML_Bootstrap
LP_Duality.LP_Duality
HOLCF-IMP.HoareEx
BurrowsWheeler.IBWT
BurrowsWheeler.Rotated_Substring
BurrowsWheeler.SA_Count
PAL.PAL
Completeness.Soundness
Multi_Party_Computation.Noar_Pinkas_OT
Multi_Party_Computation.DH_Ext
Multi_Party_Computation.Malicious_OT
KnuthMorrisPratt.KnuthMorrisPratt
Stewart_Apollonius.Stewart_Apollonius
AOT.AOT_misc
MonoBoolTranAlgebra.Statements
Robinson_Arithmetic.Instance
GaleStewart_Games.GaleStewartDeterminedGames
Cauchy.CauchySchwarz
Nominal2.Eqvt
Nominal2.Atoms
Prime_Harmonic_Series.Prime_Harmonic
Transitive_Union_Closed_Families.Transitive_Union_Closed_Families
Computational_pAdics.More_pAdic_Product
Sigma_Commit_Crypto.Cyclic_Group_Ext
Sigma_Commit_Crypto.Discrete_Log
Sigma_Commit_Crypto.Uniform_Sampling
Sigma_Commit_Crypto.Commitment_Schemes
Sigma_Commit_Crypto.Sigma_Protocols
Sigma_Commit_Crypto.Chaum_Pedersen_Sigma_Commit
Sigma_Commit_Crypto.Schnorr_Sigma_Commit
Sigma_Commit_Crypto.Okamoto_Sigma_Commit
Sigma_Commit_Crypto.Sigma_OR
Sigma_Commit_Crypto.Sigma_AND
Sigma_Commit_Crypto.Rivest
Sigma_Commit_Crypto.Pedersen
Hybrid_Logic.Hybrid_Logic
VolpanoSmith.Execute
KBPs.KBPs_Main
Lorenz_C1.Lorenz_C1
Bounded_Deducibility_Security.Bounded_Deducibility_Security
Polynomial_Crit_Geometry.Polynomial_Crit_Geometry
Grothendieck_Schemes.Scheme
Simple_Firewall.Shadowed
Combinatorics_Words_Lyndon.Lyndon_Addition
CoreC++.CoreC++
Gaussian_Integers.Gaussian_Integers_Everything
Padic_Field.Padic_Semialgebraic_Function_Ring
Elliptic_Curves_Group_Law.Elliptic_Axclass
Substitutions_Lambda_Free.Substitutions_Lambda_Free
Optics.Lens_State
Correctness_Algebras.N_Semirings_Modal
AnselmGod.AnselmGod
Partial_Order_Reduction.Ample_Correctness
CZH_Elementary_Categories.CZH_ECAT_Conclusions
SDS_Impossibility.SDS_Impossibility
HOL-IOA.Solve
Mostowski_Collapse.Mostowski_Collapse
Quaternions.Quaternions
LocalLexing.MainTheorems
Complex_Geometry.Chordal_Metric
Abel_Limit_Theorem.Binomial_Sqrt_Series_Boundary
Oneway2Hiding.O2H_Additional_Lemmas
Oneway2Hiding.Definition_O2H
Oneway2Hiding.Unitary_S
Oneway2Hiding.More_Kraus_Maps
Oneway2Hiding.Unitary_S_prime
Oneway2Hiding.Run_Adversary
Oneway2Hiding.Purification
Oneway2Hiding.Limit_Process
Oneway2Hiding.Definition_Pure_O2H
Oneway2Hiding.Run_Pure_B
Oneway2Hiding.Run_Pure_B_count
Oneway2Hiding.Pure_O2H
Oneway2Hiding.Mixed_O2H
Oneway2Hiding.O2H_Theorem
Belief_Revision.AGM_Revision
Workflow_Net_Fitness_Measures.DefinitionCorrectness
Schwartz_Zippel.Rand_Perfect_Matching
Eudoxus_Reals.Eudoxus
Statecharts.CarAudioSystem
Cardinality_Continuum.Cardinality_Euclidean_Space
Card_Equiv_Relations.Card_Partial_Equiv_Relations
Actuarial_Mathematics.Interest
HOL-Algebra.README
Goedel_HFSet_Semanticless.Instance
Stone_Cech.Stone_Cech
Rensets.All
Combinatorial_Nullstellensatz.Combinatorial_Nullstellensatz
FOL_Harrison.FOL_Harrison
CubicalCategories.CubicalOmegaZeroCategoriesConnections
Symmetric_Polynomials.Symmetric_Polynomials_Code
Naproche.Build
HOL-Real_Asymp.Real_Asymp_Approx
IO_Language_Conformance.Input_Output_Language_Conformance
Dedekind_Real.Dedekind_Real
CAVA_Automata.All_Of_CAVA_Automata
Directed_Sets.Directed_Completeness
Isabelle_Meta_Model.Rail
Neural_Networks.NN_Manual
HOL-Analysis.Finite_Function_Topology
Tycon.Monad_Transformer
Generalized_Counting_Sort.Stability
Lifting_the_Exponent.LTE
Chandy_Lamport.Co_Snapshot
ResiduatedTransitionSystem.LambdaCalculus
Robbins-Conjecture.Robbins_Conjecture
Modular_arithmetic_LLL_and_HNF_algorithms.Storjohann_Impl
Octonions.Octonions
C2KA_DistributedSystems.Communication_C2KA
NREST.Refine_Foreach
Neumann_Morgenstern_Utility.Expected_Utility
Hermite.Hermite
Hermite.Hermite_IArrays
Modular_arithmetic_LLL_and_HNF_algorithms.Uniqueness_Hermite
Compressed_Oracles.Misc_Compressed_Oracle
Compressed_Oracles.Function_At
Compressed_Oracles.Invariant_Preservation
Compressed_Oracles.CO_Operations
Compressed_Oracles.Compressed_Oracle_Is_RO
Compressed_Oracles.Oracle_Programs
Compressed_Oracles.CO_Invariants
Compressed_Oracles.Collision
Compressed_Oracles.Find_Zero
Constructive_Cryptography.Resource
Constructive_Cryptography.Converter
Constructive_Cryptography.Converter_Rewrite
Constructive_Cryptography.Random_System
Constructive_Cryptography.Distinguisher
Constructive_Cryptography.Wiring
Constructive_Cryptography.Constructive_Cryptography
Constructive_Cryptography.System_Construction
Constructive_Cryptography.Message_Authentication_Code
Constructive_Cryptography.One_Time_Pad
Constructive_Cryptography.Secure_Channel
Smith_Normal_Form.SNF_Missing_Lemmas
Smith_Normal_Form.Smith_Normal_Form_JNF
Modular_arithmetic_LLL_and_HNF_algorithms.Uniqueness_Hermite_JNF
Smith_Normal_Form.SNF_Algorithm
Smith_Normal_Form.Elementary_Divisor_Rings
Smith_Normal_Form.Smith_Normal_Form
Smith_Normal_Form.Diagonal_To_Smith
Smith_Normal_Form.Cauchy_Binet
Smith_Normal_Form.Cauchy_Binet_HOL_Analysis
Smith_Normal_Form.Admits_SNF_From_Diagonal_Iff_Bezout_Ring
Smith_Normal_Form.Diagonalize
Smith_Normal_Form.SNF_Algorithm_HOL_Analysis
Smith_Normal_Form.Alternative_Proofs
Smith_Normal_Form.SNF_Algorithm_Two_Steps
Smith_Normal_Form.Diagonal_To_Smith_JNF
Smith_Normal_Form.SNF_Algorithm_Two_Steps_JNF
Smith_Normal_Form.SNF_Algorithm_Euclidean_Domain
Modular_arithmetic_LLL_and_HNF_algorithms.HNF_Mod_Det_Algorithm
Modular_arithmetic_LLL_and_HNF_algorithms.HNF_Mod_Det_Soundness
Modular_arithmetic_LLL_and_HNF_algorithms.LLL_Certification_via_HNF
Smith_Normal_Form.SNF_Uniqueness
Smith_Normal_Form.Smith_Certified
SCL_Simulates_Ground_Resolution.Background
SCL_Simulates_Ground_Resolution.ORD_RES
SCL_Simulates_Ground_Resolution.Exhaustive_Resolution
SCL_Simulates_Ground_Resolution.Exhaustive_Factorization
SCL_Simulates_Ground_Resolution.Implicit_Exhaustive_Factorization
SCL_Simulates_Ground_Resolution.Clause_Could_Propagate
SCL_Simulates_Ground_Resolution.ORD_RES_4
SCL_Simulates_Ground_Resolution.ORD_RES_5
SCL_Simulates_Ground_Resolution.ORD_RES_6
SCL_Simulates_Ground_Resolution.ORD_RES_3
SCL_Simulates_Ground_Resolution.ORD_RES_8
SCL_Simulates_Ground_Resolution.ORD_RES_9
SCL_Simulates_Ground_Resolution.ORD_RES_10
SCL_Simulates_Ground_Resolution.ORD_RES_11
SCL_Simulates_Ground_Resolution.ORD_RES_7
SCL_Simulates_Ground_Resolution.ORD_RES_1
SCL_Simulates_Ground_Resolution.ORD_RES_2
SCL_Simulates_Ground_Resolution.Simulation_SCLFOL_ORDRES
Constructive_Cryptography_CM.More_CC
Constructive_Cryptography_CM.Fold_Spmf
Constructive_Cryptography_CM.Fused_Resource
Constructive_Cryptography_CM.Key
Constructive_Cryptography_CM.Channel
Constructive_Cryptography_CM.State_Isomorphism
Constructive_Cryptography_CM.Construction_Utility
Constructive_Cryptography_CM.Observe_Failure
Constructive_Cryptography_CM.Concrete_Security
Constructive_Cryptography_CM.Asymptotic_Security
Constructive_Cryptography_CM.Diffie_Hellman_CC
Constructive_Cryptography_CM.One_Time_Pad
Constructive_Cryptography_CM.DH_OTP
CRYSTALS-Kyber_Security.MLWE
CRYSTALS-Kyber_Security.Correct_new
CRYSTALS-Kyber_Security.Kyber_gpv_IND_CPA
CRYSTALS-Kyber_Security.Correct
