Cauchy.CauchySchwarz
HOL-ex.Execute_Choice
HOL-ex.Lagrange
HOL-ex.Intuitionistic
HOL-ex.BigO
HOL-ex.HarmonicSeries
HOL-ex.Function_Growth
HOL-ex.Code_Timing
HOL-ex.Tarski
HOL-ex.Gauge_Integration
HOL-ex.PER
HOL-ex.Sudoku
HOL-ex.Bit_Operation_Computations
HOL-ex.CTL
HOL-ex.BinEx
HOL-ex.MergeSort
HOL-ex.SOS
HOL-ex.Triangular_Numbers
HOL-ex.Case_Product
HOL-ex.Ballot
HOL-ex.Residue_Ring
HOL-ex.Word_Msb
HOL-ex.Normalization_by_Evaluation
HOL-ex.Cubic_Quartic
HOL-ex.Perm_Fragments
HOL-ex.Specifications_with_bundle_mixins
HOL-ex.Transitive_Closure_Table_Ex
HOL-ex.Code_Lazy_Demo
HOL-ex.Hebrew
HOL-ex.SOS_Cert
HOL-ex.Pythagoras
HOL-ex.veriT_Preprocessing
HOL-ex.Erdoes_Szekeres
HOL-ex.Set_Theory
HOL-ex.Executable_Relation
HOL-ex.Transfer_Debug
HOL-ex.Tree23
HOL-ex.Transfer_Int_Nat
HOL-ex.Peano_Axioms
HOL-ex.ThreeDivides
HOL-ex.PresburgerEx
HOL-ex.Termination
HOL-ex.Computations
HOL-ex.Serbian
HOL-ex.Bubblesort
HOL-ex.Antiquote
HOL-ex.MonoidGroup
HOL-ex.Sqrt_Script
HOL-ex.NatSum
HOL-ex.Radix_Sort
HOL-ex.Classical
HOL-ex.Join_Theory
HOL-ex.Chinese
HOL-ex.Multiquote
Boolos_Curious_Inference_Automated.Boolos_Curious_Inference_Automated
HOL-UNITY.Common
HOL-UNITY.Mutex
HOL-UNITY.Token
HOL-UNITY.Counterc
HOL-UNITY.README_Simple
HOL-UNITY.NSP_Bad
HOL-UNITY.Progress
HOL-UNITY.README_Comp
HOL-UNITY.Priority
HOL-UNITY.Counter
HOL-UNITY.Deadlock
HOL-UNITY.TimerArray
HOL-UNITY.Handshake
HOL-UNITY.Alloc
HOL-UNITY.Client
HOL-UNITY.Network
HOL-UNITY.Lift
HOL-UNITY.Channel
HOL-UNITY.README
HOL-UNITY.ELT
HOL-UNITY.Reachability
HOL-UNITY.AllocImpl
Notes_On_Goedels_Ontological_Argument.GoedelVariantHOML3AndersonQuant
Notes_On_Goedels_Ontological_Argument.GoedelVariantHOML3inS4
Notes_On_Goedels_Ontological_Argument.ThereIsNoEvil2
Notes_On_Goedels_Ontological_Argument.GoedelVariantHOML1AndersonQuant
Notes_On_Goedels_Ontological_Argument.GoedelVariantHOML3poss
Notes_On_Goedels_Ontological_Argument.ScottVariantHOMLinS4
Notes_On_Goedels_Ontological_Argument.GoedelVariantHOML2inS4
Notes_On_Goedels_Ontological_Argument.SurjectiveCantor
Notes_On_Goedels_Ontological_Argument.GoedelVariantHOML2AndersonQuant
Notes_On_Goedels_Ontological_Argument.ScottVariantHOMLAndersonQuant
Notes_On_Goedels_Ontological_Argument.GoedelVariantHOML1inS4
Notes_On_Goedels_Ontological_Argument.ScottVariantHOMLposs
Notes_On_Goedels_Ontological_Argument.ScottVariantHOMLpossInS4
Notes_On_Goedels_Ontological_Argument.GoedelVariantHOML1poss
Notes_On_Goedels_Ontological_Argument.GoedelVariantHOML2poss
Notes_On_Goedels_Ontological_Argument.GoedelVariantHOML1
Notes_On_Goedels_Ontological_Argument.GoedelVariantHOML3possInS4
Notes_On_Goedels_Ontological_Argument.ScottVariantHOMLinK
Notes_On_Goedels_Ontological_Argument.ThereIsNoEvil1
Notes_On_Goedels_Ontological_Argument.GoedelVariantHOML2possInS4
Notes_On_Goedels_Ontological_Argument.ScottVariantHOML
Notes_On_Goedels_Ontological_Argument.EvilDerivable
KAT_and_DRA.KAT2
KAT_and_DRA.FolkTheorem
KAT_and_DRA.DRAT2
KAT_and_DRA.DRA_Models
KAT_and_DRA.PHL_DRAT
Higher_Order_Terms.Lambda_Free_Compat
HOL-SPARK-Manual.VC_Principles
HOL-SPARK-Manual.Reference
HOL-SPARK-Manual.Complex_Types
IsaNet.All_Protocols
BTree.BTree_ImpSplit
BTree.BPlusTree_ImpSplitCE
BTree.BPlusTree_Iter_OneWay
BTree.BTree_Height
Correctness_Algebras.Monotonic_Boolean_Transformers_Instances
Correctness_Algebras.N_Relation_Algebras
Correctness_Algebras.Boolean_Semirings
Correctness_Algebras.Capped_Omega_Algebras
Correctness_Algebras.N_Omega_Binary_Iterings
Correctness_Algebras.Extended_Designs
Correctness_Algebras.Recursion_Strict
Correctness_Algebras.Domain_Recursion
Correctness_Algebras.Binary_Iterings_Nonstrict
Correctness_Algebras.N_Semirings_Modal
Parity_Game.PositionalDeterminacy
Parity_Game.AttractorInductive
Parity_Game.Graph_TheoryCompatibility
First_Welfare_Theorem.Exchange_Economy
First_Welfare_Theorem.Arrow_Debreu_Model
First_Welfare_Theorem.Private_Ownership_Economy
QBF_Solver_Verification.SolverExport
CoSMeDis.Outer_Friend_All
CoSMeDis.Friend_Request_All
CoSMeDis.Post_All
CoSMeDis.Friend_All
Physical_Quantities.SI_Astronomical
Physical_Quantities.BIS
Physical_Quantities.SI_Pretty
Coupledsim_Contrasim.Coupledsim_Fixpoint_Algo_Delay
Coupledsim_Contrasim.Weak_HML_Contrasimulation
Coupledsim_Contrasim.Contrasim_Word_Game
Coupledsim_Contrasim.Tau_Sinks
Coupledsim_Contrasim.Coupledsim_Game_Delay
WorkerWrapper.UnboxedNats
WorkerWrapper.Streams
WorkerWrapper.Continuations
WorkerWrapper.Backtracking
WorkerWrapper.Last
WorkerWrapper.Accumulator
WorkerWrapper.Nub
Call_Arity.TrivialArityAnal
Call_Arity.ArityAnalysisCorrDenotational
Call_Arity.ArityTransformSafe
Call_Arity.NoCardinalityAnalysis
Call_Arity.SestoftCorrect
Call_Arity.CallArityEnd2EndSafe
LTL_Master_Theorem.Code_Export
LTL_Master_Theorem.Asymmetric_Master_Theorem
Key_Agreement_Strong_Adversaries.sklvl3_symmetric
Key_Agreement_Strong_Adversaries.dhlvl3_asymmetric
Key_Agreement_Strong_Adversaries.pfslvl3_symmetric
Key_Agreement_Strong_Adversaries.sklvl3_asymmetric
Key_Agreement_Strong_Adversaries.dhlvl3_symmetric
Key_Agreement_Strong_Adversaries.pfslvl3_asymmetric
ConcurrentHOL.WickersonDoddsParkinson
ConcurrentHOL.Safety_Closure
ConcurrentHOL.Floyd_Warshall
ConcurrentHOL.BFS
ConcurrentHOL.Inhabitation
ConcurrentHOL.Exceptions
ConcurrentHOL.FindP
ConcurrentHOL.Atomic
ConcurrentHOL.TSO_litmus
HOL-Induct.Term
HOL-Induct.QuoNestedDataType
HOL-Induct.ABexp
HOL-Induct.Sigma_Algebra
HOL-Induct.Com
HOL-Induct.PropLog
HOL-Induct.QuoDataType
HOL-Induct.Comb
HOL-Induct.Infinitely_Branching_Tree
HOL-Induct.Common_Patterns
HOL-Induct.Nested_Datatype
HOL-Induct.SList
HOL-Induct.Ordinals
Lie_Groups.Lie_Algebra
Lie_Groups.Diff_PiE
Lie_Groups.Classical_Groups
Derangements.Derangements
Fourier.Fourier
Euler_Partition.Euler_Partition
Network_Security_Policy_Verification.attic
Network_Security_Policy_Verification.Impl_List_Playground
Network_Security_Policy_Verification.CryptoDB
Network_Security_Policy_Verification.Impl_List_Playground_statefulpolicycompliance
Network_Security_Policy_Verification.Imaginary_Factory_Network
Network_Security_Policy_Verification.Network_Security_Policy_Verification
Network_Security_Policy_Verification.MeasrDroid
Network_Security_Policy_Verification.IDEM
Network_Security_Policy_Verification.Analysis_Tainting
Network_Security_Policy_Verification.TopoS_generateCode
Network_Security_Policy_Verification.ML_GraphViz_Disable
Network_Security_Policy_Verification.Distributed_WebApp
Network_Security_Policy_Verification.I8_SSH_Landscape
Network_Security_Policy_Verification.SINVAR_BLPstrict
Network_Security_Policy_Verification.SINVAR_Subnets2
Nano_JSON.Nano_JSON_Manual
DOM_Components.Shadow_DOM_Components
Pure.Sessions
SuffixArray.SACA_Equiv
SuffixArray.Code_Extraction
SuffixArray.Prefix_Util
CakeML_Codegen.Doc_Compiler
CakeML_Codegen.Doc_Terms
CakeML_Codegen.Doc_Preproc
CakeML_Codegen.Doc_CupCake
CakeML_Codegen.Doc_Rewriting
CakeML_Codegen.Doc_Backend
Closest_Pair_Points.Closest_Pair_Alternative
Closest_Pair_Points.Closest_Pair
FeatherweightJava.Featherweight_Java
WebAssembly.Wasm_Checker_Properties
WebAssembly.Wasm_Soundness
WebAssembly.Wasm_Printing
WebAssembly.Wasm_Interpreter_Printing_Pure
Valuation.Valuation3
Root_Balanced_Tree.Root_Balanced_Tree_Tab
Gauss_Sums.Polya_Vinogradov
Kleene_Algebra.Formal_Power_Series
Kleene_Algebra.Omega_Algebra_Models
Kleene_Algebra.Matrix
Berlekamp_Zassenhaus.Factorization_External_Interface
Berlekamp_Zassenhaus.Hensel_Lifting_Type_Based
Isabelle_Marries_Dirac.No_Cloning
Isabelle_Marries_Dirac.Quantum_Prisoners_Dilemma
Isabelle_Marries_Dirac.Entanglement
Isabelle_Marries_Dirac.Deutsch_Jozsa
Isabelle_Marries_Dirac.Quantum_Teleportation
Linear_Inequalities.Integer_Hull
Prime_Distribution_Elementary.Selberg_Asymptotic_Formula
Prime_Distribution_Elementary.Summatory_Divisor_Sigma_Bounds
Pop_Refinement.General_Remarks
Pop_Refinement.Future_Work
Pop_Refinement.Definition
Pop_Refinement.Related_Work
Generic_Deriving.Derive_Algebra_Laws
Generic_Deriving.Derive_Eq
Generic_Deriving.Derive_Show
Generic_Deriving.Derive_Encode
Generic_Deriving.Derive_Algebra
Generic_Deriving.Derive_Eq_Laws
FocusStreamsCaseStudies.Gateway_proof
FocusStreamsCaseStudies.JoinSplitTime
FocusStreamsCaseStudies.FR_proof
FocusStreamsCaseStudies.SteamBoiler_proof
Amortized_Complexity.Splay_Tree_Analysis_Optimal
Amortized_Complexity.Skew_Heap_Analysis
Amortized_Complexity.Splay_Tree_Analysis
Amortized_Complexity.Pairing_Heap_Tree_Analysis2
Amortized_Complexity.Pairing_Heap_List1_Analysis1
Amortized_Complexity.Pairing_Heap_List2_Analysis
Amortized_Complexity.Pairing_Heap_List1_Analysis2
Amortized_Complexity.Splay_Heap_Analysis
Modal_Logics_for_NTS.FL_Bisimilarity_Implies_Equivalence
Modal_Logics_for_NTS.L_Transform
Modal_Logics_for_NTS.Expressive_Completeness
Modal_Logics_for_NTS.S_Transform
Collections.SetAbstractionIterator
Collections.GenCF_Intf_Chapter
Collections.Locale_Code_Ex
Collections.ICF_Gen_Algo_Chapter
Collections.Refine_Monadic_Userguide
Collections.GenCF_Gen_Chapter
Collections.ICF_Spec_Chapter
Collections.ICF_Userguide
Collections.ICF_Impl_Chapter
Collections.GenCF_Chapter
Collections.Collections_Entrypoints_Chapter
Collections.ICF_Chapter
Collections.ICF_Entrypoints_Chapter
Collections.Userguides_Chapter
Collections.GenCF_Impl_Chapter
Collections.Robdd
Noninterference_Concurrent_Composition.ConcurrentComposition
Stable_Matching.Bossiness
Stable_Matching.Strategic
Stable_Matching.Sotomayor
Ordinal.Ordinal
CSP_RefTK.CopyBuffer_props
CSP_RefTK.Conclusion
CSP_RefTK.Introduction
Kolmogorov_Chentsov.Kolmogorov_Chentsov
Lambda_Free_EPO.Lambda_Free_EPO
Regex_Equivalence.Benchmark
HOL-Data_Structures.Height_Balanced_Tree
HOL-Data_Structures.Trie_Ternary
HOL-Data_Structures.Tree23_of_List
HOL-Data_Structures.Interval_Tree
HOL-Data_Structures.RBT_Set2
HOL-Data_Structures.Queue_2Lists
HOL-Data_Structures.Binomial_Heap
HOL-Data_Structures.Tree_Rotations
HOL-Data_Structures.Leftist_Heap_List
HOL-Data_Structures.AA_Map
HOL-Data_Structures.AVL_Map
HOL-Data_Structures.Tries_Binary
HOL-Data_Structures.AVL_Bal_Set
HOL-Data_Structures.Selection
HOL-Data_Structures.Brother12_Map
HOL-Data_Structures.AVL_Bal2_Set
HOL-Data_Structures.Set2_Join_RBT
HOL-Data_Structures.Tree23_Map
HOL-Data_Structures.Tree234_Map
Metalogic_ProofChecker.CodeGen
Dijkstra_Shortest_Path.Dijkstra_Impl
Dijkstra_Shortest_Path.Introduction
HOL-Proofs-ex.Proof_Terms
HOL-Proofs-ex.Hilbert_Classical
HOL-Proofs-ex.XML_Data
OpSets.Interleaving
OpSets.List_Spec
OpSets.RGA
HOL-CSPM.POTS
HOL-CSPM.Introduction
HOL-CSPM.Conclusion
Containers.Containers_TwoSat_Ex
Containers.Compatibility_Containers_Regular_Sets
Containers.Map_To_Mapping_Ex
Containers.Containers_Userguide
Containers.Card_Datatype_Ex
CryptHOL.List_Bits
CryptHOL.Resumption
CryptHOL.Generat
CryptHOL.Generative_Probabilistic_Value
CryptHOL.GPV_Applicative
CryptHOL.Computational_Model
CryptHOL.GPV_Expectation
CryptHOL.GPV_Bisim
CryptHOL.CryptHOL
Security_Protocol_Refinement.m3_nssk_par
Security_Protocol_Refinement.m3_sig
Security_Protocol_Refinement.m3_kerberos4
Security_Protocol_Refinement.m3_kerberos5
Security_Protocol_Refinement.m3_ds
Security_Protocol_Refinement.m3_nssk
Security_Protocol_Refinement.m3_enc
Security_Protocol_Refinement.m3_kerberos_par
Security_Protocol_Refinement.m3_ds_par
List-Infinite.ListInfinite
Separation_Logic_Unbounded.AutomaticVerifiers
Typed_Ordered_Resolution.Ground_Ordered_Resolution_Soundness
Typed_Ordered_Resolution.Ordered_Resolution_Welltypedness_Preservation
Typed_Ordered_Resolution.Untyped_Ordered_Resolution_Completeness
Typed_Ordered_Resolution.Untyped_Ordered_Resolution_Soundness
Category_Set.ETCS
Intro_Dest_Elim.IDE_Reference
MFODL_Monitor_Optimized.Monitor_Code
Refine_Imperative_HOL.Sepref_Chapter_Setup
Refine_Imperative_HOL.Sepref_Chapter_IICF
Refine_Imperative_HOL.Sepref_Guide_Quickstart
Refine_Imperative_HOL.Heapmap_Bench
Refine_Imperative_HOL.Sepref_Guide_Reference
Refine_Imperative_HOL.Sepref_Guide_General_Util
Refine_Imperative_HOL.NDFS_Benchmark
Refine_Imperative_HOL.Sepref_Chapter_Userguides
Refine_Imperative_HOL.Sepref_Chapter_Tool
Refine_Imperative_HOL.Sepref_Chapter_Benchmarks
Refine_Imperative_HOL.Dijkstra_Benchmark
CondNormReasHOL.mere_addition_max
CondNormReasHOL.mere_addition_opt
CondNormReasHOL.mere_addition_lewis
CAVA_Automata.All_Of_CAVA_Automata
FO_Theory_Rewriting.FOR_Check_Impl
Binomial-Queues.PQ_Implementation
BurrowsWheeler.SA_Count
BurrowsWheeler.Rotated_Substring
BurrowsWheeler.IBWT
Abortable_Linearizable_Modules.Idempotence
Abortable_Linearizable_Modules.Consensus
Zip_Benchmarks.Filter
Zip_Benchmarks.Finite_Set
Zip_Benchmarks.Binomial
Zip_Benchmarks.Limits
Zip_Benchmarks.Word
HOL-CSP_PTick.CSP_PTick_Introduction
HOL-CSP_PTick.CSP_PTick_Conclusion
Latin_Square.Latin_Square
HOL-TPTP.ATP_Problem_Import
HOL-TPTP.THF_Arith
HOL-TPTP.MaSh_Eval
HOL-TPTP.ATP_Theory_Export
HOL-TPTP.TPTP_Proof_Reconstruction
Iteration_Algebra.Iteration
Solidity.Constant_Folding
Solidity.Compile_Evaluator
Solidity.Reentrancy
SimplifiedOntologicalArgument.SimplifiedOntologicalArgument
SimplifiedOntologicalArgument.SimpleVariantPG
SimplifiedOntologicalArgument.SimpleVariantSEinT
SimplifiedOntologicalArgument.SimpleVariant
SimplifiedOntologicalArgument.UFilterVariant
SimplifiedOntologicalArgument.SimpleVariantSE
SimplifiedOntologicalArgument.SimpleVariantHF
SimplifiedOntologicalArgument.ScottVariant
SimplifiedOntologicalArgument.KanckosLethenNo2Possibilist
Nominal_Myhill_Nerode.Nominal_Myhill_Nerode
Belief_Revision.AGM_Revision
InfPathElimination.RB
Expander_Graphs.Expander_Graphs_Cheeger_Inequality
BNF_CC.DDS
DiskPaxos.DiskPaxos
SenSocialChoice.Arrow
SenSocialChoice.May
SenSocialChoice.Sen
BDD.EvalProof
BDD.NormalizeTotalProof
Game_Based_Crypto.IND_CCA2_sym
Game_Based_Crypto.Pseudo_Random_Permutation
Game_Based_Crypto.CryptHOL_Tutorial
Game_Based_Crypto.SUF_CMA
Game_Based_Crypto.IND_CCA2
Game_Based_Crypto.Pseudo_Random_Function
Game_Based_Crypto.Guessing_Many_One
Game_Based_Crypto.Unpredictable_Function
Game_Based_Crypto.PRF_UPF_IND_CCA
Game_Based_Crypto.Diffie_Hellman
Game_Based_Crypto.RP_RF
Game_Based_Crypto.IND_CPA
Game_Based_Crypto.PRF_IND_CPA
Game_Based_Crypto.PRF_UHF
Game_Based_Crypto.IND_CPA_PK_Single
Game_Based_Crypto.Elgamal
Game_Based_Crypto.IND_CPA_PK
Game_Based_Crypto.Hashed_Elgamal
Game_Based_Crypto.Cryptographic_Constructions
Game_Based_Crypto.Security_Spec
Game_Based_Crypto.Game_Based_Crypto
Interpreter_Optimizations.Env_list
Interpreter_Optimizations.Inca_to_Ubx_compiler
Interpreter_Optimizations.Std_to_Inca_compiler
HOL-CSP.Introduction
HOL-CSP.Conclusion
HOL-CSP.MergeAnomaly
IMP_Noninterference.Degeneracy
Myhill-Nerode.Non_Regular_Languages
Myhill-Nerode.Closures2
Tree-Automata.Ta_impl_codegen
Algebraic_VCs.KAD_is_KAT
Algebraic_VCs.VC_KAD_scratch
Algebraic_VCs.Domain_Quantale
Algebraic_VCs.VC_KAT_scratch
BinarySearchTree.BinaryTree_TacticStyle
BinarySearchTree.BinaryTree_Map
BNF_Operations.Kill
BNF_Operations.Compose
BNF_Operations.N2M
BNF_Operations.GFP
BNF_Operations.Lift
BNF_Operations.LFP
BNF_Operations.Permute
Amicable_Numbers.Amicable_Numbers
Parikh.Pilling
Approximation_Algorithms.Approx_BP_Hoare
Approximation_Algorithms.Approx_LB_Hoare
Approximation_Algorithms.Approx_SC_Hoare
Approximation_Algorithms.Center_Selection
Approximation_Algorithms.Approx_MIS_Hoare
Approximation_Algorithms.Approx_VC_Hoare
Propositional_Proof_Systems.ND_Compl_Truthtable_Compact
Propositional_Proof_Systems.Sema_Craig
Propositional_Proof_Systems.Resolution_Compl_Consistency
Propositional_Proof_Systems.Compactness_Consistency
Propositional_Proof_Systems.SC_Compl_Consistency
Propositional_Proof_Systems.HC_Compl_Consistency
Propositional_Proof_Systems.ND_FiniteAssms
Propositional_Proof_Systems.SC_Gentzen
Propositional_Proof_Systems.MiniSC_Craig
Propositional_Proof_Systems.CNF_To_Formula
Propositional_Proof_Systems.SC_Depth_Limit
Propositional_Proof_Systems.MiniFormulas_Sema
Propositional_Proof_Systems.Resolution_Compl_SC_Small
Propositional_Proof_Systems.Resolution_Compl
Propositional_Proof_Systems.Resolution_Sound
Propositional_Proof_Systems.HCSCND
Propositional_Proof_Systems.ND_Compl_SC
Propositional_Proof_Systems.Tseytin_Sema
Propositional_Proof_Systems.MiniSC_HC
Propositional_Proof_Systems.Resolution_Compl_SC_Full
Probabilistic_Timed_Automata.PTA_Reachability
Isabelle_DOF.Isabelle_DOF_Manual
Isabelle_DOF.ontologies
VYDRA_MDL.Timestamp_Prod
VYDRA_MDL.Timestamp_Lex
VYDRA_MDL.Metric_Point_Structure
VYDRA_MDL.Monitor_Code
Types_To_Sets_Extension.VS_Conclusions
Types_To_Sets_Extension.SML_Conclusions
Types_To_Sets_Extension.ETTS_CR
Types_To_Sets_Extension.FNDS_Conclusions
Boustrophedon_Transform.Increasing_Binary_Trees
EdmondsKarp_Maxflow.Edka_Benchmark_Export
S_Finite_Measure_Monad.Query
S_Finite_Measure_Monad.Montecarlo
Nested_Multisets_Ordinals.Hydra_Battle
Nested_Multisets_Ordinals.Goodstein_Sequence
Nested_Multisets_Ordinals.Syntactic_Ordinal_Bridge
Nested_Multisets_Ordinals.McCarthy_91
Nested_Multisets_Ordinals.Unary_PCF
HOL-Auth.Auth_Public
HOL-Auth.Auth_Guard_Shared
HOL-Auth.README
HOL-Auth.README_Guard
HOL-Auth.Auth_Shared
HOL-Auth.Auth_Smartcard
HOL-Auth.Auth_Guard_Public
Fishburn_Impossibility.Fishburn_Impossibility
Auto2_HOL.Primes_Ex
Auto2_HOL.Pelletier
Lowe_Ontological_Argument.LoweOntologicalArgument_2
Lowe_Ontological_Argument.LoweOntologicalArgument_1
Lowe_Ontological_Argument.LoweOntologicalArgument_7
Lowe_Ontological_Argument.LoweOntologicalArgument_4
Lowe_Ontological_Argument.LoweOntologicalArgument_3
Lowe_Ontological_Argument.LoweOntologicalArgument_5
Lowe_Ontological_Argument.LoweOntologicalArgument_6
Given_Clause_Loops.Given_Clause_Loops
DCR-ExecutionEquivalence.DCRExecutionEquivalence
Suppes_Theorem.Suppes_Theorem
Formal_SSA.WhileGraphSSA
Formal_SSA.Generic_Extract
Formal_SSA.SSA_Semantics
Perron_Frobenius.Spectral_Radius_Theory
Perron_Frobenius.Perron_Frobenius_Irreducible
Perron_Frobenius.Perron_Frobenius_General
Perron_Frobenius.Spectral_Radius_Largest_Jordan_Block
Perron_Frobenius.Spectral_Radius_Theory_2
Perron_Frobenius.Check_Matrix_Growth
Safe_Distance.Safe_Distance_Reaction
Safe_Distance.Evaluation
Stewart_Apollonius.Stewart_Apollonius
Design_Theory.Design_Theory_Root
MLSSmf_to_MLSS.MLSS_Decidable
MLSSmf_to_MLSS.MLSSmf_to_MLSS_Correctness
MLSSmf_to_MLSS.MLSSmf_to_MLSS_Complexity
Buchi_Complementation.Complementation_Build
Automatic_Refinement.Autoref_Chapter
Automatic_Refinement.Param_Chapter
Lower_Semicontinuous.Lower_Semicontinuous
Pushdown_Automata.PDA_To_CFG
Pushdown_Automata.Final_To_Stack_PDA
Pushdown_Automata.CFG_To_PDA
Pushdown_Automata.Stack_To_Final_PDA
FaithfulPMLinHOL.PMLinHOL_shallow_further_tests
FaithfulPMLinHOL.PMLinHOL_shallow_minimal_further_tests
FaithfulPMLinHOL.PMLinHOL_shallow_further_tests_1
FaithfulPMLinHOL.PMLinHOL_shallow_Loeb_tests
FaithfulPMLinHOL.PMLinHOL_deep_further_tests_2
FaithfulPMLinHOL.PMLinHOL_faithfulness
FaithfulPMLinHOL.PMLinHOL_shallow_minimal_Loeb_tests
FaithfulPMLinHOL.PMLinHOL_deep_further_tests_1
FaithfulPMLinHOL.PMLinHOL_deep_Loeb_tests
FaithfulPMLinHOL.PMLinHOL_deep_further_tests
FaithfulPMLinHOL.PMLinHOL_shallow_further_tests_2
FaithfulPMLinHOL.PMLinHOL_shallow_minimal_further_tests_1
FaithfulPMLinHOL.PMLinHOL_shallow_minimal_further_tests_2
LinearQuantifierElim.QElin_inf
LinearQuantifierElim.QEdlo_inf
LinearQuantifierElim.FRE
LinearQuantifierElim.QEdlo_fr
LinearQuantifierElim.CertDlo
LinearQuantifierElim.QEdlo_ex
LinearQuantifierElim.QEpres
LinearQuantifierElim.Cooper
LinearQuantifierElim.QElin_opt
LinearQuantifierElim.CertLin
SequentInvertibility.SequentInvertibility
HereditarilyFinite.Finite_Automata
Shivers-CFA.AbsCFComp
Shivers-CFA.AbsCFCorrect
Shivers-CFA.Eval
Shivers-CFA.ExCFSV
Two_Generated_Word_Monoids_Intersection.Two_Generated_Word_Monoids_Intersection
CoSMed.Post
CoSMed.Friend_Request
CoSMed.Friend_Traceback
CoSMed.Friend
CoSMed.Post_Visibility_Traceback
Nominal2.Atoms
Nominal2.Eqvt
Multiset_Ordering_NPC.Multiset_Ordering_in_NP
Multiset_Ordering_NPC.RPO_NP_Hard
Concentration_Inequalities.Bennett_Inequality
Concentration_Inequalities.Efron_Stein_Inequality
Concentration_Inequalities.Cantelli_Inequality
CofGroups.CofGroups
Kuratowski_Closure_Complement.KuratowskiClosureComplementTheorem
Probabilistic_While.Resampling
Probabilistic_While.Fast_Dice_Roll
IsaGeoCoq.Hilbert_Euclidean_Model_Tarski_Euclidean
IsaGeoCoq.Hilbert_Neutral_Model_Tarski_Neutral
IsaGeoCoq.Tarski_Neutral_2D_Model_Gupta_Neutral_2D
IsaGeoCoq.Hilbert_Neutral_3D_Model_Tarski_Neutral_3D
IsaGeoCoq.Tarski_Neutral_2D_Model_Hilbert_Neutral_2D
IsaGeoCoq.Tarski_Neutral_Continuity_2D
IsaGeoCoq.Highschool_Euclidean_2D
IsaGeoCoq.Tarski_Euclidean_Model_Hilbert_Euclidean
IsaGeoCoq.Tarski_Non_Euclidean_Archimedean
IsaGeoCoq.Tarski_Neutral_Archimedes_Continuity
IsaGeoCoq.Hilbert_Neutral_2D_Model_Tarski_Neutral_2D
IsaGeoCoq.Gupta_Euclidean_Model_Tarski_Euclidean
IsaGeoCoq.Tarski_Euclidean_Model_Gupta_Euclidean
IsaGeoCoq.Gupta_Neutral_Model_Tarski_Neutral
IsaGeoCoq.Gupta_Neutral_2D_Model_Tarski_Neutral_2D
IsaGeoCoq.Tarski_Euclidean_2D_Continuous
CVM_Distinct_Elements.CVM_Abstract_Algorithm
CVM_Distinct_Elements.CVM_New_Unbiased_Algorithm
CVM_Distinct_Elements.CVM_Original_Algorithm
HOLCF-ex.Powerdomain_ex
HOLCF-ex.Dnat
HOLCF-ex.Pattern_Match
HOLCF-ex.Fix2
HOLCF-ex.Dagstuhl
HOLCF-ex.Hoare
HOLCF-ex.Letrec
HOLCF-ex.Concurrency_Monad
HOLCF-ex.Domain_Proofs
HOLCF-ex.Loop
HOLCF-ex.Focus_ex
Kneser_Cauchy_Davenport.Kneser_Cauchy_Davenport_main_proofs
HOL-Imperative_HOL.Congproc_Ex
HOL-Imperative_HOL.Imperative_HOL_ex
Banach_Tarski.Banach_Tarski_Theorem
Actuarial_Mathematics.Interest
Falling_Factorial_Sum.Falling_Factorial_Sum_Induction
Falling_Factorial_Sum.Falling_Factorial_Sum_Vandermonde
Surprise_Paradox.Surprise_Paradox
Order_Lattice_Props.Order_Lattice_Props_Loc
Order_Lattice_Props.Representations
Order_Lattice_Props.Order_Lattice_Props_Wenzel
Laplace_Transform.Laplace_Transform
Munta_Certificate_Checker.Munta_Certificate_Compile_MLton
Munta_Certificate_Checker.Normalized_Zone_Semantics_Certification_Impl2
Munta_Certificate_Checker.TA_Simulation
Munta_Certificate_Checker.Munta_Certificate_Compile_Poly
Munta_Certificate_Checker.Lasso_Freeness_Certificates_Complete
Countable_Sums_and_Discrete_Distributions.Discrete_Subdistributions_and_Distributions
Risk_Free_Lending.Risk_Free_Lending
Decl_Sem_Fun_PL.EquivDenotInterTypes
Decl_Sem_Fun_PL.DeclSemAsNDInterpFSet
Decl_Sem_Fun_PL.MutableRefProps
Decl_Sem_Fun_PL.EquivRelationalDenotFSet
Decl_Sem_Fun_PL.SystemF
Decl_Sem_Fun_PL.Optimizer
CakeML.TypeSystemAuxiliary
CakeML.LibAuxiliary
CakeML.BigSmallInvariants
CakeML.CakeML_Quickcheck
CakeML.SimpleIO
CakeML.Doc_Proofs
CakeML.NamespaceAuxiliary
CakeML.Doc_Generated
CakeML.Tokens
First_Order_Rewriting.Rewrite_Relations_Impl
First_Order_Rewriting.Orthogonality
Special_Function_Bounds.Sin_Cos_Bounds
Special_Function_Bounds.Log_CF_Bounds
Special_Function_Bounds.Atan_CF_Bounds
Special_Function_Bounds.Exp_Bounds
Special_Function_Bounds.Sqrt_Bounds
LambdaAuth.Results
pGCL.Monty
pGCL.Primitives
Goedel_HFSet_Semanticless.Instance
Path_Automation.Path_Automation
Catoids.Groupoid_Lifting
Catoids.Multimonoid
Pre_Star_CFG.Finiteness
Pre_Star_CFG.Pre_Star_CNF
Unconstrained_Optimization.Unconstrained_Optimization
SIFPL.ContextOBJ
SIFPL.HuntSands
SIFPL.ContextVS
MDP-Algorithms.VI_Code_Export_Rat
MDP-Algorithms.MPI_Code_Export_Float
MDP-Algorithms.GS_Code_Export_Float
MDP-Algorithms.GS_Code_Export_Rat
MDP-Algorithms.VI_Code_Export_Float
MDP-Algorithms.PI_Code_Export_Float
MDP-Algorithms.PI_Code_Export_Rat
MDP-Algorithms.Fin_Code_Export_Float
MDP-Algorithms.MPI_Code_Export_Rat
MDP-Algorithms.Fin_Code_Export_Rat
Stratified_Datalog.Reachable_Nodes
Stratified_Datalog.Very_Busy_Expressions
Stratified_Datalog.Live_Variables
VerifyThis2018.Challenge3
VerifyThis2018.Snippets
VerifyThis2018.Challenge1_short
VerifyThis2018.Challenge2
VerifyThis2018.Challenge1
MuchAdoAboutTwo.MuchAdoAboutTwo
PAPP_Impossibility.PAPP_Impossibility
Restriction_Spaces-Ultrametric
Power_Sum_Polynomials.Power_Sum_Puzzle
Kruskal.Graph_Definition_Impl
Kruskal.UGraph_Impl
Q0_Soundness.Q0
Q0_Soundness.ZFC_in_HOL_Set_Theory
Q0_Soundness.HOLZF_Set_Theory
Ptolemys_Theorem.Ptolemys_Theorem
Optics.Lens_State
Dict_Construction.Impossibility
Dict_Construction.Termination
Dict_Construction.Introduction
Inductive_Confidentiality.Knowledge
Inductive_Confidentiality.ConfidentialityGA
Inductive_Confidentiality.ConfidentialityDY
Z_Toolkit.Z_Toolkit_Overview
Z_Toolkit.Z_Toolkit
HOL-Types_To_Sets.Finite
HOL-Types_To_Sets.T2_Spaces
HOL-Types_To_Sets.Unoverload_Def
IMP_With_Speculation.Fun2_secure
IMP_With_Speculation.Fun3_secure
IMP_With_Speculation.Fun1_insecure
IMP_With_Speculation.Fun5_secure
IMP_With_Speculation.Fun6_secure
IMP_With_Speculation.Fun4_secure
IMP_With_Speculation.Fun_mask_secure
Derandomization_Conditional_Expectations.Derandomization_Conditional_Expectations_Independent_Set
DigitsInBase.DigitsInBase
Q0_Metatheory.Consistency
AVL-Trees.AVL2
AVL-Trees.AVL
Relational_Cardinality.Cardinality
Roy_Floyd_Warshall.Roy_Floyd_Warshall
SumSquares.FourSquares
SumSquares.TwoSquares
Relational_Minimum_Spanning_Trees.Boruvka
Relational_Minimum_Spanning_Trees.Prim
OmegaCatoidsQuantales.Omega_Catoid_Lifting
OmegaCatoidsQuantales.Two_Catoid_Collapse
OmegaCatoidsQuantales.Two_Catoid_Lifting
Containers-Benchmarks.Clauses
Containers-Benchmarks.Benchmark_Set_LC
Containers-Benchmarks.Benchmark_Set_Default
Containers-Benchmarks.Benchmark_LC
Containers-Benchmarks.Benchmark_RBT
Containers-Benchmarks.Benchmark_Default
Containers-Benchmarks.Benchmark_ICF
Containers-Benchmarks.Benchmark_Bool
Markov_Models.Zeroconf_Analysis
Markov_Models.PCTL
Markov_Models.MDP_RP_Certification
Markov_Models.Gossip_Broadcast
Markov_Models.PGCL
Markov_Models.MDP_RP
Markov_Models.Crowds_Protocol
Transport.Transport_Via_Partial_Galois_Connections_Equivalences_Paper
Transport.HOL_Algebra_Alignments
Transport.HOL_Syntax_Bundles
Transport.Transport_Typedef
Transport.HOL_Basics
Transport.HOL_Alignments
BytecodeLogicJmlTypes.Cachera
BytecodeLogicJmlTypes.Sound
CVP_Hardness.CVP_p
CVP_Hardness.CVP_vec
IMP2.Quickstart_Guide
IMP2.IMP2_from_IMP
ROBDD.BDD_Code
Robinson_Arithmetic.Instance
IMO2019.IMO2019_Q4
IMO2019.IMO2019_Q5
IMO2019.IMO2019_Q1
Stream-Fusion.StreamFusion
Universal_Turing_Machine.Rec_Ex
Universal_Turing_Machine.UTM
Universal_Turing_Machine.Abacus_alt_Compile
Universal_Turing_Machine.TuringUnComputable_H2_original
Universal_Turing_Machine.Turing_aux
Universal_Turing_Machine.TuringUnComputable_H2
Universal_Turing_Machine.TuringComputable
Universal_Turing_Machine.GeneratedCode
Universal_Turing_Machine.Recs_alt_Ex
Universal_Turing_Machine.HaltingProblems_K_aux
Universal_Turing_Machine.Numerals_Ex
Jordan_Normal_Form.Matrix_Complexity
Jordan_Normal_Form.Strassen_Algorithm_Code
Jordan_Normal_Form.Matrix_Carrier_Impl
Minkowskis_Theorem.Minkowskis_Theorem
Flyspeck-Tame-Computation.Completeness
Region_Quadtrees.KD_Region_Nested
Region_Quadtrees.KD_Region_Tree2
Region_Quadtrees.Quad_Matrix
Region_Quadtrees.KD_Region_Tree
Region_Quadtrees.Quad_Tree
Splitting_Framework.Lightweight_Avatar
Buffons_Needle.Buffons_Needle
BirdKMP.KMP
Isabelle_Meta_Model.Rail
Frequency_Moments.Tutorial_Pseudorandom_Objects
Frequency_Moments.Frequency_Moment_2
Frequency_Moments.Frequency_Moment_0
Frequency_Moments.Frequency_Moment_k
HOL-Hoare.README
HOL-Hoare.Pointers0
HOL-Hoare.SchorrWaite
HOL-Hoare.Separation
Store_Buffer_Reduction.Text
Store_Buffer_Reduction.Preliminaries
Transition_Systems_and_Automata.NFA
Transition_Systems_and_Automata.NBTA_Combine
Transition_Systems_and_Automata.DFA
Transition_Systems_and_Automata.DBTA_Combine
AutoCorres2.AutoCorres_Documentation
AutoCorres2.Chapter3_HoareHeap
AutoCorres2.Chapter2_HoareHeap
AutoCorres2.Chapter1_MinMax
AutoCorres2.Eisbach_Methods
AutoCorres2.CTranslationInfrastructure
AutoCorres2.Apply_Trace_Cmd
CRYSTALS-Kyber.Kyber_NTT_Values
CRYSTALS-Kyber.Crypto_Scheme_NTT
Mission_Time_LTL_Formula_Progression.MLTL_Formula_Progression
Binding_Syntax_Theory.Recursion
Binding_Syntax_Theory.Semantic_Domains
Nullstellensatz.Nullstellensatz_Field
Zeta_3_Irrational.Zeta_3_Irrational
MFMC_Countable.Rel_PMF_Characterisation_MFMC
MFMC_Countable.Max_Flow_Min_Cut_Countable
SPARCv8.Sparc_Code_Gen
SPARCv8.Sparc_Properties
HOL-IMP.VCG_Total_EX2
HOL-IMP.C_like
HOL-IMP.Fold
HOL-IMP.Collecting1
HOL-IMP.VCG
HOL-IMP.Hoare_Total
HOL-IMP.Abs_Int1_const
HOL-IMP.Live
HOL-IMP.VCG_Total_EX
HOL-IMP.Abs_Int3
HOL-IMP.Procs_Stat_Vars_Dyn
HOL-IMP.OO
HOL-IMP.Def_Init_Big
HOL-IMP.Finite_Reachable
HOL-IMP.ASM
HOL-IMP.Def_Init_Small
HOL-IMP.Sec_Typing
HOL-IMP.Live_True
HOL-IMP.Compiler2
HOL-IMP.Denotational
HOL-IMP.Abs_Int1_parity
HOL-IMP.Poly_Types
HOL-IMP.Procs_Dyn_Vars_Dyn
HOL-IMP.Hoare_Sound_Complete
HOL-IMP.Halting
HOL-IMP.Procs_Stat_Vars_Stat
Munta_Base.Normalized_Zone_Semantics_Impl_Extra
Munta_Base.Tracing
Arith_Prog_Rel_Primes.Arith_Prog_Rel_Primes
Taylor_Models.Float_Topology
Taylor_Models.Experiments
Axiom_Free_Ontological_Trinity.Axiom_And_Assumption_Audit
First_Order_Terms.Unification_More
First_Order_Terms.Unification_String
Verified-Prover.Prover
FileRefinement.FileRefinement
Optimal_BST.Optimal_BST_Code
Optimal_BST.Optimal_BST_Memo
Greibach_Normal_Form.Greibach_Normal_Form
Treaps.Random_Treap
CRYSTALS-Kyber_Security.Lemmas_for_spmf
CRYSTALS-Kyber_Security.Kyber_new_Values
CRYSTALS-Kyber_Security.MLWE
CRYSTALS-Kyber_Security.Correct
CRYSTALS-Kyber_Security.Correct_new
CRYSTALS-Kyber_Security.Kyber_gpv_IND_CPA
Balog_Szemeredi_Gowers.Additive_Energy_Lower_Bounds
Balog_Szemeredi_Gowers.Balog_Szemeredi_Gowers_Supplementary
Multi_Party_Computation.Semi_Honest_Def
Multi_Party_Computation.Uniform_Sampling
Multi_Party_Computation.Cyclic_Group_Ext
Multi_Party_Computation.ETP
Multi_Party_Computation.Malicious_Defs
Multi_Party_Computation.OT_Functionalities
Multi_Party_Computation.ETP_OT
Multi_Party_Computation.ETP_RSA_OT
Multi_Party_Computation.OT14
Multi_Party_Computation.GMW
Multi_Party_Computation.Secure_Multiplication
Multi_Party_Computation.Noar_Pinkas_OT
Multi_Party_Computation.DH_Ext
Multi_Party_Computation.Malicious_OT
HOL-Proofs-Lambda.StrongNorm
HOL-Proofs-Lambda.Standardization
HOL-Proofs-Lambda.WeakNorm
TortoiseHare.Brent
TortoiseHare.TortoiseHare
Eudoxus_Reals.Eudoxus
Verified_SAT_Based_AI_Planning.Solve_SASP
Projective_Geometry.Projective_Space_Axioms
Projective_Geometry.Pappus_Desargues
Projective_Geometry.Desargues_2D
Projective_Geometry.Desargues_3D
Projective_Geometry.Higher_Projective_Space_Axioms
Substitutions_Lambda_Free.Substitutions_Lambda_Free
Combinatorics_Words_Lyndon.Lyndon_Addition
Stone_Cech.Stone_Cech
Mission_Time_LTL_Language_Partition.MLTL_Language_Partition_Codegen
Mission_Time_LTL_Language_Partition.MLTL_Language_Partition_Proof
Relational_Divisibility.Mono_Atomic
Relational_Divisibility.Relational_Divisibility
Stirling_Formula.Gamma_Asymptotics
Hermite_Lindemann.Hermite_Lindemann
Combinatorics_Words_Graph_Lemma.Graph_Lemma
Weighted_Path_Order.KBO_as_WPO
Weighted_Path_Order.Executable_Orders
Chord_Segments.Chord_Segments
QR_Decomposition.Least_Squares_Approximation
QR_Decomposition.Generalizations2
HOL-CSP_Proc-Omata.Introduction
HOL-CSP_Proc-Omata.Conclusion
Sets_Revisited.SetsCat_Interps
Inductive_Inference.Union
Inductive_Inference.LIM_BC
Ergodic_Theory.Normalizing_Sequences
Ergodic_Theory.Gouezel_Karlsson
Ergodic_Theory.Kohlberg_Neyman_Karlsson
Quantales.Quantale_Left_Sided
Quantales.Quantale_Modules
HOL-Bali.AxCompl
HOL-Bali.AxSound
HOL-Bali.Trans
Incompleteness.Loebs_Theorem
Algebraic_Numbers.Show_Real_Approx
Algebraic_Numbers.Algebraic_Numbers_External_Code
Word_Lib.Guide
CISC-Kernel.Link_separation_kernel_model_to_CISK
Diagonal_Ramsey.The_Proof
Rogers_Ramanujan.Rogers_Ramanujan
JinjaThreads.JinjaThreads
Nagata-Factoriality.Nagata_Factoriality
Factored_Transition_System_Bounding.AcycSspace
Factored_Transition_System_Bounding.Invariants
ConcurrentGC.Concrete
ConcurrentGC.Proofs
HOL-TLA-Memory.MemoryImplementation
Topological_Groups.Matrix_Group
Fresh_Identifiers.Fresh_Int
Fresh_Identifiers.Fresh_Infinite
GewirthPGCProof.GewirthArgument
Bounded_Deducibility_Security.Bounded_Deducibility_Security
Isabelle-Solidity.Bank
Isabelle-Solidity.Voting
Isabelle-Solidity.Casino
Isabelle-Solidity.SimpleAuction
Isabelle-Solidity.Token
Modular_Assembly_Kit_Security.SecureSystems
Modular_Assembly_Kit_Security.CompositionalityResults
Modular_Assembly_Kit_Security.PropertyLibrary
Modular_Assembly_Kit_Security.UnwindingResults
Modular_Assembly_Kit_Security.FlowPolicies
Separation_Algebra.Separation_D
Separation_Algebra.Sep_Eq
Aggregation_Algebras.Linear_Aggregation_Algebras
Integration.Failure
Integration.Integral
HotelKeyCards.NewCard
HotelKeyCards.Equivalence
Minimal_SSA.Irreducible
Efficient-Mergesort.Mergesort_Complexity
Efficient-Mergesort.Natural_Mergesort
Van_der_Waerden.Van_der_Waerden
Applicative_Lifting.Idiomatic_Terms
Applicative_Lifting.Applicative_Functor
Decreasing-Diagrams-II.Decreasing_Diagrams_II
Menger.Menger
Linear_Programming.Linear_Programming
Computational_pAdics.More_pAdic_Product
Echelon_Form.Cayley_Hamilton_Compatible
Echelon_Form.Code_Cayley_Hamilton
Echelon_Form.Echelon_Form
Echelon_Form.Echelon_Form_Det
Echelon_Form.Echelon_Form_IArrays
Echelon_Form.Echelon_Form_Det_IArrays
Echelon_Form.Code_Cayley_Hamilton_IArrays
Echelon_Form.Echelon_Form_Inverse
Echelon_Form.Echelon_Form_Inverse_IArrays
Euler_Polyhedron_Formula.Euler_Formula
Sophomores_Dream.Sophomores_Dream
Tarskis_Geometry.Hyperbolic_Tarski
PCF.Continuations
PCF.SmallStep
Category2.Yoneda
Category2.MonadicEquationalTheory
Executable_Randomized_Algorithms.Dice_Roll
Executable_Randomized_Algorithms.Basic_Randomized_Algorithms
Graph_Saturation.CombinedCorrectness
Sophie_Germain.SG_Generalization
Sophie_Germain.SG_Introduction
Wooley_Elementary_Discrete_Inequality.Wooley_Elementary_Discrete_Inequality
TLA.Buffer
TLA.Inc
TLA.Even
Extended_Finite_State_Machine_Inference.Code_Generation
Registers.Misc
Registers.Classical_Extra
Registers.Quantum
Registers.Laws_Complement
Registers.Axioms_Quantum
Registers.Laws_Quantum
Registers.Quantum_Extra
Registers.Axioms_Complement_Quantum
Registers.QHoare
Registers.Teleport
Registers.Laws_Complement_Quantum
Registers.Check_Autogenerated_Files
Registers.Quantum_Extra2
Registers.Pure_States
HOL-CSP_OpSem.Introduction
HOL-CSP_OpSem.Conclusion
HOL-CSP_OpSem.Recovered_Laws
HOL-CSP_OpSem.Comparison_He_Hoare
HOL-CSP_OpSem.Motivations
FFT.FFT
Separata.Separata
KD_Tree.Build
KD_Tree.Nearest_Neighbors
KD_Tree.Range_Search
Hypergraph_Colourings.Hypergraph_Colourings_Root
Combinatorics_Words.Border_Array
HOL-Algebra.README
ADS_Functor.Canton_Transaction_Tree
ADS_Functor.Generic_ADS_Construction
Allen_Calculus.nest
Formal_Puiseux_Series.Formal_Puiseux_Series
Coinductive_Languages.Context_Free_Grammar
Coinductive_Languages.Coinductive_Regular_Set
VolpanoSmith.Execute
ABY3_Protocols.Additive_Sharing
ABY3_Protocols.Sharing_Lemmas
ABY3_Protocols.Spmf_Common
ABY3_Protocols.Shuffle
ABY3_Protocols.Multiplication
ABY3_Protocols.Multiplication_Synthesization
CubicalCategories.CubicalOmegaZeroCategoriesConnections
Perfect_Fields.Perfect_Field_Altdef
HOL-Hahn_Banach.Hahn_Banach
Topological_Semantics.logics_LFU
Topological_Semantics.logics_LFI
Topological_Semantics.logics_negation
Topological_Semantics.logics_operators
Context_Free_Grammar.AnBn_Not_Regular
Context_Free_Grammar.CFL_Not_Intersection_Closed
Context_Free_Grammar.Right_Linear_Automata
Directed_Sets.Directed_Completeness
Pi_Calculus.Weak_Late_Cong_Pres
Pi_Calculus.Strong_Late_Axiomatisation
Pi_Calculus.Weak_Late_Cong_Subst_SC
Pi_Calculus.Weak_Early_Cong_Subst_Pres
Pi_Calculus.Strong_Early_Bisim_Subst_Pres
HOL-Homology.Homology
Well_Quasi_Orders.Wqo_Instances
Well_Quasi_Orders.Higman_OI
Well_Quasi_Orders.Wqo_Multiset
Jordan_Hoelder.JordanHolder
Maximum_Segment_Sum.Maximum_Segment_Sum
Regular-Sets.Regexp_Constructions
Regular-Sets.pEquivalence_Checking
Regular-Sets.Equivalence_Checking2
Implicational_Logic.Implicational_Logic_Appendix
Implicational_Logic.Implicational_Logic_New
Implicational_Logic.Implicational_Logic_Natural_Deduction
Implicational_Logic.Implicational_Logic_Sequent_Calculus
Implicational_Logic.Implicational_Logic
HOLCF-Library.HOL_Cpo
HOLCF-Library.HOLCF_Library
Boolos_Curious_Inference.Boo2
Boolos_Curious_Inference.Boo1
Public_Announcement_Logic.PAL
Karatsuba.Karatsuba_Code_Nat
LTL_to_GBA.All_Of_LTL_to_GBA
Regular_Algebras.Regular_Algebra_Variants
Regular_Algebras.Regular_Algebra_Models
Free-Groups.Isomorphisms
Card_Equiv_Relations.Card_Partial_Equiv_Relations
IOA-ABP.Correctness
IOA-ABP.Spec
Van_Emde_Boas_Trees.Imperative_HOL_Add
Isabelle_hoops.BL_Chains
Priority_Queue_Braun.Sorting_Braun
Priority_Queue_Braun.Priority_Queue_Braun2
GyrovectorSpaces.MobiusGyrotrigonometry
GyrovectorSpaces.GyroVectorSpaceTrivial
GyrovectorSpaces.Poincare
GyrovectorSpaces.hDistance
GyrovectorSpaces.MobiusGyroTarski
GyrovectorSpaces.Einstein
GyrovectorSpaces.Abe
GyrovectorSpaces.MobiusCollinear
Interval_Analysis.Extended_Interval_Analysis
Interval_Analysis.Extended_Multi_Interval_Analysis
Interval_Analysis.Interval_Analysis
Abstract_Substitution.Substitution_HOL_ex_Unification
Zippy.ML_ITypeclasses
Zippy.ML_Typeclasses
Zippy.Zippy_Paper
Robbins-Conjecture.Robbins_Conjecture
Prop_Compactness.k_coloring
Prop_Compactness.KoenigLemma
Prop_Compactness.Hall_Theorem_Graphs
SuperCalc.superposition
UpDown_Scheme.Up_Down
UpDown_Scheme.Imperative
Negative_Association.Negative_Association_Bloom_Filters
Negative_Association.Negative_Association_Chernoff_Bounds
Roth_Arithmetic_Progressions.Roth_Arithmetic_Progressions
Galois_Energy_Games.Natural_Galois_Energy_Game
LLL_Basis_Reduction.LLL_Complexity
LLL_Basis_Reduction.FPLLL_Solver
JinjaDCI.JinjaDCI
Complete_Non_Orders.Fixed_Points
Morley_Theorem.Morley
Complex_Geometry.Chordal_Metric
Levy_Prokhorov_Metric.Space_of_Finite_Measures
ConcurrentIMP.CIMP_unbounded_buffer
ConcurrentIMP.CIMP_one_place_buffer
ConcurrentIMP.CIMP_locales
Posix-Lexing.Positions
Posix-Lexing.Simplifying3
Posix-Lexing.Positions3
Posix-Lexing.Simplifying
HOL-Probability-ex.Measure_Not_CCC
HOL-Probability-ex.Dining_Cryptographers
HOL-Probability-ex.Koepf_Duermuth_Countermeasure
Ordinal_Partitions.Omega_Omega
HyperHoareLogic.PaperResults
HOL-TLA.README
SATSolverVerification.NieuwenhuisOliverasTinelli
SATSolverVerification.BasicDPLL
SATSolverVerification.KrsticGoel
SATSolverVerification.FunctionalImplementation
Planarity_Certificates.Planarity_Certificates
Sumcheck_Protocol.Concrete_Multivariate_Polynomials
Furstenberg_Topology.Furstenberg_Topology
Lambda_Free_KBOs.Lambda_Free_KBOs
Attack_Trees.GDPRhealthcare
Finite_Fields.Finite_Fields_Isomorphic
Heard_Of.UvProof
Heard_Of.LastVotingProof
AI_Planning_Languages_Semantics.Option_Monad_Add
AI_Planning_Languages_Semantics.Lifschitz_Consistency
AI_Planning_Languages_Semantics.PDDL_STRIPS_Checker
IOA-ex.TrivEx2
IOA-ex.TrivEx
Secret_Directed_Unwinding.SD_Incomplete
Secret_Directed_Unwinding.SD_Incomplete_fin
Involutions2Squares.Involutions2Squares
TESL_Language.Config_Morphisms
TESL_Language.Stuttering
TESL_Language.Introduction
Sturm_Sequences.Sturm_Ex
Sturm_Sequences.Sturm_Library_Document
Abstract-Hoare-Logics.HoareTotal
Abstract-Hoare-Logics.PHoareTotal
Abstract-Hoare-Logics.PsHoareTotal
Dirichlet_Series.Dirichlet_Efficient_Code
Logging_Independent_Anonymity.Possibility
Abstract_Completeness.Propositional_Logic
HyperCTL.HyperCTL
JiveDataStoreModel.UnivSpec
Completeness.Soundness
No_FTL_observers.SpecRel
HOL-Nonstandard_Analysis.Nonstandard_Analysis
Gale_Shapley.Gale_Shapley2
FOL_Seq_Calc3.Result
FOL_Seq_Calc3.Export
RIPEMD-160-SPARK.RIPEMD_160_SPARK
Prim_Dijkstra_Simple.Prim_Impl
Prim_Dijkstra_Simple.Dijkstra_Impl
Prim_Dijkstra_Simple.Chapter_Prim
Prim_Dijkstra_Simple.Chapter_Dijkstra
Serializable.Serializable
Rewrite_Properties_Reduction.Ground_Reduction_on_GTRS
Rewrite_Properties_Reduction.Ground_Reduction_on_LV
Rewrite_Properties_Reduction.Ground_Reduction_on_LLRG
Goedel_HFSet_Semantic.Instance
Goodstein_Lambda.Goodstein_Lambda
Stellar_Quorums.Stellar_Quorums
Topology.LList_Topology
Chomsky_Schuetzenberger.Chomsky_Schuetzenberger
Stern_Brocot.Bird_Tree
Broadcast_Psi.Broadcast_Thms
Dynamic_Tables.Tables_nat
Blue_Eyes.Blue_Eyes
Alpha_Beta_Pruning.TicTacToe
Alpha_Beta_Pruning.Alpha_Beta_Overview
Multirelations.Multirelations
Lebesgue_Stieltjes_Integral.Lebesgue_Stieltjes_Integral
VeriComp.Fixpoint
Cube_Dissection.Cube_Dissection
PSemigroupsConvolution.Partial_Semigroup_Lifting
PSemigroupsConvolution.Unary_Modalities
PSemigroupsConvolution.Partial_Semigroup_Models
Orient_Rewrite_Rule_Undecidable.Delta_Poly_Termination_Undecidable
Orient_Rewrite_Rule_Undecidable.KBO_Subterm_Coefficients_Undecidable
DPRM_Theorem.DPRM
Paraconsistency.Paraconsistency_Validity_Infinite
HOL-Real_Asymp-Manual.Real_Asymp_Doc
AxiomaticCategoryTheory.AxiomaticCategoryTheory
Iptables_Semantics.Code_haskell
Iptables_Semantics.Semantics_Stateful
Iptables_Semantics.Iptables_Semantics
Iptables_Semantics.Negation_Type_DNF
Iptables_Semantics.Alternative_Semantics
Iptables_Semantics.Documentation
Depth-First-Search.DFS
SWF_Impossibility.Majcons_Stratproof_Impossibility
SWF_Impossibility.Anon_Unan_Stratproof_Impossibility
FOL_Seq_Calc1.Sequent2
Rensets.All
Combinatorial_Enumeration_Algorithms.Combinatorial_Enumeration_Algorithms
Error_Function.Error_Function_Asymptotics
POPLmark-deBruijn.POPLmark
POPLmark-deBruijn.Execute
POPLmark-deBruijn.POPLmarkRecordCtxt
Minsky_Machines.Minsky
SDS_Impossibility.SDS_Impossibility
Abs_Int_ITP2012.Abs_Int3
Abs_Int_ITP2012.Abs_Int1_const
Abs_Int_ITP2012.Abs_Int1_parity
Hood_Melville_Queue.Hood_Melville_Queue
Combinable_Wands.CombinableWands
AOT.AOT_misc
Eval_FO.Ailamazyan_Code
Graph_Algorithms.BFS_2
Graph_Algorithms.DFS
CoCon.All_BD_Security_Instances_for_CoCon
Superposition_Calculus.Ground_Superposition_Soundness
Superposition_Calculus.Untyped_Superposition_Soundness
Superposition_Calculus.Untyped_Superposition_Completeness
PAC_Checker.PAC_Checker_MLton
PAC_Checker.PAC_Assoc_Map_Rel
Sigma_Commit_Crypto.Cyclic_Group_Ext
Sigma_Commit_Crypto.Commitment_Schemes
Sigma_Commit_Crypto.Sigma_Protocols
Sigma_Commit_Crypto.Uniform_Sampling
Sigma_Commit_Crypto.Discrete_Log
Sigma_Commit_Crypto.Okamoto_Sigma_Commit
Sigma_Commit_Crypto.Schnorr_Sigma_Commit
Sigma_Commit_Crypto.Pedersen
Sigma_Commit_Crypto.Chaum_Pedersen_Sigma_Commit
Sigma_Commit_Crypto.Rivest
Sigma_Commit_Crypto.Xor
Sigma_Commit_Crypto.Sigma_OR
Sigma_Commit_Crypto.Sigma_AND
Relation_Algebra.Relation_Algebra_Models
Relation_Algebra.Relation_Algebra_Direct_Products
IO_Language_Conformance.Input_Output_Language_Conformance
Abstract_Soundness.Infinite_Proof_Soundness
Oneway2Hiding.O2H_Additional_Lemmas
Oneway2Hiding.More_Kraus_Maps
Oneway2Hiding.Definition_O2H
Oneway2Hiding.Unitary_S
Oneway2Hiding.Unitary_S_prime
Oneway2Hiding.Run_Adversary
Oneway2Hiding.Purification
Oneway2Hiding.Limit_Process
Oneway2Hiding.Definition_Pure_O2H
Oneway2Hiding.Run_Pure_B_count
Oneway2Hiding.Run_Pure_B
Oneway2Hiding.Pure_O2H
Oneway2Hiding.Mixed_O2H
Oneway2Hiding.O2H_Theorem
Gromov_Hyperbolicity.Isometries_Classification
Gromov_Hyperbolicity.Bonk_Schramm_Extension
Distributed_Distinct_Elements.Distributed_Distinct_Elements_Outer_Algorithm
Multitape_To_Singletape_TM.Multi_Single_TM_Translation
Elliptic_Functions.Weierstrass_Addition
Elliptic_Functions.Eisenstein_G2
ArrowImpossibilityGS.GS
ArrowImpossibilityGS.Arrow_Utility
Dynamic_Pushdown_Networks.DPN_implEx
Dynamic_Pushdown_Networks.DPN_impl
AnselmGod.AnselmGod
LTL_Normal_Form.Normal_Form_Complexity
LTL_Normal_Form.Normal_Form_Code_Export
Vickrey_Clarke_Groves.FirstPrice
Vickrey_Clarke_Groves.CombinatorialAuctionCodeExtraction
AWN.AWN_Term_Graph
AWN.Toy
ML_Unification.Unification_Attributes
ML_Unification.Unification_Tactics
ML_Unification.ML_Utils
Functional-Automata.Functional_Automata
Consensus_Refined.New_Algorithm_Proofs
Consensus_Refined.Ate_Proofs
Consensus_Refined.BenOr_Proofs
Consensus_Refined.Paxos_Proofs
Consensus_Refined.Uv_Proofs
Consensus_Refined.OneThirdRule_Proofs
Consensus_Refined.CT_Proofs
Deriving.RBT_Compare_Order_Impl
Fisher_Yates.Fisher_Yates
CCS.Weak_Cong_Pres
Residuated_Lattices.Action_Algebra_Models
Residuated_Lattices.Residuated_Relation_Algebra
Residuated_Lattices.Involutive_Residuated
Types_Tableaus_and_Goedels_God.FittingProof
Types_Tableaus_and_Goedels_God.GoedelProof_P2
Types_Tableaus_and_Goedels_God.AndersonProof
Types_Tableaus_and_Goedels_God.GoedelProof_P1
IMP_Noninterference_Extension.Correctness_Theorem
Cardinality_Continuum.Cardinality_Euclidean_Space
Elliptic_Curves_Group_Law.Elliptic_Axclass
Relational_Paths.Path_Algorithms
Tree_Enumeration.Rooted_Tree_Enumeration
Tree_Enumeration.Labeled_Tree_Enumeration
Polynomial_Crit_Geometry.Polynomial_Crit_Geometry
Probabilistic_Prime_Tests.Miller_Rabin_Test
Probabilistic_Prime_Tests.Solovay_Strassen_Test
Probabilistic_Prime_Tests.Fermat_Test
Difference_Bound_Matrices.DBM_Constraint_Systems
Ramsey-Infinite.Ramsey
Completeness_Decreasing_Diagrams_for_N1.Main_Result_DCR_N1
Completeness_Decreasing_Diagrams_for_N1.DCR3_Optimality
Source_Coding_Theorem.Source_Coding_Theorem
PAL.PAL
HOL-Import.HOL_Light_Import
Sauer_Shelah_Lemma.Sauer_Shelah_Lemma
Heard_Of.OneThirdRuleProof
Heard_Of.AteProof
Heard_Of.EigbyzProof
Heard_Of.UteProof
Neural_Networks.NN_Manual
VerifyThis2019.Challenge3
VerifyThis2019.Challenge1B
VerifyThis2019.Challenge2B
LightweightJava.Lightweight_Java_Proof
Pi_Irrational.Pi_Irrational
ComponentDependencies.DataDependenciesCaseStudy
Set_Reconciliation.Set_Reconciliation
FunWithFunctions.FunWithFunctions
Sturm_Tarski.Tarski_Query_Impl
ResiduatedTransitionSystem2.CategoryOfTransitions
ResiduatedTransitionSystem2.RTSCat_Interp
ResiduatedTransitionSystem2.RTSEnrichedCategory
Conditional_Transfer_Rule.CTR_Reference
Conditional_Transfer_Rule.CTR_Introduction
Randomized_Closest_Pair.Randomized_Closest_Pair_Time
Knuth_Morris_Pratt.KMP
MFOTL_Monitor.Slicing
HOL-IMPP.EvenOdd
Comparison_Sort_Lower_Bound.Comparison_Sort_Lower_Bound
InformationFlowSlicing.NonInterferenceWhile
Symmetric_Polynomials.Symmetric_Polynomials_Code
HOL-TLA-Inc.Inc
Probabilistic_Noninterference.Trace_Based
Probabilistic_Noninterference.Concrete
CRDT.Counter
CRDT.ORSet
CRDT.RGA
LTL_to_DRA.Export_Code
TsirelsonBound.Tsirelson
MiniML.W
Lorenz_C1.Lorenz_C1
Noninterference_CSP.GeneralizedNoninterference
ProcessComposition.CopyableElimination
KnuthMorrisPratt.KnuthMorrisPratt
Splay_Tree.Splay_Map
HOL-Mutabelle.MutabelleExtra
Restriction_Spaces-HOLCF.Restriction_Spaces-HOLCF
Knights_Tour.KnightsTour
Hyperdual.LogisticFunction
Transitive-Closure.Transitive_Closure_RBT_Impl
Transitive-Closure.Finite_Transitive_Closure_Simprocs
Deep_Learning.DL_Fundamental_Theorem_Network_Capacity
Approximate_Model_Counting.CertCheck_CNF_XOR
Buildings.Building
Continued_Fractions.E_CFrac
Continued_Fractions.Continued_Fraction_Approximation
Isabelle_C.C_Appendices
Isabelle_C.README
Khovanskii_Theorem.Khovanskii
HOLCF.README
HOLCF.HOLCF
Concurrent_Revisions.Determinacy
Mereology.GEM
Goedel_Incompleteness.All_Abstract
Schutz_Spacetime.TemporalOrderOnPath
CryptoBasedCompositionalProperties.KnowledgeKeysSecrets
Dependent_SIFUM_Refinement.Eg1RefinementTrivial
Dependent_SIFUM_Refinement.EgHighBranchRevC
Dependent_SIFUM_Refinement.Eg1Eg2RefinementSimple
Archimedes_Cattle.Archimedes_Cattle
LTL3_Semantics.LTL3
Twelvefold_Way.Twelvefold_Way
Saturation_Framework_Extensions.Given_Clause_Architectures_Revisited
Sliding_Window_Algorithm.SWA
Relative_Security.Incomplete
Relative_Security.Incomplete_fin
Lam-ml-Normalization.Lam_ml
AODV.All
HOL-Analysis.Finite_Function_Topology
Hermite.Hermite
Hermite.Hermite_IArrays
NREST.Refine_Foreach
Transitive_Union_Closed_Families.Transitive_Union_Closed_Families
Weight_Balanced_Trees.Weight_Balanced_Trees_log
Weight_Balanced_Trees.Weight_Balanced_Trees
HOLCF-IMP.HoareEx
Stochastic_Matrices.Stochastic_Matrix_Perron_Frobenius
Quantum_Fourier_Transform.QFT
Show.Show_Real_Impl
Hilbert_Basis.Formal_Power_Series_Ring
Hilbert_Basis.Hilbert_Basis_Introduction
Hypergraph_Basics.Hypergraph_Basics_Root
Ackermanns_not_PR.Primrec
Differential_Dynamic_Logic.Differential_Dynamic_Logic
Ceva.Ceva
Neumann_Morgenstern_Utility.Expected_Utility
IMP_Compiler_Reuse.Compiler2
Hybrid_Multi_Lane_Spatial_Logic.Safety_Perfect
Hybrid_Multi_Lane_Spatial_Logic.Safety_Regular
DFS_Framework.DFS_Chapter_Framework
DFS_Framework.On_Stack
Regular_Tree_Relations.Horn_List
Regular_Tree_Relations.Myhill_Nerode
Combinatorial_Nullstellensatz.Combinatorial_Nullstellensatz
GoedelGod.GoedelGod
Dilworth.Dilworth
Bicategory.BicategoryOfSpans
Bicategory.Modification
Bicategory.CatBicat
InformationFlowSlicing_Inter.LiftingInter
Naproche.Build
RSAPSS.RSAPSS
HOL-SET_Protocol.SET_Protocol
HOL-Hoare_Parallel.Hoare_Parallel
Grothendieck_Schemes.Scheme
Partial_Order_Reduction.Ample_Correctness
Generalized_Counting_Sort.Stability
Name_Carrying_Type_Inference.SimplyTyped
Forcing.Rasiowa_Sikorski
Forcing.Forcing_Main
HOL-TLA-Buffer.DBuffer
Gray_Codes.Non_Boolean_Gray
Architectural_Design_Patterns.Blockchain
Architectural_Design_Patterns.Blackboard
KBPs.KBPs_Main
CVP_Hardness.SVP_vec
CoreC++.CoreC++
HOLCF-FOCUS.Fstreams
HOLCF-FOCUS.Buffer_adm
Farey_Sequences.Farey_Ford
Irrational_Series_Erdos_Straus.Irrational_Series_Erdos_Straus
QHLProver.Grover
Polynomials.NZM
Zip_Benchmarks.GCD
Zip_Benchmarks.List
Zip_Benchmarks.Tree234_Set
Zip_Benchmarks.Set
Zip_Benchmarks.Deriv
Launchbury.EverythingAdequacy
Complx.SumArr
Turans_Graph_Theorem.Turan
Hales_Jewett.Hales_Jewett
Hoare_Time.Hoare_Time
HOL-Statespace.StateSpaceEx
Padic_Field.Padic_Semialgebraic_Function_Ring
ShortestPath.ShortestPathNeg
SAT_Not_Const_Time.SAT_Not_Const_Time
Lifting_the_Exponent.LTE
LL1_Parser.Json_Parser
Padic_Ints.Zp_Compact
Incredible_Proof_Machine.Incredible_Propositional_Tasks
Incredible_Proof_Machine.Incredible_Everything
Incredible_Proof_Machine.Incredible_Predicate_Tasks
Poincare_Disc.Poincare_Perpendicular
Density_Compiler.PDF_Compiler
LOFT.RFC2544
LOFT.OF_conv_test
LOFT.OpenFlow_Documentation
CZH_Foundations.CZH_SMC_Conclusions
CZH_Foundations.CZH_Sets_Conclusions
CZH_Foundations.CZH_DG_Conclusions
Compressed_Oracles.Misc_Compressed_Oracle
Compressed_Oracles.Function_At
Compressed_Oracles.Invariant_Preservation
Compressed_Oracles.CO_Operations
Compressed_Oracles.Compressed_Oracle_Is_RO
Compressed_Oracles.Oracle_Programs
Compressed_Oracles.CO_Invariants
Compressed_Oracles.Collision
Compressed_Oracles.Find_Zero
PNT_with_Remainder.PNT_Notation
PNT_with_Remainder.PNT_Remainder_Library
PNT_with_Remainder.PNT_Complex_Analysis_Lemmas
PNT_with_Remainder.Relation_of_PNTs
PNT_with_Remainder.Zeta_Zerofree
PNT_with_Remainder.PNT_Subsummable
PNT_with_Remainder.Perron_Formula
PNT_with_Remainder.PNT_with_Remainder
Kummer_Congruence.Irregular_Primes_Infinite
IMP2_Binary_Heap.IMP2_Binary_Heap
Simpl.Simpl
Safe_Range_RC.Results
List_Update.Comb
Promela.All_Of_Promela
HOL-Prolog.Type
IOA-Storage.Correctness
PropResPI.Prime_Implicates
FOL_Harrison.FOL_Harrison
Munta_Model_Checker.Munta_Compile_MLton
Smith_Normal_Form.Smith_Normal_Form
Smith_Normal_Form.Diagonal_To_Smith
Smith_Normal_Form.Mod_Type_Connect
Smith_Normal_Form.SNF_Missing_Lemmas
Smith_Normal_Form.Cauchy_Binet
Smith_Normal_Form.Smith_Normal_Form_JNF
Smith_Normal_Form.Cauchy_Binet_HOL_Analysis
Smith_Normal_Form.SNF_Algorithm
Smith_Normal_Form.Elementary_Divisor_Rings
Smith_Normal_Form.Admits_SNF_From_Diagonal_Iff_Bezout_Ring
Smith_Normal_Form.Alternative_Proofs
Smith_Normal_Form.Diagonal_To_Smith_JNF
Smith_Normal_Form.SNF_Uniqueness
Smith_Normal_Form.SNF_Algorithm_Euclidean_Domain
Smith_Normal_Form.Smith_Certified
Smith_Normal_Form.SNF_Algorithm_HOL_Analysis
Smith_Normal_Form.Diagonalize
Smith_Normal_Form.SNF_Algorithm_Two_Steps_JNF
Smith_Normal_Form.SNF_Algorithm_Two_Steps
HRB-Slicing.HRBSlicing
Uncertainty_Principle.Uncertainty_Principle
Tail_Recursive_Functions.Method
Tail_Recursive_Functions.CaseStudy2
Tail_Recursive_Functions.CaseStudy1
Mission_Time_LTL_to_Regular_Expression.Regex_Equivalence
CAVA_LTL_Modelchecker.All_Of_CAVA_LTL_Modelchecker
CAVA_LTL_Modelchecker.Mulog
Factor_Algebraic_Polynomial.Factor_Real_Poly
HOL-ZF.Games
Functional_Ordered_Resolution_Prover.Executable_FO_Ordered_Resolution_Prover
Abel_Limit_Theorem.Binomial_Sqrt_Series_Boundary
MHComputation.MHComputation
Linear_Recurrences.Rational_FPS_Asymptotics
HOL-Analysis-ex.Approximations
Diophantine_Eqns_Lin_Hom.Solver_Code
Simplicial_complexes_and_boolean_functions.Binary_operations
Simplicial_complexes_and_boolean_functions.BDD
Coinductive.Coinductive
CZH_Elementary_Categories.CZH_ECAT_Conclusions
RG_Locks.Lock_Circular_Buffer
RG_Locks.Lock_Ticket
IMP_Compiler.Compiler2
Gabow_SCC.All_Of_Gabow_SCC
Sort_Encodings.Encodings
Real_Time_Deque.RealTimeDeque_Proof
Category3.HF_SetCat_Interp
Category3.ZFC_SetCat_Interp
Cartan_FP.Cartan
Resolution_FOL.Completeness_Instance
Prime_Harmonic_Series.Prime_Harmonic
CHERI-C_Memory_Model.CHERI_C_Global_Environment
Foundation_of_geometry.Congruence
Liouville_Numbers.Liouville_Numbers
Password_Authentication_Protocol.Protocol
Modular_arithmetic_LLL_and_HNF_algorithms.Storjohann_Impl
Modular_arithmetic_LLL_and_HNF_algorithms.Uniqueness_Hermite
Modular_arithmetic_LLL_and_HNF_algorithms.Uniqueness_Hermite_JNF
Modular_arithmetic_LLL_and_HNF_algorithms.HNF_Mod_Det_Algorithm
Modular_arithmetic_LLL_and_HNF_algorithms.HNF_Mod_Det_Soundness
Modular_arithmetic_LLL_and_HNF_algorithms.LLL_Certification_via_HNF
Recursion-Addition.recursion
Coproduct_Measure.Coproduct_Measure_Additional
Hybrid_Logic.Hybrid_Logic
Psi_Calculi.Weak_Bisim_Subst
Psi_Calculi.Tau_Laws_Weak
Psi_Calculi.Tau_Laws_No_Weak
Progress_Tracking.Combined
Progress_Tracking.Exchange_Abadi
Mostowski_Collapse.Mostowski_Collapse
Relational_Forests.Algorithms
Weak_Spectroscopy.Weak_Traces
Weak_Spectroscopy.Silent_Step_Spectroscopy
Weak_Spectroscopy.Branching_Bisimilarity
SIFUM_Type_Systems.TypeSystem
SIFUM_Type_Systems.LocallySoundModeUse
Native_Word.Uint_Userguide
Native_Word.Native_Word_Imperative_HOL
Sigmoid_Universal_Approximation.Sigmoid_Universal_Approximation
SC_DOM_Components.Shadow_DOM_SC_DOM_Components
AutoCorres2_Main.AutoCorres_Nondet_Syntax
LLL_Factorization.Modern_Computer_Algebra_Problem
Simple_Firewall.Shadowed
Presburger-Automata.Exec
Discrete-UCB.Discrete_UCB_Step3
PLM.Thesis
AutoFocus-Stream.IL_AF_Stream_Exec
Transitive-Closure-II.RTrancl
FOL_Axiomatic.FOL_Axiomatic
FOL_Axiomatic.FOL_Axiomatic_Variant
Nominal_Unification.NU
FOL_Seq_Calc2.Export
FOL_Seq_Calc2.Results
MonoBoolTranAlgebra.Statements
Diophantine_Universal_Pairs.Eleven_Unknowns_Z
Diophantine_Universal_Pairs.Universal_Pairs
Stone_Kleene_Relation_Algebras.Kleene_Relation_Subalgebras
HOL-Matrix_LP.Cplex
Relational_Disjoint_Set_Forests.Matrix_Peano_Algebras
Automated_Stateful_Protocol_Verification.manual
Encodability_Process_Calculi.CombinedCriteria
Slicing.Slicing
RefinementReactive.Reactive
Zeta_Function.Hadjicostas_Chapman
Simple_Clause_Learning.SCL_FOL
Simple_Clause_Learning.Invariants
Simple_Clause_Learning.Correct_Termination
Simple_Clause_Learning.Initial_Literals_Generalize_Learned_Literals
Simple_Clause_Learning.Non_Redundancy
Simple_Clause_Learning.Termination
Simple_Clause_Learning.Completeness
Edwards_Elliptic_Curves_Group.Edwards_Elliptic_Curves_Group
HOLCF-Tutorial.Fixrec_ex
HOLCF-Tutorial.New_Domain
HOLCF-Tutorial.Domain_ex
LambdaMu.Progress
LambdaMu.Peirce
Cubic_Quartic_Equations.Quartic_Polynomials
FunWithTilings.Tilings
Relational_Method.Possibility
Hahn_Jordan_Decomposition.Hahn_Jordan_Decomposition
Conditional_Simplification.CS_Reference
Certification_Monads.Misc
Fixed_Length_Vector.Fixed_Length_Vector
HOL-Real_Asymp.Real_Asymp_Approx
Chandy_Lamport.Co_Snapshot
Possibilistic_Noninterference.Concrete
CZH_Universal_Constructions.CZH_UCAT_Conclusions
Quasi_Borel_Spaces.Bayesian_Linear_Regression
Chebyshev_Prime_Bounds.Chebyshev_Prime_Exhaust
Chebyshev_Prime_Bounds.Chebyshev_Prime_Bounds
Hello_World.RunningCodeFromIsabelle
Hello_World.HelloWorld_Proof
IOA-NTP.Overview
IOA-NTP.Correctness
Tycon.Monad_Transformer
MiniSail.MiniSail
Clean.Clean_Main
No_FTL_observers_Gen_Rel.NoFTLGR
Skip_Lists.Skip_List
Category.Yoneda
Binary_Code_Imprimitive.Binary_Imprimitive_Decision
ProcessComposition_ILL.ProcessILL
Transcendence_Series_Hancl_Rucki.Transcendence_Series
Dependent_SIFUM_Type_Systems.LocallySoundModeUse
Workflow_Net_Fitness_Measures.DefinitionCorrectness
Imperative_Insertion_Sort.Imperative_Insertion_Sort
Aho_Corasick.Aho_Corasick
Jinja.Jinja
Chebyshev_Polynomials.Chebyshev_Polynomials
Parallel_Shear_Sort.Parallel_Shear_Sort
GenClock.GenClock
Real_Power.Log
NormByEval.NBE
Quaternions.Quaternions
Concurrent_Ref_Alg.Rely_Quotient
Wetzels_Problem.Wetzels_Problem
Independence_CH.Demonstrations
Relational-Incorrectness-Logic.RelationalIncorrectness
Bisimulation_Logic.Bisimulation_Logic
Koenigsberg_Friendship.KoenigsbergBridge
Koenigsberg_Friendship.FriendshipTheory
ClockSynchInst.ICAInstance
ClockSynchInst.LynchInstance
Smooth_Manifolds.Sphere
Smooth_Manifolds.Projective_Space
Stone_Relation_Algebras.Linear_Order_Matrices
Proof_Terms_Term_Rewriting.Redex_Patterns
GPU_Kernel_PL.Kernel_programming_language
Two_Hermitian_Results.Misc_Matrix_Results
Two_Hermitian_Results.Cauchy_Eigenvalue_Interlacing
Two_Hermitian_Results.Sylvester_Criterion
Fishers_Inequality.Fishers_Inequality_Root
Schoenhage_Strassen.Schoenhage_Strassen_TM
Multirelations_Heterogeneous.Multirelations
Dominance_CHK.Dom_Kildall_Correct
Monomorphic_Monad.Interpreter
Monomorphic_Monad.Monad_Overloading
Max-Card-Matching.Matching
Locally-Nameless-Sigma.Locally_Nameless_Sigma
No_Free_Lunch_ML.No_Free_Lunch_ML
C2KA_DistributedSystems.Communication_C2KA
ResiduatedTransitionSystem.LambdaCalculus
Rep_Fin_Groups.Rep_Fin_Groups
ML_Bootstrap
GraphMarkingIBP.DSWMark
IMAP-CRDT.IMAP-proof
IFC_Tracking.PDG
Impossible_Geometry.Impossible_Geometry
CAVA_Base.All_Of_CAVA_Base
Selection_Heap_Sort.HeapFunctional
Selection_Heap_Sort.HeapImperative
Selection_Heap_Sort.SelectionSort_Functional
CYK.CYK
Two_Way_DFA_HF.Two_Way_DFA_HF
Bondy.Bondy
Crypto_Standards.Crypto_Standards
Quantifier_Elimination_Hybrid.Hybrid_Multiv_Algorithm_Proofs
Picks_Theorem.Pick
Perfect-Number-Thm.Perfect
IEEE_Floating_Point.Double
IEEE_Floating_Point.IEEE_Single_NaN_SMTLIB
General-Triangle.GeneralTriangle
Noninterference_Inductive_Unwinding.InductiveUnwinding
Polygonal_Number_Theorem.Polygonal_Number_Theorem_Legendre
Polygonal_Number_Theorem.Polygonal_Number_Theorem_Cauchy
Concentrated_Liquidity_Market_Making_Operations.CLMM_Transformation
LocalLexing.MainTheorems
Octonions.Octonions
Fermat3_4.Fermat3
Disintegration.Disintegration
Program-Conflict-Analysis.MainResult
Doob_Convergence.Doob_Convergence
Schwartz_Zippel.Rand_Perfect_Matching
Noninterference_Generic_Unwinding.GenericUnwinding
Irrationals_From_THEBOOK.Irrationals_From_THEBOOK
Delta_System_Lemma.Konig
Delta_System_Lemma.Cohen_Posets
Stalnaker_Logic.Stalnaker_Logic
Aristotles_Assertoric_Syllogistic.AristotlesAssertoric
Interval_Arithmetic_Word32.Interpreter
Lambert_W.Lambert_W_MacLaurin_Series
Statecharts.CarAudioSystem
Three_Circles.Three_Circles
MonoidalCategory.FreeMonoidalCategory
Ordinals_and_Cardinals.Cardinal_Order_Relation_discontinued
Rewriting_Z.Lambda_Z
Rewriting_Z.CL_Z
Lovasz_Local.Lovasz_Local_Root
Youngs_Inequality.Youngs
FLP.FLPExistingSystem
HOL-MicroJava.MicroJava
Orbit_Stabiliser.Tetrahedron
SCC_Bloemen_Sequential.SCC_Bloemen_Sequential
FinFun.FinFunPred
CommCSL.NonInterference
Arbitrage_Probability_Correspondence.Arbitrage_Probability_Correspondence
Clique_and_Monotone_Circuits.Clique_Large_Monotone_Circuits
MLSS_Decision_Proc.MLSS_Proc_All
HOL-Unix.Unix
Generalized_Cauchy_Davenport.Generalized_Cauchy_Davenport_main_proof
FOL_Compactness.Canonical_Models
Compiling-Exceptions-Correctly.Exceptions
Ribbon_Proofs.Ribbons_Stratified
Ribbon_Proofs.Ribbons_Graphical_Soundness
Efficient_Weighted_Path_Order.RPO_Mem_Impl
LP_Duality.LP_Duality
StrictOmegaCategories.Pasting_Diagram
Probabilistic_System_Zoo.Bool_Bounded_Set
Zeckendorf.Zeckendorf
Free-Boolean-Algebra.Free_Boolean_Algebra
Pushdown_Systems.Ex
Tree_Decomposition.TreewidthTree
Randomised_BSTs.Randomised_BSTs
Differential_Game_Logic.Differential_Game_Logic
GaleStewart_Games.GaleStewartDeterminedGames
Gaussian_Integers.Gaussian_Integers_Everything
Constructive_Cryptography.Resource
Constructive_Cryptography.Converter
Constructive_Cryptography.Converter_Rewrite
Constructive_Cryptography.Random_System
Constructive_Cryptography.Distinguisher
Constructive_Cryptography.Wiring
Constructive_Cryptography.Constructive_Cryptography
Constructive_Cryptography.System_Construction
Constructive_Cryptography.Message_Authentication_Code
Constructive_Cryptography.One_Time_Pad
Constructive_Cryptography.Secure_Channel
Irrationality_J_Hancl.Irrationality_J_Hancl
Knot_Theory.Knot_Theory
Lorenz_C0.Lorenz_C0
Dedekind_Real.Dedekind_Real
HOL-Decision_Procs.Decision_Procs
HOL-Computational_Algebra.Computation_Checks
HOL-IOA.Solve
Wieferich_Kempner.Wieferich_Kempner
Constructive_Cryptography_CM.More_CC
Constructive_Cryptography_CM.Fold_Spmf
Constructive_Cryptography_CM.Fused_Resource
Constructive_Cryptography_CM.Key
Constructive_Cryptography_CM.Channel
Constructive_Cryptography_CM.State_Isomorphism
Constructive_Cryptography_CM.Observe_Failure
Constructive_Cryptography_CM.Construction_Utility
Constructive_Cryptography_CM.Concrete_Security
Constructive_Cryptography_CM.Asymptotic_Security
Constructive_Cryptography_CM.One_Time_Pad
Constructive_Cryptography_CM.Diffie_Hellman_CC
Constructive_Cryptography_CM.DH_OTP
SCL_Simulates_Ground_Resolution.Background
SCL_Simulates_Ground_Resolution.ORD_RES
SCL_Simulates_Ground_Resolution.Exhaustive_Factorization
SCL_Simulates_Ground_Resolution.ORD_RES_2
SCL_Simulates_Ground_Resolution.ORD_RES_1
SCL_Simulates_Ground_Resolution.Exhaustive_Resolution
SCL_Simulates_Ground_Resolution.ORD_RES_3
SCL_Simulates_Ground_Resolution.Implicit_Exhaustive_Factorization
SCL_Simulates_Ground_Resolution.ORD_RES_4
SCL_Simulates_Ground_Resolution.Clause_Could_Propagate
SCL_Simulates_Ground_Resolution.ORD_RES_8
SCL_Simulates_Ground_Resolution.ORD_RES_7
SCL_Simulates_Ground_Resolution.ORD_RES_9
SCL_Simulates_Ground_Resolution.ORD_RES_10
SCL_Simulates_Ground_Resolution.ORD_RES_11
SCL_Simulates_Ground_Resolution.ORD_RES_5
SCL_Simulates_Ground_Resolution.ORD_RES_6
SCL_Simulates_Ground_Resolution.Simulation_SCLFOL_ORDRES
