Menger.Menger
Allen_Calculus.nest
IMP_With_Speculation.Fun4_secure
IMP_With_Speculation.Fun3_secure
IMP_With_Speculation.Fun_mask_secure
IMP_With_Speculation.Fun5_secure
IMP_With_Speculation.Fun6_secure
IMP_With_Speculation.Fun2_secure
IMP_With_Speculation.Fun1_insecure
Fresh_Identifiers.Fresh_Infinite
Fresh_Identifiers.Fresh_Int
Dependent_SIFUM_Refinement.Eg1Eg2RefinementSimple
Dependent_SIFUM_Refinement.Eg1RefinementTrivial
Dependent_SIFUM_Refinement.EgHighBranchRevC
Notes_On_Goedels_Ontological_Argument.GoedelVariantHOML3possInS4
Notes_On_Goedels_Ontological_Argument.GoedelVariantHOML2possInS4
Notes_On_Goedels_Ontological_Argument.GoedelVariantHOML3inS4
Notes_On_Goedels_Ontological_Argument.GoedelVariantHOML3poss
Notes_On_Goedels_Ontological_Argument.ScottVariantHOMLinK
Notes_On_Goedels_Ontological_Argument.ThereIsNoEvil1
Notes_On_Goedels_Ontological_Argument.GoedelVariantHOML2poss
Notes_On_Goedels_Ontological_Argument.GoedelVariantHOML2AndersonQuant
Notes_On_Goedels_Ontological_Argument.ThereIsNoEvil2
Notes_On_Goedels_Ontological_Argument.ScottVariantHOMLAndersonQuant
Notes_On_Goedels_Ontological_Argument.ScottVariantHOML
Notes_On_Goedels_Ontological_Argument.GoedelVariantHOML1
Notes_On_Goedels_Ontological_Argument.GoedelVariantHOML1AndersonQuant
Notes_On_Goedels_Ontological_Argument.GoedelVariantHOML3AndersonQuant
Notes_On_Goedels_Ontological_Argument.GoedelVariantHOML1poss
Notes_On_Goedels_Ontological_Argument.ScottVariantHOMLpossInS4
Notes_On_Goedels_Ontological_Argument.GoedelVariantHOML2inS4
Notes_On_Goedels_Ontological_Argument.ScottVariantHOMLinS4
Notes_On_Goedels_Ontological_Argument.SurjectiveCantor
Notes_On_Goedels_Ontological_Argument.GoedelVariantHOML1inS4
Notes_On_Goedels_Ontological_Argument.ScottVariantHOMLposs
Notes_On_Goedels_Ontological_Argument.EvilDerivable
ConcurrentHOL.Safety_Closure
ConcurrentHOL.Inhabitation
ConcurrentHOL.Atomic
ConcurrentHOL.Exceptions
ConcurrentHOL.TSO_litmus
ConcurrentHOL.FindP
ConcurrentHOL.BFS
ConcurrentHOL.WickersonDoddsParkinson
ConcurrentHOL.Floyd_Warshall
Bicategory.Modification
Bicategory.CatBicat
Bicategory.BicategoryOfSpans
CAVA_Base.All_Of_CAVA_Base
BNF_Operations.N2M
BNF_Operations.GFP
BNF_Operations.Compose
BNF_Operations.Kill
BNF_Operations.LFP
BNF_Operations.Lift
BNF_Operations.Permute
Nominal2.Atoms
Nominal2.Eqvt
Applicative_Lifting.Idiomatic_Terms
Applicative_Lifting.Applicative_Functor
Fourier.Fourier
Category3.ZFC_SetCat_Interp
Category3.HF_SetCat_Interp
Propositional_Proof_Systems.Resolution_Compl_Consistency
Propositional_Proof_Systems.ND_FiniteAssms
Propositional_Proof_Systems.SC_Depth_Limit
Propositional_Proof_Systems.Resolution_Compl_SC_Small
Propositional_Proof_Systems.ND_Compl_Truthtable_Compact
Propositional_Proof_Systems.SC_Gentzen
Propositional_Proof_Systems.SC_Compl_Consistency
Propositional_Proof_Systems.Tseytin_Sema
Propositional_Proof_Systems.MiniSC_Craig
Propositional_Proof_Systems.HC_Compl_Consistency
Propositional_Proof_Systems.Compactness_Consistency
Propositional_Proof_Systems.CNF_To_Formula
Propositional_Proof_Systems.MiniFormulas_Sema
Propositional_Proof_Systems.Resolution_Compl
Propositional_Proof_Systems.ND_Compl_SC
Propositional_Proof_Systems.MiniSC_HC
Propositional_Proof_Systems.Resolution_Sound
Propositional_Proof_Systems.Resolution_Compl_SC_Full
Propositional_Proof_Systems.HCSCND
Propositional_Proof_Systems.Sema_Craig
Chebyshev_Polynomials.Chebyshev_Polynomials
HOLCF-Library.HOLCF_Library
HOLCF-Library.HOL_Cpo
Interval_Analysis.Extended_Interval_Analysis
Interval_Analysis.Interval_Analysis
Interval_Analysis.Extended_Multi_Interval_Analysis
Lambert_W.Lambert_W_MacLaurin_Series
HOL-Induct.Infinitely_Branching_Tree
HOL-Induct.QuoDataType
HOL-Induct.ABexp
HOL-Induct.Sigma_Algebra
HOL-Induct.Comb
HOL-Induct.Ordinals
HOL-Induct.Nested_Datatype
HOL-Induct.SList
HOL-Induct.Com
HOL-Induct.Term
HOL-Induct.PropLog
HOL-Induct.QuoNestedDataType
SC_DOM_Components.Shadow_DOM_SC_DOM_Components
Interval_Arithmetic_Word32.Interpreter
HOL-Proofs-Lambda.StrongNorm
HOL-Proofs-Lambda.Standardization
HOL-UNITY.Counter
HOL-UNITY.Handshake
HOL-UNITY.Alloc
HOL-UNITY.Mutex
HOL-UNITY.ELT
HOL-UNITY.Lift
HOL-UNITY.TimerArray
HOL-UNITY.Common
HOL-UNITY.Client
HOL-UNITY.Token
HOL-UNITY.AllocImpl
HOL-UNITY.README_Simple
HOL-UNITY.Reachability
HOL-UNITY.Channel
HOL-UNITY.README
HOL-UNITY.NSP_Bad
HOL-UNITY.README_Comp
HOL-UNITY.Progress
HOL-UNITY.Network
HOL-UNITY.Deadlock
HOL-UNITY.Priority
HOL-UNITY.Counterc
RIPEMD-160-SPARK.RIPEMD_160_SPARK
Slicing.Slicing
Consensus_Refined.BenOr_Proofs
Consensus_Refined.Uv_Proofs
Consensus_Refined.Paxos_Proofs
Consensus_Refined.Ate_Proofs
Consensus_Refined.New_Algorithm_Proofs
Consensus_Refined.OneThirdRule_Proofs
Consensus_Refined.CT_Proofs
Correctness_Algebras.Extended_Designs
Correctness_Algebras.Monotonic_Boolean_Transformers_Instances
Correctness_Algebras.Binary_Iterings_Nonstrict
Correctness_Algebras.N_Semirings_Modal
Correctness_Algebras.Domain_Recursion
Correctness_Algebras.N_Omega_Binary_Iterings
Correctness_Algebras.N_Relation_Algebras
Correctness_Algebras.Boolean_Semirings
Correctness_Algebras.Recursion_Strict
Correctness_Algebras.Capped_Omega_Algebras
Coupledsim_Contrasim.Coupledsim_Fixpoint_Algo_Delay
Coupledsim_Contrasim.Weak_HML_Contrasimulation
Coupledsim_Contrasim.Tau_Sinks
Coupledsim_Contrasim.Coupledsim_Game_Delay
Coupledsim_Contrasim.Contrasim_Word_Game
HOL-ex.Case_Product
HOL-ex.Sudoku
HOL-ex.Execute_Choice
HOL-ex.Residue_Ring
HOL-ex.Triangular_Numbers
HOL-ex.Hebrew
HOL-ex.Multiquote
HOL-ex.Transfer_Debug
HOL-ex.Gauge_Integration
HOL-ex.NatSum
HOL-ex.PresburgerEx
HOL-ex.BigO
HOL-ex.MonoidGroup
HOL-ex.Tree23
HOL-ex.Computations
HOL-ex.CTL
HOL-ex.Peano_Axioms
HOL-ex.Antiquote
HOL-ex.Cubic_Quartic
HOL-ex.ThreeDivides
HOL-ex.Normalization_by_Evaluation
HOL-ex.Erdoes_Szekeres
HOL-ex.Transitive_Closure_Table_Ex
HOL-ex.SOS
HOL-ex.Radix_Sort
HOL-ex.HarmonicSeries
HOL-ex.Code_Timing
HOL-ex.Bubblesort
HOL-ex.Chinese
HOL-ex.Join_Theory
HOL-ex.Code_Lazy_Demo
HOL-ex.Serbian
HOL-ex.Tarski
HOL-ex.Executable_Relation
HOL-ex.Set_Theory
HOL-ex.Lagrange
HOL-ex.SOS_Cert
HOL-ex.PER
HOL-ex.veriT_Preprocessing
HOL-ex.Specifications_with_bundle_mixins
HOL-ex.Termination
HOL-ex.Sqrt_Script
HOL-ex.Bit_Operation_Computations
HOL-ex.Transfer_Int_Nat
HOL-ex.Word_Msb
HOL-ex.Perm_Fragments
HOL-ex.Function_Growth
HOL-ex.Intuitionistic
HOL-ex.Pythagoras
HOL-ex.MergeSort
HOL-ex.Classical
HOL-ex.Ballot
HOL-ex.BinEx
Containers.Containers_TwoSat_Ex
Containers.Card_Datatype_Ex
Containers.Containers_Userguide
Containers.Compatibility_Containers_Regular_Sets
Containers.Map_To_Mapping_Ex
Region_Quadtrees.Quad_Matrix
Region_Quadtrees.KD_Region_Nested
Region_Quadtrees.Quad_Tree
Region_Quadtrees.KD_Region_Tree2
Region_Quadtrees.KD_Region_Tree
FaithfulPMLinHOL.PMLinHOL_shallow_minimal_further_tests_2
FaithfulPMLinHOL.PMLinHOL_shallow_further_tests_2
FaithfulPMLinHOL.PMLinHOL_faithfulness
FaithfulPMLinHOL.PMLinHOL_deep_further_tests_1
FaithfulPMLinHOL.PMLinHOL_deep_further_tests
FaithfulPMLinHOL.PMLinHOL_shallow_further_tests
FaithfulPMLinHOL.PMLinHOL_shallow_minimal_further_tests_1
FaithfulPMLinHOL.PMLinHOL_deep_Loeb_tests
FaithfulPMLinHOL.PMLinHOL_shallow_minimal_further_tests
FaithfulPMLinHOL.PMLinHOL_shallow_further_tests_1
FaithfulPMLinHOL.PMLinHOL_shallow_minimal_Loeb_tests
FaithfulPMLinHOL.PMLinHOL_shallow_Loeb_tests
FaithfulPMLinHOL.PMLinHOL_deep_further_tests_2
LambdaMu.Peirce
LambdaMu.Progress
CryptoBasedCompositionalProperties.KnowledgeKeysSecrets
JinjaThreads.JinjaThreads
TESL_Language.Stuttering
TESL_Language.Config_Morphisms
TESL_Language.Introduction
Monomorphic_Monad.Monad_Overloading
Monomorphic_Monad.Interpreter
TLA.Buffer
TLA.Even
TLA.Inc
AI_Planning_Languages_Semantics.Lifschitz_Consistency
AI_Planning_Languages_Semantics.Option_Monad_Add
AI_Planning_Languages_Semantics.PDDL_STRIPS_Checker
ADS_Functor.Canton_Transaction_Tree
ADS_Functor.Generic_ADS_Construction
Finite_Fields.Finite_Fields_Isomorphic
Abs_Int_ITP2012.Abs_Int3
Abs_Int_ITP2012.Abs_Int1_parity
Abs_Int_ITP2012.Abs_Int1_const
Galois_Energy_Games.Natural_Galois_Energy_Game
Greibach_Normal_Form.Greibach_Normal_Form
Containers-Benchmarks.Clauses
Containers-Benchmarks.Benchmark_ICF
Containers-Benchmarks.Benchmark_Set_Default
Containers-Benchmarks.Benchmark_LC
Containers-Benchmarks.Benchmark_Set_LC
Containers-Benchmarks.Benchmark_RBT
Containers-Benchmarks.Benchmark_Bool
Containers-Benchmarks.Benchmark_Default
HOL-CSP_OpSem.Recovered_Laws
HOL-CSP_OpSem.Conclusion
HOL-CSP_OpSem.Comparison_He_Hoare
HOL-CSP_OpSem.Motivations
HOL-CSP_OpSem.Introduction
Tarskis_Geometry.Hyperbolic_Tarski
HOLCF-ex.Dnat
HOLCF-ex.Fix2
HOLCF-ex.Loop
HOLCF-ex.Letrec
HOLCF-ex.Hoare
HOLCF-ex.Concurrency_Monad
HOLCF-ex.Dagstuhl
HOLCF-ex.Domain_Proofs
HOLCF-ex.Pattern_Match
HOLCF-ex.Powerdomain_ex
HOLCF-ex.Focus_ex
Boustrophedon_Transform.Increasing_Binary_Trees
Dependent_SIFUM_Type_Systems.LocallySoundModeUse
Polynomial_Crit_Geometry.Polynomial_Crit_Geometry
Transitive-Closure.Finite_Transitive_Closure_Simprocs
Transitive-Closure.Transitive_Closure_RBT_Impl
MFOTL_Monitor.Slicing
DPRM_Theorem.DPRM
Hilbert_Basis.Formal_Power_Series_Ring
Hilbert_Basis.Hilbert_Basis_Introduction
PAPP_Impossibility.PAPP_Impossibility
IsaGeoCoq.Tarski_Neutral_Continuity_2D
IsaGeoCoq.Hilbert_Neutral_2D_Model_Tarski_Neutral_2D
IsaGeoCoq.Tarski_Neutral_2D_Model_Gupta_Neutral_2D
IsaGeoCoq.Tarski_Euclidean_Model_Gupta_Euclidean
IsaGeoCoq.Hilbert_Euclidean_Model_Tarski_Euclidean
IsaGeoCoq.Gupta_Neutral_Model_Tarski_Neutral
IsaGeoCoq.Hilbert_Neutral_Model_Tarski_Neutral
IsaGeoCoq.Tarski_Neutral_2D_Model_Hilbert_Neutral_2D
IsaGeoCoq.Highschool_Euclidean_2D
IsaGeoCoq.Tarski_Non_Euclidean_Archimedean
IsaGeoCoq.Gupta_Euclidean_Model_Tarski_Euclidean
IsaGeoCoq.Tarski_Euclidean_Model_Hilbert_Euclidean
IsaGeoCoq.Tarski_Euclidean_2D_Continuous
IsaGeoCoq.Tarski_Neutral_Archimedes_Continuity
IsaGeoCoq.Hilbert_Neutral_3D_Model_Tarski_Neutral_3D
IsaGeoCoq.Gupta_Neutral_2D_Model_Tarski_Neutral_2D
Relational_Cardinality.Cardinality
HOL-IMP.Abs_Int1_parity
HOL-IMP.Denotational
HOL-IMP.VCG_Total_EX2
HOL-IMP.Live
HOL-IMP.VCG_Total_EX
HOL-IMP.Collecting1
HOL-IMP.Poly_Types
HOL-IMP.Hoare_Total
HOL-IMP.Compiler2
HOL-IMP.Halting
HOL-IMP.OO
HOL-IMP.C_like
HOL-IMP.Hoare_Sound_Complete
HOL-IMP.Def_Init_Small
HOL-IMP.Abs_Int3
HOL-IMP.VCG
HOL-IMP.Finite_Reachable
HOL-IMP.Fold
HOL-IMP.Sec_Typing
HOL-IMP.Procs_Dyn_Vars_Dyn
HOL-IMP.Def_Init_Big
HOL-IMP.Abs_Int1_const
HOL-IMP.Procs_Stat_Vars_Stat
HOL-IMP.Live_True
HOL-IMP.ASM
HOL-IMP.Procs_Stat_Vars_Dyn
Relational_Divisibility.Mono_Atomic
Relational_Divisibility.Relational_Divisibility
Call_Arity.NoCardinalityAnalysis
Call_Arity.CallArityEnd2EndSafe
Call_Arity.ArityAnalysisCorrDenotational
Call_Arity.TrivialArityAnal
Call_Arity.ArityTransformSafe
Call_Arity.SestoftCorrect
Pre_Star_CFG.Finiteness
Pre_Star_CFG.Pre_Star_CNF
Path_Automation.Path_Automation
Relative_Security.Incomplete_fin
Relative_Security.Incomplete
Youngs_Inequality.Youngs
Hybrid_Multi_Lane_Spatial_Logic.Safety_Perfect
Hybrid_Multi_Lane_Spatial_Logic.Safety_Regular
PAC_Checker.PAC_Checker_MLton
PAC_Checker.PAC_Assoc_Map_Rel
SimplifiedOntologicalArgument.SimpleVariantHF
SimplifiedOntologicalArgument.ScottVariant
SimplifiedOntologicalArgument.SimpleVariantSEinT
SimplifiedOntologicalArgument.SimpleVariant
SimplifiedOntologicalArgument.KanckosLethenNo2Possibilist
SimplifiedOntologicalArgument.UFilterVariant
SimplifiedOntologicalArgument.SimpleVariantPG
SimplifiedOntologicalArgument.SimpleVariantSE
SimplifiedOntologicalArgument.SimplifiedOntologicalArgument
ConcurrentIMP.CIMP_one_place_buffer
ConcurrentIMP.CIMP_locales
ConcurrentIMP.CIMP_unbounded_buffer
Special_Function_Bounds.Log_CF_Bounds
Special_Function_Bounds.Sin_Cos_Bounds
Special_Function_Bounds.Atan_CF_Bounds
Special_Function_Bounds.Exp_Bounds
Special_Function_Bounds.Sqrt_Bounds
Boolos_Curious_Inference_Automated.Boolos_Curious_Inference_Automated
HOL-Types_To_Sets.Finite
HOL-Types_To_Sets.Unoverload_Def
HOL-Types_To_Sets.T2_Spaces
Two_Hermitian_Results.Misc_Matrix_Results
Two_Hermitian_Results.Cauchy_Eigenvalue_Interlacing
Two_Hermitian_Results.Sylvester_Criterion
Substitutions_Lambda_Free.Substitutions_Lambda_Free
KAT_and_DRA.DRAT2
KAT_and_DRA.KAT2
KAT_and_DRA.PHL_DRAT
KAT_and_DRA.FolkTheorem
KAT_and_DRA.DRA_Models
HOL-Proofs-ex.Proof_Terms
HOL-Proofs-ex.Hilbert_Classical
Regular_Tree_Relations.Horn_List
Regular_Tree_Relations.Myhill_Nerode
Koenigsberg_Friendship.FriendshipTheory
Koenigsberg_Friendship.KoenigsbergBridge
HOL-TPTP.TPTP_Proof_Reconstruction
Source_Coding_Theorem.Source_Coding_Theorem
LinearQuantifierElim.FRE
LinearQuantifierElim.QEdlo_ex
LinearQuantifierElim.Cooper
LinearQuantifierElim.QEdlo_inf
LinearQuantifierElim.CertLin
LinearQuantifierElim.CertDlo
LinearQuantifierElim.QEpres
LinearQuantifierElim.QElin_inf
LinearQuantifierElim.QElin_opt
LinearQuantifierElim.QEdlo_fr
Metalogic_ProofChecker.CodeGen
Nested_Multisets_Ordinals.Hydra_Battle
Nested_Multisets_Ordinals.Goodstein_Sequence
Nested_Multisets_Ordinals.McCarthy_91
Nested_Multisets_Ordinals.Syntactic_Ordinal_Bridge
Nested_Multisets_Ordinals.Unary_PCF
AutoCorres2.CTranslationInfrastructure
AutoCorres2.Eisbach_Methods
AutoCorres2.AutoCorres_Documentation
AutoCorres2.Chapter2_HoareHeap
AutoCorres2.Apply_Trace_Cmd
AutoCorres2.Chapter3_HoareHeap
AutoCorres2.Chapter1_MinMax
CRDT.ORSet
CRDT.RGA
CRDT.Counter
Efficient-Mergesort.Mergesort_Complexity
Efficient-Mergesort.Natural_Mergesort
Dedekind_Real.Dedekind_Real
Modal_Logics_for_NTS.L_Transform
Modal_Logics_for_NTS.S_Transform
Modal_Logics_for_NTS.FL_Bisimilarity_Implies_Equivalence
Modal_Logics_for_NTS.Expressive_Completeness
Transport.HOL_Syntax_Bundles
Transport.HOL_Basics
Transport.HOL_Algebra_Alignments
Transport.HOL_Alignments
Transport.Transport_Via_Partial_Galois_Connections_Equivalences_Paper
Transport.Transport_Typedef
Universal_Turing_Machine.HaltingProblems_K_aux
Universal_Turing_Machine.TuringUnComputable_H2
Universal_Turing_Machine.Abacus_alt_Compile
Universal_Turing_Machine.Recs_alt_Ex
Universal_Turing_Machine.Numerals_Ex
Universal_Turing_Machine.UTM
Universal_Turing_Machine.GeneratedCode
Universal_Turing_Machine.TuringComputable
Universal_Turing_Machine.TuringUnComputable_H2_original
Universal_Turing_Machine.Rec_Ex
Universal_Turing_Machine.Turing_aux
Negative_Association.Negative_Association_Bloom_Filters
Negative_Association.Negative_Association_Chernoff_Bounds
Farey_Sequences.Farey_Ford
Khovanskii_Theorem.Khovanskii
Stable_Matching.Sotomayor
Stable_Matching.Strategic
Stable_Matching.Bossiness
Munta_Certificate_Checker.Normalized_Zone_Semantics_Certification_Impl2
Munta_Certificate_Checker.TA_Simulation
Munta_Certificate_Checker.Lasso_Freeness_Certificates_Complete
POPLmark-deBruijn.POPLmark
POPLmark-deBruijn.Execute
POPLmark-deBruijn.POPLmarkRecordCtxt
RefinementReactive.Reactive
LP_Duality.LP_Duality
Heard_Of.OneThirdRuleProof
Heard_Of.EigbyzProof
Heard_Of.LastVotingProof
Heard_Of.AteProof
Heard_Of.UteProof
Heard_Of.UvProof
Approximation_Algorithms.Center_Selection
Approximation_Algorithms.Approx_MIS_Hoare
Approximation_Algorithms.Approx_LB_Hoare
Approximation_Algorithms.Approx_BP_Hoare
Approximation_Algorithms.Approx_SC_Hoare
Approximation_Algorithms.Approx_VC_Hoare
Frequency_Moments.Frequency_Moment_2
Frequency_Moments.Frequency_Moment_0
Frequency_Moments.Frequency_Moment_k
Frequency_Moments.Tutorial_Pseudorandom_Objects
Deep_Learning.DL_Fundamental_Theorem_Network_Capacity
GyrovectorSpaces.MobiusGyroTarski
GyrovectorSpaces.MobiusCollinear
GyrovectorSpaces.hDistance
GyrovectorSpaces.Abe
GyrovectorSpaces.Einstein
GyrovectorSpaces.MobiusGyrotrigonometry
GyrovectorSpaces.GyroVectorSpaceTrivial
GyrovectorSpaces.Poincare
Markov_Models.PCTL
Markov_Models.MDP_RP_Certification
Markov_Models.PGCL
Markov_Models.MDP_RP
Markov_Models.Crowds_Protocol
Markov_Models.Zeroconf_Analysis
Markov_Models.Gossip_Broadcast
LocalLexing.MainTheorems
MDP-Algorithms.MPI_Code_Export_Rat
MDP-Algorithms.PI_Code_Export_Float
MDP-Algorithms.Fin_Code_Export_Float
MDP-Algorithms.MPI_Code_Export_Float
MDP-Algorithms.VI_Code_Export_Rat
MDP-Algorithms.VI_Code_Export_Float
MDP-Algorithms.GS_Code_Export_Rat
MDP-Algorithms.PI_Code_Export_Rat
MDP-Algorithms.GS_Code_Export_Float
MDP-Algorithms.Fin_Code_Export_Rat
Imperative_Insertion_Sort.Imperative_Insertion_Sort
Isabelle_Marries_Dirac.No_Cloning
Isabelle_Marries_Dirac.Quantum_Teleportation
Isabelle_Marries_Dirac.Entanglement
Isabelle_Marries_Dirac.Quantum_Prisoners_Dilemma
Isabelle_Marries_Dirac.Deutsch_Jozsa
Hypergraph_Basics.Hypergraph_Basics_Root
Physical_Quantities.SI_Pretty
Physical_Quantities.SI_Astronomical
Physical_Quantities.BIS
AxiomaticCategoryTheory.AxiomaticCategoryTheory
CoSMeDis.Outer_Friend_All
CoSMeDis.Friend_All
CoSMeDis.Friend_Request_All
CoSMeDis.Post_All
LTL_Normal_Form.Normal_Form_Complexity
LTL_Normal_Form.Normal_Form_Code_Export
SequentInvertibility.SequentInvertibility
Certification_Monads.Misc
Conditional_Transfer_Rule.CTR_Introduction
Conditional_Transfer_Rule.CTR_Reference
Differential_Game_Logic.Differential_Game_Logic
Simplicial_complexes_and_boolean_functions.BDD
Simplicial_complexes_and_boolean_functions.Binary_operations
RG_Locks.Lock_Circular_Buffer
RG_Locks.Lock_Ticket
Projective_Geometry.Higher_Projective_Space_Axioms
Projective_Geometry.Desargues_2D
Projective_Geometry.Projective_Space_Axioms
Projective_Geometry.Desargues_3D
Projective_Geometry.Pappus_Desargues
Gauss_Sums.Polya_Vinogradov
SumSquares.FourSquares
SumSquares.TwoSquares
HOL-Bali.AxCompl
HOL-Bali.Trans
HOL-Bali.AxSound
HOL-Auth.README_Guard
HOL-Auth.Auth_Shared
HOL-Auth.Auth_Guard_Public
HOL-Auth.Auth_Smartcard
HOL-Auth.README
HOL-Auth.Auth_Public
HOL-Auth.Auth_Guard_Shared
Z_Toolkit.Z_Toolkit
Z_Toolkit.Z_Toolkit_Overview
Stone_Relation_Algebras.Linear_Order_Matrices
HotelKeyCards.Equivalence
HotelKeyCards.NewCard
Cartan_FP.Cartan
VYDRA_MDL.Metric_Point_Structure
VYDRA_MDL.Timestamp_Lex
VYDRA_MDL.Timestamp_Prod
VYDRA_MDL.Monitor_Code
Modular_Assembly_Kit_Security.PropertyLibrary
Modular_Assembly_Kit_Security.SecureSystems
Modular_Assembly_Kit_Security.CompositionalityResults
Modular_Assembly_Kit_Security.FlowPolicies
Modular_Assembly_Kit_Security.UnwindingResults
Lowe_Ontological_Argument.LoweOntologicalArgument_6
Lowe_Ontological_Argument.LoweOntologicalArgument_1
Lowe_Ontological_Argument.LoweOntologicalArgument_2
Lowe_Ontological_Argument.LoweOntologicalArgument_3
Lowe_Ontological_Argument.LoweOntologicalArgument_4
Lowe_Ontological_Argument.LoweOntologicalArgument_7
Lowe_Ontological_Argument.LoweOntologicalArgument_5
BTree.BPlusTree_ImpSplitCE
BTree.BTree_Height
BTree.BPlusTree_Iter_OneWay
BTree.BTree_ImpSplit
Zip_Benchmarks.Finite_Set
Zip_Benchmarks.Tree234_Set
Zip_Benchmarks.Deriv
Zip_Benchmarks.GCD
Zip_Benchmarks.Limits
Zip_Benchmarks.Word
Zip_Benchmarks.List
Zip_Benchmarks.Filter
Zip_Benchmarks.Set
Zip_Benchmarks.Binomial
Chord_Segments.Chord_Segments
Myhill-Nerode.Non_Regular_Languages
Myhill-Nerode.Closures2
HOL-Data_Structures.Binomial_Heap
HOL-Data_Structures.Leftist_Heap_List
HOL-Data_Structures.Tree234_Map
HOL-Data_Structures.RBT_Set2
HOL-Data_Structures.AVL_Bal2_Set
HOL-Data_Structures.Tries_Binary
HOL-Data_Structures.Interval_Tree
HOL-Data_Structures.Height_Balanced_Tree
HOL-Data_Structures.Queue_2Lists
HOL-Data_Structures.Selection
HOL-Data_Structures.Tree_Rotations
HOL-Data_Structures.Trie_Ternary
HOL-Data_Structures.Set2_Join_RBT
HOL-Data_Structures.Brother12_Map
HOL-Data_Structures.AVL_Bal_Set
HOL-Data_Structures.Tree23_of_List
HOL-Data_Structures.Tree23_Map
HOL-Data_Structures.AVL_Map
HOL-Data_Structures.AA_Map
Splay_Tree.Splay_Map
BytecodeLogicJmlTypes.Sound
BytecodeLogicJmlTypes.Cachera
Chandy_Lamport.Co_Snapshot
Optimal_BST.Optimal_BST_Memo
Optimal_BST.Optimal_BST_Code
Berlekamp_Zassenhaus.Hensel_Lifting_Type_Based
Berlekamp_Zassenhaus.Factorization_External_Interface
StrictOmegaCategories.Pasting_Diagram
Functional-Automata.Functional_Automata
SIFPL.ContextVS
SIFPL.HuntSands
SIFPL.ContextOBJ
Euler_Partition.Euler_Partition
WorkerWrapper.Backtracking
WorkerWrapper.Nub
WorkerWrapper.Last
WorkerWrapper.Streams
WorkerWrapper.UnboxedNats
WorkerWrapper.Accumulator
WorkerWrapper.Continuations
Graph_Algorithms.DFS
Graph_Algorithms.BFS_2
Parikh.Pilling
ClockSynchInst.LynchInstance
ClockSynchInst.ICAInstance
Isabelle-Solidity.Casino
Isabelle-Solidity.SimpleAuction
Isabelle-Solidity.Bank
Isabelle-Solidity.Token
Isabelle-Solidity.Voting
Noninterference_Concurrent_Composition.ConcurrentComposition
GPU_Kernel_PL.Kernel_programming_language
HOL-Imperative_HOL.Imperative_HOL_ex
HOL-Imperative_HOL.Congproc_Ex
Psi_Calculi.Tau_Laws_Weak
Psi_Calculi.Tau_Laws_No_Weak
Psi_Calculi.Weak_Bisim_Subst
Refine_Imperative_HOL.Sepref_Guide_Reference
Refine_Imperative_HOL.Sepref_Chapter_Userguides
Refine_Imperative_HOL.Sepref_Chapter_IICF
Refine_Imperative_HOL.Sepref_Guide_General_Util
Refine_Imperative_HOL.Sepref_Chapter_Tool
Refine_Imperative_HOL.Sepref_Chapter_Setup
Refine_Imperative_HOL.Sepref_Guide_Quickstart
Refine_Imperative_HOL.Dijkstra_Benchmark
Refine_Imperative_HOL.NDFS_Benchmark
Refine_Imperative_HOL.Heapmap_Bench
Refine_Imperative_HOL.Sepref_Chapter_Benchmarks
DFS_Framework.DFS_Chapter_Framework
DFS_Framework.On_Stack
HOL-Hoare.Separation
HOL-Hoare.README
HOL-Hoare.SchorrWaite
HOL-Hoare.Pointers0
Prop_Compactness.Hall_Theorem_Graphs
Prop_Compactness.k_coloring
Prop_Compactness.KoenigLemma
Isabelle_hoops.BL_Chains
Stone_Kleene_Relation_Algebras.Kleene_Relation_Subalgebras
Turans_Graph_Theorem.Turan
ML_Bootstrap
WebAssembly.Wasm_Printing
WebAssembly.Wasm_Soundness
WebAssembly.Wasm_Checker_Properties
WebAssembly.Wasm_Interpreter_Printing_Pure
Verified_SAT_Based_AI_Planning.Solve_SASP
Taylor_Models.Experiments
Taylor_Models.Float_Topology
Closest_Pair_Points.Closest_Pair
Closest_Pair_Points.Closest_Pair_Alternative
Irrational_Series_Erdos_Straus.Irrational_Series_Erdos_Straus
Isabelle_C.C_Appendices
Isabelle_C.README
Iptables_Semantics.Code_haskell
Iptables_Semantics.Negation_Type_DNF
Iptables_Semantics.Documentation
Iptables_Semantics.Iptables_Semantics
Iptables_Semantics.Semantics_Stateful
Iptables_Semantics.Alternative_Semantics
OpSets.RGA
OpSets.List_Spec
OpSets.Interleaving
Forcing.Rasiowa_Sikorski
Forcing.Forcing_Main
Network_Security_Policy_Verification.SINVAR_BLPstrict
Network_Security_Policy_Verification.attic
Network_Security_Policy_Verification.MeasrDroid
Network_Security_Policy_Verification.IDEM
Network_Security_Policy_Verification.I8_SSH_Landscape
Network_Security_Policy_Verification.Impl_List_Playground_statefulpolicycompliance
Network_Security_Policy_Verification.TopoS_generateCode
Network_Security_Policy_Verification.Network_Security_Policy_Verification
Network_Security_Policy_Verification.CryptoDB
Network_Security_Policy_Verification.Analysis_Tainting
Network_Security_Policy_Verification.Distributed_WebApp
Network_Security_Policy_Verification.SINVAR_Subnets2
Network_Security_Policy_Verification.ML_GraphViz_Disable
Network_Security_Policy_Verification.Impl_List_Playground
Network_Security_Policy_Verification.Imaginary_Factory_Network
Derangements.Derangements
S_Finite_Measure_Monad.Query
S_Finite_Measure_Monad.Montecarlo
Implicational_Logic.Implicational_Logic
Implicational_Logic.Implicational_Logic_Natural_Deduction
Implicational_Logic.Implicational_Logic_Sequent_Calculus
Implicational_Logic.Implicational_Logic_New
Implicational_Logic.Implicational_Logic_Appendix
Diophantine_Universal_Pairs.Eleven_Unknowns_Z
Diophantine_Universal_Pairs.Universal_Pairs
Difference_Bound_Matrices.DBM_Constraint_Systems
FOL_Seq_Calc1.Sequent2
ResiduatedTransitionSystem2.CategoryOfTransitions
ResiduatedTransitionSystem2.RTSEnrichedCategory
ResiduatedTransitionSystem2.RTSCat_Interp
Stone_Cech.Stone_Cech
Regular-Sets.pEquivalence_Checking
Regular-Sets.Equivalence_Checking2
Regular-Sets.Regexp_Constructions
AWN.Toy
AWN.AWN_Term_Graph
CSP_RefTK.Conclusion
CSP_RefTK.Introduction
CSP_RefTK.CopyBuffer_props
HOLCF-Tutorial.New_Domain
HOLCF-Tutorial.Domain_ex
HOLCF-Tutorial.Fixrec_ex
Kleene_Algebra.Omega_Algebra_Models
Kleene_Algebra.Matrix
Kleene_Algebra.Formal_Power_Series
Pushdown_Automata.Final_To_Stack_PDA
Pushdown_Automata.PDA_To_CFG
Pushdown_Automata.CFG_To_PDA
Pushdown_Automata.Stack_To_Final_PDA
LLL_Factorization.Modern_Computer_Algebra_Problem
Cubic_Quartic_Equations.Quartic_Polynomials
Zeta_Function.Hadjicostas_Chapman
Progress_Tracking.Combined
Progress_Tracking.Exchange_Abadi
Recursion-Addition.recursion
Sigmoid_Universal_Approximation.Sigmoid_Universal_Approximation
SenSocialChoice.May
SenSocialChoice.Sen
SenSocialChoice.Arrow
AODV.All
Topological_Semantics.logics_negation
Topological_Semantics.logics_LFI
Topological_Semantics.logics_LFU
Topological_Semantics.logics_operators
UpDown_Scheme.Imperative
UpDown_Scheme.Up_Down
Roy_Floyd_Warshall.Roy_Floyd_Warshall
Alpha_Beta_Pruning.TicTacToe
Alpha_Beta_Pruning.Alpha_Beta_Overview
Regular_Algebras.Regular_Algebra_Variants
Regular_Algebras.Regular_Algebra_Models
CRYSTALS-Kyber.Crypto_Scheme_NTT
CRYSTALS-Kyber.Kyber_NTT_Values
Relation_Algebra.Relation_Algebra_Direct_Products
Relation_Algebra.Relation_Algebra_Models
HOL-TPTP.MaSh_Eval
HOL-TPTP.ATP_Problem_Import
HOL-TPTP.THF_Arith
HOL-TPTP.ATP_Theory_Export
First_Welfare_Theorem.Exchange_Economy
First_Welfare_Theorem.Arrow_Debreu_Model
First_Welfare_Theorem.Private_Ownership_Economy
TortoiseHare.Brent
TortoiseHare.TortoiseHare
Polygonal_Number_Theorem.Polygonal_Number_Theorem_Cauchy
Polygonal_Number_Theorem.Polygonal_Number_Theorem_Legendre
Dijkstra_Shortest_Path.Introduction
Dijkstra_Shortest_Path.Dijkstra_Impl
Echelon_Form.Cayley_Hamilton_Compatible
Echelon_Form.Code_Cayley_Hamilton
Echelon_Form.Echelon_Form
Echelon_Form.Echelon_Form_IArrays
Echelon_Form.Echelon_Form_Det
Echelon_Form.Echelon_Form_Det_IArrays
Echelon_Form.Code_Cayley_Hamilton_IArrays
Echelon_Form.Echelon_Form_Inverse
Echelon_Form.Echelon_Form_Inverse_IArrays
Combinable_Wands.CombinableWands
CakeML.TypeSystemAuxiliary
CakeML.Tokens
CakeML.LibAuxiliary
CakeML.CakeML_Quickcheck
CakeML.SimpleIO
CakeML.BigSmallInvariants
CakeML.NamespaceAuxiliary
CakeML.Doc_Proofs
CakeML.Doc_Generated
CryptHOL.Resumption
CryptHOL.List_Bits
CryptHOL.Generat
CryptHOL.Generative_Probabilistic_Value
CryptHOL.Computational_Model
CryptHOL.GPV_Expectation
CryptHOL.GPV_Bisim
CryptHOL.GPV_Applicative
CryptHOL.CryptHOL
Two_Generated_Word_Monoids_Intersection.Two_Generated_Word_Monoids_Intersection
Native_Word.Native_Word_Imperative_HOL
Native_Word.Uint_Userguide
Secret_Directed_Unwinding.SD_Incomplete_fin
Secret_Directed_Unwinding.SD_Incomplete
Karatsuba.Karatsuba_Code_Nat
Probabilistic_Noninterference.Trace_Based
Probabilistic_Noninterference.Concrete
HOLCF.HOLCF
HOLCF.README
Sturm_Sequences.Sturm_Library_Document
Sturm_Sequences.Sturm_Ex
Goedel_HFSet_Semanticless.Instance
Rewriting_Z.Lambda_Z
Rewriting_Z.CL_Z
Linear_Programming.Linear_Programming
Relational_Forests.Algorithms
Pure.Sessions
Sophie_Germain.SG_Introduction
Sophie_Germain.SG_Generalization
Collections.Robdd
Collections.ICF_Gen_Algo_Chapter
Collections.GenCF_Gen_Chapter
Collections.Userguides_Chapter
Collections.Locale_Code_Ex
Collections.ICF_Chapter
Collections.Refine_Monadic_Userguide
Collections.ICF_Entrypoints_Chapter
Collections.GenCF_Intf_Chapter
Collections.ICF_Spec_Chapter
Collections.ICF_Impl_Chapter
Collections.SetAbstractionIterator
Collections.ICF_Userguide
Collections.GenCF_Impl_Chapter
Collections.Collections_Entrypoints_Chapter
Collections.GenCF_Chapter
Combinatorial_Enumeration_Algorithms.Combinatorial_Enumeration_Algorithms
Rep_Fin_Groups.Rep_Fin_Groups
Selection_Heap_Sort.HeapFunctional
Selection_Heap_Sort.SelectionSort_Functional
Selection_Heap_Sort.HeapImperative
Furstenberg_Topology.Furstenberg_Topology
FOL_Compactness.Canonical_Models
VerifyThis2018.Challenge1
VerifyThis2018.Snippets
VerifyThis2018.Challenge2
VerifyThis2018.Challenge3
VerifyThis2018.Challenge1_short
Complex_Geometry.Chordal_Metric
ML_Unification.Unification_Tactics
ML_Unification.Unification_Attributes
ML_Unification.ML_Utils
Decreasing-Diagrams-II.Decreasing_Diagrams_II
Iteration_Algebra.Iteration
Latin_Square.Latin_Square
FO_Theory_Rewriting.FOR_Check_Impl
Ergodic_Theory.Kohlberg_Neyman_Karlsson
Ergodic_Theory.Normalizing_Sequences
Ergodic_Theory.Gouezel_Karlsson
CoSMed.Friend_Request
CoSMed.Friend
CoSMed.Friend_Traceback
CoSMed.Post_Visibility_Traceback
CoSMed.Post
Munta_Base.Normalized_Zone_Semantics_Impl_Extra
Munta_Base.Tracing
Prim_Dijkstra_Simple.Chapter_Dijkstra
Prim_Dijkstra_Simple.Chapter_Prim
Prim_Dijkstra_Simple.Prim_Impl
Prim_Dijkstra_Simple.Dijkstra_Impl
HOL-Statespace.StateSpaceEx
Kruskal.UGraph_Impl
Kruskal.Graph_Definition_Impl
Mission_Time_LTL_Formula_Progression.MLTL_Formula_Progression
Security_Protocol_Refinement.m3_sig
Security_Protocol_Refinement.m3_kerberos5
Security_Protocol_Refinement.m3_ds_par
Security_Protocol_Refinement.m3_kerberos4
Security_Protocol_Refinement.m3_ds
Security_Protocol_Refinement.m3_enc
Security_Protocol_Refinement.m3_nssk
Security_Protocol_Refinement.m3_kerberos_par
Security_Protocol_Refinement.m3_nssk_par
Involutions2Squares.Involutions2Squares
Transition_Systems_and_Automata.DFA
Transition_Systems_and_Automata.NBTA_Combine
Transition_Systems_and_Automata.NFA
Transition_Systems_and_Automata.DBTA_Combine
IEEE_Floating_Point.IEEE_Single_NaN_SMTLIB
IEEE_Floating_Point.Double
ShortestPath.ShortestPathNeg
CondNormReasHOL.mere_addition_lewis
CondNormReasHOL.mere_addition_max
CondNormReasHOL.mere_addition_opt
HOL-CSP.Conclusion
HOL-CSP.MergeAnomaly
HOL-CSP.Introduction
Simple_Firewall.Shadowed
Skip_Lists.Skip_List
Verified-Prover.Prover
KnuthMorrisPratt.KnuthMorrisPratt
Probabilistic_Prime_Tests.Miller_Rabin_Test
Probabilistic_Prime_Tests.Fermat_Test
Probabilistic_Prime_Tests.Solovay_Strassen_Test
ConcurrentGC.Proofs
ConcurrentGC.Concrete
Separation_Algebra.Separation_D
Separation_Algebra.Sep_Eq
Euler_Polyhedron_Formula.Euler_Formula
CakeML_Codegen.Doc_CupCake
CakeML_Codegen.Doc_Terms
CakeML_Codegen.Doc_Rewriting
CakeML_Codegen.Doc_Preproc
CakeML_Codegen.Doc_Compiler
CakeML_Codegen.Doc_Backend
Quaternions.Quaternions
Zippy.Zippy_Paper
Zippy.ML_ITypeclasses
Zippy.ML_Typeclasses
SWF_Impossibility.Majcons_Stratproof_Impossibility
SWF_Impossibility.Anon_Unan_Stratproof_Impossibility
Abstract-Hoare-Logics.HoareTotal
Abstract-Hoare-Logics.PHoareTotal
Abstract-Hoare-Logics.PsHoareTotal
Sets_Revisited.SetsCat_Interps
HOLCF-IMP.HoareEx
Abstract_Soundness.Infinite_Proof_Soundness
Transcendence_Series_Hancl_Rucki.Transcendence_Series
Amortized_Complexity.Pairing_Heap_List1_Analysis2
Amortized_Complexity.Splay_Heap_Analysis
Amortized_Complexity.Pairing_Heap_Tree_Analysis2
Amortized_Complexity.Splay_Tree_Analysis
Amortized_Complexity.Pairing_Heap_List1_Analysis1
Amortized_Complexity.Skew_Heap_Analysis
Amortized_Complexity.Splay_Tree_Analysis_Optimal
Amortized_Complexity.Pairing_Heap_List2_Analysis
Relational_Paths.Path_Algorithms
Posix-Lexing.Simplifying
Posix-Lexing.Positions3
Posix-Lexing.Simplifying3
Posix-Lexing.Positions
Shivers-CFA.ExCFSV
Shivers-CFA.AbsCFComp
Shivers-CFA.AbsCFCorrect
Shivers-CFA.Eval
Restriction_Spaces-Ultrametric
Typed_Ordered_Resolution.Ground_Ordered_Resolution_Soundness
Typed_Ordered_Resolution.Untyped_Ordered_Resolution_Soundness
Typed_Ordered_Resolution.Untyped_Ordered_Resolution_Completeness
Typed_Ordered_Resolution.Ordered_Resolution_Welltypedness_Preservation
Belief_Revision.AGM_Revision
Transitive_Union_Closed_Families.Transitive_Union_Closed_Families
Serializable.Serializable
MonoidalCategory.FreeMonoidalCategory
Gale_Shapley.Gale_Shapley2
Unconstrained_Optimization.Unconstrained_Optimization
CZH_Elementary_Categories.CZH_ECAT_Conclusions
Coproduct_Measure.Coproduct_Measure_Additional
Pi_Calculus.Strong_Late_Axiomatisation
Pi_Calculus.Weak_Late_Cong_Subst_SC
Pi_Calculus.Weak_Late_Cong_Pres
Pi_Calculus.Strong_Early_Bisim_Subst_Pres
Pi_Calculus.Weak_Early_Cong_Subst_Pres
Rewrite_Properties_Reduction.Ground_Reduction_on_LV
Rewrite_Properties_Reduction.Ground_Reduction_on_LLRG
Rewrite_Properties_Reduction.Ground_Reduction_on_GTRS
FocusStreamsCaseStudies.JoinSplitTime
FocusStreamsCaseStudies.SteamBoiler_proof
FocusStreamsCaseStudies.Gateway_proof
FocusStreamsCaseStudies.FR_proof
Types_Tableaus_and_Goedels_God.FittingProof
Types_Tableaus_and_Goedels_God.GoedelProof_P2
Types_Tableaus_and_Goedels_God.AndersonProof
Types_Tableaus_and_Goedels_God.GoedelProof_P1
Residuated_Lattices.Action_Algebra_Models
Residuated_Lattices.Residuated_Relation_Algebra
Residuated_Lattices.Involutive_Residuated
IO_Language_Conformance.Input_Output_Language_Conformance
SATSolverVerification.BasicDPLL
SATSolverVerification.FunctionalImplementation
SATSolverVerification.NieuwenhuisOliverasTinelli
SATSolverVerification.KrsticGoel
MiniSail.MiniSail
FOL_Axiomatic.FOL_Axiomatic
FOL_Axiomatic.FOL_Axiomatic_Variant
Context_Free_Grammar.AnBn_Not_Regular
Context_Free_Grammar.CFL_Not_Intersection_Closed
Context_Free_Grammar.Right_Linear_Automata
Isabelle_DOF.ontologies
Isabelle_DOF.Isabelle_DOF_Manual
Decl_Sem_Fun_PL.SystemF
Decl_Sem_Fun_PL.EquivDenotInterTypes
Decl_Sem_Fun_PL.Optimizer
Decl_Sem_Fun_PL.EquivRelationalDenotFSet
Decl_Sem_Fun_PL.MutableRefProps
Decl_Sem_Fun_PL.DeclSemAsNDInterpFSet
CISC-Kernel.Link_separation_kernel_model_to_CISK
Morley_Theorem.Morley
Auto2_HOL.Primes_Ex
Auto2_HOL.Pelletier
Parity_Game.Graph_TheoryCompatibility
Parity_Game.AttractorInductive
Parity_Game.PositionalDeterminacy
Interpreter_Optimizations.Inca_to_Ubx_compiler
Interpreter_Optimizations.Std_to_Inca_compiler
Interpreter_Optimizations.Env_list
Linear_Recurrences.Rational_FPS_Asymptotics
Concurrent_Revisions.Determinacy
BinarySearchTree.BinaryTree_TacticStyle
BinarySearchTree.BinaryTree_Map
Perfect_Fields.Perfect_Field_Altdef
HOL-CSP_Proc-Omata.Conclusion
HOL-CSP_Proc-Omata.Introduction
Nominal_Myhill_Nerode.Nominal_Myhill_Nerode
Integration.Integral
Integration.Failure
Three_Circles.Three_Circles
Inductive_Inference.LIM_BC
Inductive_Inference.Union
DOM_Components.Shadow_DOM_Components
Expander_Graphs.Expander_Graphs_Cheeger_Inequality
Chebyshev_Prime_Bounds.Chebyshev_Prime_Exhaust
Chebyshev_Prime_Bounds.Chebyshev_Prime_Bounds
Edwards_Elliptic_Curves_Group.Edwards_Elliptic_Curves_Group
HOL-ZF.Games
AOT.AOT_misc
Safe_Distance.Evaluation
Safe_Distance.Safe_Distance_Reaction
Kneser_Cauchy_Davenport.Kneser_Cauchy_Davenport_main_proofs
Pi_Irrational.Pi_Irrational
Cube_Dissection.Cube_Dissection
Category_Set.ETCS
Doob_Convergence.Doob_Convergence
Naproche.Build
DiskPaxos.DiskPaxos
PLM.Thesis
Hello_World.HelloWorld_Proof
Hello_World.RunningCodeFromIsabelle
Cardinality_Continuum.Cardinality_Euclidean_Space
Ptolemys_Theorem.Ptolemys_Theorem
BirdKMP.KMP
LTL_Master_Theorem.Code_Export
LTL_Master_Theorem.Asymmetric_Master_Theorem
Tail_Recursive_Functions.Method
Tail_Recursive_Functions.CaseStudy1
Tail_Recursive_Functions.CaseStudy2
Kummer_Congruence.Irregular_Primes_Infinite
No_Free_Lunch_ML.No_Free_Lunch_ML
Minimal_SSA.Irreducible
CommCSL.NonInterference
Weighted_Path_Order.KBO_as_WPO
Weighted_Path_Order.Executable_Orders
Order_Lattice_Props.Order_Lattice_Props_Wenzel
Order_Lattice_Props.Representations
Order_Lattice_Props.Order_Lattice_Props_Loc
Card_Equiv_Relations.Card_Partial_Equiv_Relations
Mereology.GEM
BurrowsWheeler.SA_Count
BurrowsWheeler.IBWT
BurrowsWheeler.Rotated_Substring
PSemigroupsConvolution.Partial_Semigroup_Models
PSemigroupsConvolution.Partial_Semigroup_Lifting
PSemigroupsConvolution.Unary_Modalities
Password_Authentication_Protocol.Protocol
Stratified_Datalog.Live_Variables
Stratified_Datalog.Very_Busy_Expressions
Stratified_Datalog.Reachable_Nodes
Solidity.Constant_Folding
Solidity.Compile_Evaluator
Solidity.Reentrancy
Schwartz_Zippel.Rand_Perfect_Matching
Uncertainty_Principle.Uncertainty_Principle
CVM_Distinct_Elements.CVM_Abstract_Algorithm
CVM_Distinct_Elements.CVM_New_Unbiased_Algorithm
CVM_Distinct_Elements.CVM_Original_Algorithm
Smooth_Manifolds.Projective_Space
Smooth_Manifolds.Sphere
Mission_Time_LTL_Language_Partition.MLTL_Language_Partition_Codegen
Mission_Time_LTL_Language_Partition.MLTL_Language_Partition_Proof
HOL-Nonstandard_Analysis.Nonstandard_Analysis
Pop_Refinement.Related_Work
Pop_Refinement.Definition
Pop_Refinement.General_Remarks
Pop_Refinement.Future_Work
Crypto_Standards.Crypto_Standards
IMO2019.IMO2019_Q1
IMO2019.IMO2019_Q4
IMO2019.IMO2019_Q5
Flyspeck-Tame-Computation.Completeness
Impossible_Geometry.Impossible_Geometry
Algebraic_VCs.KAD_is_KAT
Algebraic_VCs.Domain_Quantale
Algebraic_VCs.VC_KAD_scratch
Algebraic_VCs.VC_KAT_scratch
Priority_Queue_Braun.Priority_Queue_Braun2
Priority_Queue_Braun.Sorting_Braun
List-Infinite.ListInfinite
Clean.Clean_Main
Valuation.Valuation3
Arith_Prog_Rel_Primes.Arith_Prog_Rel_Primes
Buffons_Needle.Buffons_Needle
Efficient_Weighted_Path_Order.RPO_Mem_Impl
GaleStewart_Games.GaleStewartDeterminedGames
Sumcheck_Protocol.Concrete_Multivariate_Polynomials
Isabelle_Meta_Model.Rail
Ramsey-Infinite.Ramsey
HOL-CSP_PTick.CSP_PTick_Introduction
HOL-CSP_PTick.CSP_PTick_Conclusion
First_Order_Terms.Unification_More
First_Order_Terms.Unification_String
Concurrent_Ref_Alg.Rely_Quotient
Q0_Soundness.ZFC_in_HOL_Set_Theory
Q0_Soundness.HOLZF_Set_Theory
Q0_Soundness.Q0
Generic_Deriving.Derive_Show
Generic_Deriving.Derive_Eq_Laws
Generic_Deriving.Derive_Eq
Generic_Deriving.Derive_Algebra_Laws
Generic_Deriving.Derive_Encode
Generic_Deriving.Derive_Algebra
Simpl.Simpl
Given_Clause_Loops.Given_Clause_Loops
Polynomials.NZM
CAVA_LTL_Modelchecker.Mulog
CAVA_LTL_Modelchecker.All_Of_CAVA_LTL_Modelchecker
Possibilistic_Noninterference.Concrete
FOL_Seq_Calc2.Export
FOL_Seq_Calc2.Results
Tycon.Monad_Transformer
Types_To_Sets_Extension.FNDS_Conclusions
Types_To_Sets_Extension.ETTS_CR
Types_To_Sets_Extension.VS_Conclusions
Types_To_Sets_Extension.SML_Conclusions
Stellar_Quorums.Stellar_Quorums
Q0_Metatheory.Consistency
Algebraic_Numbers.Algebraic_Numbers_External_Code
Algebraic_Numbers.Show_Real_Approx
Broadcast_Psi.Broadcast_Thms
InfPathElimination.RB
Hermite_Lindemann.Hermite_Lindemann
FunWithFunctions.FunWithFunctions
Superposition_Calculus.Untyped_Superposition_Soundness
Superposition_Calculus.Ground_Superposition_Soundness
Superposition_Calculus.Untyped_Superposition_Completeness
RSAPSS.RSAPSS
Robbins-Conjecture.Robbins_Conjecture
HyperCTL.HyperCTL
QR_Decomposition.Generalizations2
QR_Decomposition.Least_Squares_Approximation
IMP_Noninterference_Extension.Correctness_Theorem
Incredible_Proof_Machine.Incredible_Everything
Incredible_Proof_Machine.Incredible_Propositional_Tasks
Incredible_Proof_Machine.Incredible_Predicate_Tasks
No_FTL_observers_Gen_Rel.NoFTLGR
Constructive_Cryptography.Resource
Constructive_Cryptography.Converter
Paraconsistency.Paraconsistency_Validity_Infinite
KD_Tree.Range_Search
KD_Tree.Nearest_Neighbors
KD_Tree.Build
Design_Theory.Design_Theory_Root
FOL_Harrison.FOL_Harrison
Surprise_Paradox.Surprise_Paradox
MiniML.W
Neural_Networks.NN_Manual
PNT_with_Remainder.PNT_Notation
PNT_with_Remainder.PNT_Remainder_Library
PNT_with_Remainder.PNT_Complex_Analysis_Lemmas
PNT_with_Remainder.PNT_Subsummable
PNT_with_Remainder.Relation_of_PNTs
PNT_with_Remainder.Zeta_Zerofree
PNT_with_Remainder.Perron_Formula
PNT_with_Remainder.PNT_with_Remainder
Eval_FO.Ailamazyan_Code
BNF_CC.DDS
Jinja.Jinja
HOL-Probability-ex.Dining_Cryptographers
HOL-Probability-ex.Koepf_Duermuth_Countermeasure
HOL-Probability-ex.Measure_Not_CCC
Smith_Normal_Form.Mod_Type_Connect
HOL-CSPM.POTS
HOL-CSPM.Introduction
HOL-CSPM.Conclusion
Category2.MonadicEquationalTheory
Category2.Yoneda
Binary_Code_Imprimitive.Binary_Imprimitive_Decision
CZH_Foundations.CZH_Sets_Conclusions
CZH_Foundations.CZH_SMC_Conclusions
CZH_Foundations.CZH_DG_Conclusions
ROBDD.BDD_Code
Munta_Model_Checker.Munta_Compile_MLton
Bisimulation_Logic.Bisimulation_Logic
Zeta_3_Irrational.Zeta_3_Irrational
Mission_Time_LTL_to_Regular_Expression.Regex_Equivalence
Gray_Codes.Non_Boolean_Gray
pGCL.Monty
pGCL.Primitives
Sturm_Tarski.Tarski_Query_Impl
CVP_Hardness.CVP_vec
CVP_Hardness.CVP_p
CVP_Hardness.SVP_vec
Free-Boolean-Algebra.Free_Boolean_Algebra
Ribbon_Proofs.Ribbons_Stratified
Ribbon_Proofs.Ribbons_Graphical_Soundness
Concentration_Inequalities.Bennett_Inequality
Concentration_Inequalities.Efron_Stein_Inequality
Concentration_Inequalities.Cantelli_Inequality
HyperHoareLogic.PaperResults
Minsky_Machines.Minsky
Relational_Disjoint_Set_Forests.Matrix_Peano_Algebras
GenClock.GenClock
Van_der_Waerden.Van_der_Waerden
PCF.SmallStep
PCF.Continuations
Catoids.Groupoid_Lifting
Catoids.Multimonoid
Comparison_Sort_Lower_Bound.Comparison_Sort_Lower_Bound
Amicable_Numbers.Amicable_Numbers
Derandomization_Conditional_Expectations.Derandomization_Conditional_Expectations_Independent_Set
Jordan_Hoelder.JordanHolder
Elliptic_Functions.Weierstrass_Addition
Elliptic_Functions.Eisenstein_G2
Key_Agreement_Strong_Adversaries.sklvl3_asymmetric
Key_Agreement_Strong_Adversaries.pfslvl3_symmetric
Key_Agreement_Strong_Adversaries.dhlvl3_symmetric
Key_Agreement_Strong_Adversaries.pfslvl3_asymmetric
Key_Agreement_Strong_Adversaries.sklvl3_symmetric
Key_Agreement_Strong_Adversaries.dhlvl3_asymmetric
Category.Yoneda
Buchi_Complementation.Complementation_Build
Symmetric_Polynomials.Symmetric_Polynomials_Code
Dirichlet_Series.Dirichlet_Efficient_Code
Show.Show_Real_Impl
Game_Based_Crypto.IND_CCA2_sym
Game_Based_Crypto.IND_CCA2
Game_Based_Crypto.IND_CPA
Game_Based_Crypto.IND_CPA_PK_Single
Game_Based_Crypto.IND_CPA_PK
Game_Based_Crypto.Guessing_Many_One
Game_Based_Crypto.Unpredictable_Function
Game_Based_Crypto.Pseudo_Random_Function
Game_Based_Crypto.PRF_UPF_IND_CCA
Game_Based_Crypto.PRF_IND_CPA
Game_Based_Crypto.SUF_CMA
Game_Based_Crypto.CryptHOL_Tutorial
Game_Based_Crypto.Diffie_Hellman
Game_Based_Crypto.Hashed_Elgamal
Game_Based_Crypto.Elgamal
Game_Based_Crypto.PRF_UHF
Game_Based_Crypto.Pseudo_Random_Permutation
Game_Based_Crypto.RP_RF
Game_Based_Crypto.Security_Spec
Game_Based_Crypto.Cryptographic_Constructions
Game_Based_Crypto.Game_Based_Crypto
SPARCv8.Sparc_Properties
SPARCv8.Sparc_Code_Gen
LTL_to_DRA.Export_Code
HOL-SPARK-Manual.VC_Principles
HOL-SPARK-Manual.Complex_Types
HOL-SPARK-Manual.Reference
Completeness.Soundness
IOA-ABP.Correctness
IOA-ABP.Spec
Randomised_BSTs.Randomised_BSTs
HOL-IOA.Solve
Root_Balanced_Tree.Root_Balanced_Tree_Tab
Weak_Spectroscopy.Weak_Traces
Weak_Spectroscopy.Branching_Bisimilarity
Weak_Spectroscopy.Silent_Step_Spectroscopy
General-Triangle.GeneralTriangle
Multiset_Ordering_NPC.Multiset_Ordering_in_NP
Multiset_Ordering_NPC.RPO_NP_Hard
Wooley_Elementary_Discrete_Inequality.Wooley_Elementary_Discrete_Inequality
Complx.SumArr
Hoare_Time.Hoare_Time
IOA-ex.TrivEx2
IOA-ex.TrivEx
Van_Emde_Boas_Trees.Imperative_HOL_Add
Real_Time_Deque.RealTimeDeque_Proof
Abortable_Linearizable_Modules.Consensus
Abortable_Linearizable_Modules.Idempotence
IOA-Storage.Correctness
Program-Conflict-Analysis.MainResult
Error_Function.Error_Function_Asymptotics
Probabilistic_While.Resampling
Probabilistic_While.Fast_Dice_Roll
Real_Power.Log
Diophantine_Eqns_Lin_Hom.Solver_Code
Orbit_Stabiliser.Tetrahedron
Nullstellensatz.Nullstellensatz_Field
Differential_Dynamic_Logic.Differential_Dynamic_Logic
Hales_Jewett.Hales_Jewett
EdmondsKarp_Maxflow.Edka_Benchmark_Export
QHLProver.Grover
Ordinals_and_Cardinals.Cardinal_Order_Relation_discontinued
Disintegration.Disintegration
AnselmGod.AnselmGod
Delta_System_Lemma.Konig
Delta_System_Lemma.Cohen_Posets
Coinductive_Languages.Coinductive_Regular_Set
Coinductive_Languages.Context_Free_Grammar
Knights_Tour.KnightsTour
HOL-Real_Asymp-Manual.Real_Asymp_Doc
MHComputation.MHComputation
Depth-First-Search.DFS
Logging_Independent_Anonymity.Possibility
Neumann_Morgenstern_Utility.Expected_Utility
HOL-TLA-Inc.Inc
Lambda_Free_KBOs.Lambda_Free_KBOs
Automatic_Refinement.Autoref_Chapter
Automatic_Refinement.Param_Chapter
IOA-NTP.Overview
IOA-NTP.Correctness
Optics.Lens_State
SuffixArray.Prefix_Util
SuffixArray.Code_Extraction
SuffixArray.SACA_Equiv
CRYSTALS-Kyber_Security.Lemmas_for_spmf
CRYSTALS-Kyber_Security.MLWE
CRYSTALS-Kyber_Security.Correct_new
CRYSTALS-Kyber_Security.Correct
CRYSTALS-Kyber_Security.Kyber_gpv_IND_CPA
CRYSTALS-Kyber_Security.Kyber_new_Values
HOL-Analysis-ex.Approximations
Suppes_Theorem.Suppes_Theorem
Orient_Rewrite_Rule_Undecidable.Delta_Poly_Termination_Undecidable
Orient_Rewrite_Rule_Undecidable.KBO_Subterm_Coefficients_Undecidable
LTL3_Semantics.LTL3
Formal_SSA.Generic_Extract
Formal_SSA.SSA_Semantics
Formal_SSA.WhileGraphSSA
Clique_and_Monotone_Circuits.Clique_Large_Monotone_Circuits
Relational_Method.Possibility
Functional_Ordered_Resolution_Prover.Executable_FO_Ordered_Resolution_Prover
HOL-Real_Asymp.Real_Asymp_Approx
ProcessComposition.CopyableElimination
AVL-Trees.AVL
AVL-Trees.AVL2
Nominal_Unification.NU
Extended_Finite_State_Machine_Inference.Code_Generation
GewirthPGCProof.GewirthArgument
Stewart_Apollonius.Stewart_Apollonius
Noninterference_Generic_Unwinding.GenericUnwinding
Hyperdual.LogisticFunction
First_Order_Rewriting.Rewrite_Relations_Impl
First_Order_Rewriting.Orthogonality
NREST.Refine_Foreach
Splitting_Framework.Lightweight_Avatar
Lorenz_C1.Lorenz_C1
Grothendieck_Schemes.Scheme
Completeness_Decreasing_Diagrams_for_N1.Main_Result_DCR_N1
Completeness_Decreasing_Diagrams_for_N1.DCR3_Optimality
Aho_Corasick.Aho_Corasick
InformationFlowSlicing_Inter.LiftingInter
Relational-Incorrectness-Logic.RelationalIncorrectness
Separata.Separata
Boolos_Curious_Inference.Boo2
Boolos_Curious_Inference.Boo1
Dict_Construction.Introduction
Dict_Construction.Termination
Dict_Construction.Impossibility
Maximum_Segment_Sum.Maximum_Segment_Sum
Launchbury.EverythingAdequacy
Generalized_Counting_Sort.Stability
Gaussian_Integers.Gaussian_Integers_Everything
Octonions.Octonions
Multi_Party_Computation.Semi_Honest_Def
Multi_Party_Computation.Malicious_Defs
Multi_Party_Computation.Uniform_Sampling
Multi_Party_Computation.Secure_Multiplication
Multi_Party_Computation.OT_Functionalities
Multi_Party_Computation.ETP
Multi_Party_Computation.ETP_OT
Multi_Party_Computation.ETP_RSA_OT
Multi_Party_Computation.Cyclic_Group_Ext
Multi_Party_Computation.Noar_Pinkas_OT
Multi_Party_Computation.DH_Ext
Multi_Party_Computation.OT14
Multi_Party_Computation.GMW
Multi_Party_Computation.Malicious_OT
Padic_Field.Padic_Semialgebraic_Function_Ring
MFODL_Monitor_Optimized.Monitor_Code
Architectural_Design_Patterns.Blackboard
Architectural_Design_Patterns.Blockchain
ComponentDependencies.DataDependenciesCaseStudy
Blue_Eyes.Blue_Eyes
Complete_Non_Orders.Fixed_Points
HOL-Prolog.Type
BDD.EvalProof
BDD.NormalizeTotalProof
Higher_Order_Terms.Lambda_Free_Compat
No_FTL_observers.SpecRel
TsirelsonBound.Tsirelson
HereditarilyFinite.Finite_Automata
Sigma_Commit_Crypto.Xor
Sigma_Commit_Crypto.Commitment_Schemes
Sigma_Commit_Crypto.Uniform_Sampling
Sigma_Commit_Crypto.Sigma_Protocols
Sigma_Commit_Crypto.Sigma_OR
Sigma_Commit_Crypto.Cyclic_Group_Ext
Sigma_Commit_Crypto.Discrete_Log
Sigma_Commit_Crypto.Schnorr_Sigma_Commit
Sigma_Commit_Crypto.Pedersen
Sigma_Commit_Crypto.Rivest
Sigma_Commit_Crypto.Okamoto_Sigma_Commit
Sigma_Commit_Crypto.Chaum_Pedersen_Sigma_Commit
Sigma_Commit_Crypto.Sigma_AND
Nano_JSON.Nano_JSON_Manual
LOFT.RFC2544
LOFT.OF_conv_test
LOFT.OpenFlow_Documentation
Automated_Stateful_Protocol_Verification.manual
DigitsInBase.DigitsInBase
Ackermanns_not_PR.Primrec
Stalnaker_Logic.Stalnaker_Logic
VerifyThis2019.Challenge1B
VerifyThis2019.Challenge2B
VerifyThis2019.Challenge3
HOL-MicroJava.MicroJava
FunWithTilings.Tilings
Parallel_Shear_Sort.Parallel_Shear_Sort
Sauer_Shelah_Lemma.Sauer_Shelah_Lemma
HOL-Hoare_Parallel.Hoare_Parallel
Hypergraph_Colourings.Hypergraph_Colourings_Root
Ordinal.Ordinal
Wetzels_Problem.Wetzels_Problem
Aggregation_Algebras.Linear_Aggregation_Algebras
Roth_Arithmetic_Progressions.Roth_Arithmetic_Progressions
Arbitrage_Probability_Correspondence.Arbitrage_Probability_Correspondence
Noninterference_CSP.GeneralizedNoninterference
Noninterference_Inductive_Unwinding.InductiveUnwinding
Sophomores_Dream.Sophomores_Dream
Executable_Randomized_Algorithms.Basic_Randomized_Algorithms
Executable_Randomized_Algorithms.Dice_Roll
AutoCorres2_Main.AutoCorres_Nondet_Syntax
Registers.Laws_Complement
Registers.Misc
Registers.Axioms_Quantum
Registers.Laws_Quantum
Registers.Quantum
Registers.Quantum_Extra
Registers.QHoare
Registers.Axioms_Complement_Quantum
Registers.Teleport
Registers.Laws_Complement_Quantum
Registers.Quantum_Extra2
Registers.Pure_States
Registers.Check_Autogenerated_Files
Registers.Classical_Extra
SAT_Not_Const_Time.SAT_Not_Const_Time
Gromov_Hyperbolicity.Bonk_Schramm_Extension
Gromov_Hyperbolicity.Isometries_Classification
OmegaCatoidsQuantales.Omega_Catoid_Lifting
OmegaCatoidsQuantales.Two_Catoid_Lifting
OmegaCatoidsQuantales.Two_Catoid_Collapse
Perron_Frobenius.Spectral_Radius_Theory
AutoFocus-Stream.IL_AF_Stream_Exec
Lie_Groups.Diff_PiE
Lie_Groups.Classical_Groups
Lie_Groups.Lie_Algebra
ProcessComposition_ILL.ProcessILL
LightweightJava.Lightweight_Java_Proof
Treaps.Random_Treap
List_Update.Comb
Quantifier_Elimination_Hybrid.Hybrid_Multiv_Algorithm_Proofs
Vickrey_Clarke_Groves.FirstPrice
Vickrey_Clarke_Groves.CombinatorialAuctionCodeExtraction
Name_Carrying_Type_Inference.SimplyTyped
DCR-ExecutionEquivalence.DCRExecutionEquivalence
Wieferich_Kempner.Wieferich_Kempner
HOL-Mutabelle.MutabelleExtra
Public_Announcement_Logic.PAL
CCS.Weak_Cong_Pres
Abel_Limit_Theorem.Binomial_Sqrt_Series_Boundary
Modular_arithmetic_LLL_and_HNF_algorithms.Storjohann_Impl
Lorenz_C0.Lorenz_C0
CHERI-C_Memory_Model.CHERI_C_Global_Environment
Kolmogorov_Chentsov.Kolmogorov_Chentsov
HOL-Unix.Unix
Transitive-Closure-II.RTrancl
Multirelations.Multirelations
Pushdown_Systems.Ex
Coinductive.Coinductive
IMAP-CRDT.IMAP-proof
Store_Buffer_Reduction.Text
Store_Buffer_Reduction.Preliminaries
Quantales.Quantale_Modules
Quantales.Quantale_Left_Sided
Linear_Inequalities.Integer_Hull
FLP.FLPExistingSystem
Rensets.All
Picks_Theorem.Pick
CYK.CYK
Goedel_HFSet_Semantic.Instance
Continued_Fractions.E_CFrac
Continued_Fractions.Continued_Fraction_Approximation
Schoenhage_Strassen.Schoenhage_Strassen_TM
Combinatorics_Words_Graph_Lemma.Graph_Lemma
Well_Quasi_Orders.Wqo_Instances
Well_Quasi_Orders.Wqo_Multiset
Well_Quasi_Orders.Higman_OI
Saturation_Framework_Extensions.Given_Clause_Architectures_Revisited
Simple_Clause_Learning.SCL_FOL
Simple_Clause_Learning.Correct_Termination
Simple_Clause_Learning.Invariants
Simple_Clause_Learning.Initial_Literals_Generalize_Learned_Literals
Simple_Clause_Learning.Non_Redundancy
Simple_Clause_Learning.Termination
Simple_Clause_Learning.Completeness
NormByEval.NBE
Abstract_Substitution.Substitution_HOL_ex_Unification
MonoBoolTranAlgebra.Statements
Sort_Encodings.Encodings
Ordinal_Partitions.Omega_Omega
Knuth_Morris_Pratt.KMP
IMP_Noninterference.Degeneracy
Lambda_Free_EPO.Lambda_Free_EPO
HRB-Slicing.HRBSlicing
Combinatorial_Nullstellensatz.Combinatorial_Nullstellensatz
MLSSmf_to_MLSS.MLSSmf_to_MLSS_Correctness
MLSSmf_to_MLSS.MLSS_Decidable
MLSSmf_to_MLSS.MLSSmf_to_MLSS_Complexity
QBF_Solver_Verification.SolverExport
Archimedes_Cattle.Archimedes_Cattle
IFC_Tracking.PDG
Regex_Equivalence.Benchmark
Dynamic_Tables.Tables_nat
HOL-Hahn_Banach.Hahn_Banach
ResiduatedTransitionSystem.LambdaCalculus
Foundation_of_geometry.Congruence
Factored_Transition_System_Bounding.Invariants
Factored_Transition_System_Bounding.AcycSspace
Diagonal_Ramsey.The_Proof
Independence_CH.Demonstrations
HOL-TLA-Memory.MemoryImplementation
Statecharts.CarAudioSystem
Jordan_Normal_Form.Strassen_Algorithm_Code
Jordan_Normal_Form.Matrix_Carrier_Impl
Jordan_Normal_Form.Matrix_Complexity
Multirelations_Heterogeneous.Multirelations
Lam-ml-Normalization.Lam_ml
Combinatorics_Words.Border_Array
Goodstein_Lambda.Goodstein_Lambda
Rogers_Ramanujan.Rogers_Ramanujan
LL1_Parser.Json_Parser
FeatherweightJava.Featherweight_Java
Countable_Sums_and_Discrete_Distributions.Discrete_Subdistributions_and_Distributions
Attack_Trees.GDPRhealthcare
HOL-Decision_Procs.Decision_Procs
Abstract_Completeness.Propositional_Logic
Prime_Distribution_Elementary.Selberg_Asymptotic_Formula
Prime_Distribution_Elementary.Summatory_Divisor_Sigma_Bounds
HOL-TLA.README
Topological_Groups.Matrix_Group
HOL-TLA-Buffer.DBuffer
Quasi_Borel_Spaces.Bayesian_Linear_Regression
Risk_Free_Lending.Risk_Free_Lending
Fishburn_Impossibility.Fishburn_Impossibility
Power_Sum_Polynomials.Power_Sum_Puzzle
Computational_pAdics.More_pAdic_Product
GoedelGod.GoedelGod
Workflow_Net_Fitness_Measures.DefinitionCorrectness
Stirling_Formula.Gamma_Asymptotics
Weight_Balanced_Trees.Weight_Balanced_Trees_log
Weight_Balanced_Trees.Weight_Balanced_Trees
IsaNet.All_Protocols
Padic_Ints.Zp_Compact
Set_Reconciliation.Set_Reconciliation
CAVA_Automata.All_Of_CAVA_Automata
Tree-Automata.Ta_impl_codegen
Discrete-UCB.Discrete_UCB_Step3
Sliding_Window_Algorithm.SWA
Relational_Minimum_Spanning_Trees.Boruvka
Relational_Minimum_Spanning_Trees.Prim
Approximate_Model_Counting.CertCheck_CNF_XOR
FileRefinement.FileRefinement
Tree_Enumeration.Labeled_Tree_Enumeration
Tree_Enumeration.Rooted_Tree_Enumeration
HOLCF-FOCUS.Buffer_adm
HOLCF-FOCUS.Fstreams
Laplace_Transform.Laplace_Transform
Restriction_Spaces-HOLCF.Restriction_Spaces-HOLCF
Axiom_Free_Ontological_Trinity.Axiom_And_Assumption_Audit
Presburger-Automata.Exec
Formal_Puiseux_Series.Formal_Puiseux_Series
Quantum_Fourier_Transform.QFT
FOL_Seq_Calc3.Result
FOL_Seq_Calc3.Export
Knot_Theory.Knot_Theory
Liouville_Numbers.Liouville_Numbers
CZH_Universal_Constructions.CZH_UCAT_Conclusions
ArrowImpossibilityGS.GS
ArrowImpossibilityGS.Arrow_Utility
Promela.All_Of_Promela
SuperCalc.superposition
LambdaAuth.Results
Goedel_Incompleteness.All_Abstract
Falling_Factorial_Sum.Falling_Factorial_Sum_Induction
Falling_Factorial_Sum.Falling_Factorial_Sum_Vandermonde
Ceva.Ceva
IMP2.Quickstart_Guide
IMP2.IMP2_from_IMP
Locally-Nameless-Sigma.Locally_Nameless_Sigma
CubicalCategories.CubicalOmegaZeroCategoriesConnections
Actuarial_Mathematics.Interest
Encodability_Process_Calculi.CombinedCriteria
Fishers_Inequality.Fishers_Inequality_Root
Irrationals_From_THEBOOK.Irrationals_From_THEBOOK
Cauchy.CauchySchwarz
PropResPI.Prime_Implicates
Lebesgue_Stieltjes_Integral.Lebesgue_Stieltjes_Integral
Aristotles_Assertoric_Syllogistic.AristotlesAssertoric
Planarity_Certificates.Planarity_Certificates
Zeckendorf.Zeckendorf
HOL-IMPP.EvenOdd
Density_Compiler.PDF_Compiler
Compiling-Exceptions-Correctly.Exceptions
Max-Card-Matching.Matching
LTL_to_GBA.All_Of_LTL_to_GBA
Word_Lib.Guide
Inductive_Confidentiality.ConfidentialityDY
Inductive_Confidentiality.Knowledge
Inductive_Confidentiality.ConfidentialityGA
Dynamic_Pushdown_Networks.DPN_impl
Dynamic_Pushdown_Networks.DPN_implEx
Elliptic_Curves_Group_Law.Elliptic_Axclass
Banach_Tarski.Banach_Tarski_Theorem
HOL-Homology.Homology
Generalized_Cauchy_Davenport.Generalized_Cauchy_Davenport_main_proof
Fixed_Length_Vector.Fixed_Length_Vector
Fisher_Yates.Fisher_Yates
Nagata-Factoriality.Nagata_Factoriality
Gabow_SCC.All_Of_Gabow_SCC
KBPs.KBPs_Main
Robinson_Arithmetic.Instance
Hood_Melville_Queue.Hood_Melville_Queue
ABY3_Protocols.Spmf_Common
ABY3_Protocols.Additive_Sharing
ABY3_Protocols.Sharing_Lemmas
ABY3_Protocols.Shuffle
ABY3_Protocols.Multiplication
ABY3_Protocols.Multiplication_Synthesization
Deriving.RBT_Compare_Order_Impl
Schutz_Spacetime.TemporalOrderOnPath
HOL-Algebra.README
MuchAdoAboutTwo.MuchAdoAboutTwo
Lovasz_Local.Lovasz_Local_Root
C2KA_DistributedSystems.Communication_C2KA
Tree_Decomposition.TreewidthTree
Two_Way_DFA_HF.Two_Way_DFA_HF
Factor_Algebraic_Polynomial.Factor_Real_Poly
Balog_Szemeredi_Gowers.Additive_Energy_Lower_Bounds
Balog_Szemeredi_Gowers.Balog_Szemeredi_Gowers_Supplementary
InformationFlowSlicing.NonInterferenceWhile
MLSS_Decision_Proc.MLSS_Proc_All
Directed_Sets.Directed_Completeness
JinjaDCI.JinjaDCI
PAL.PAL
HOL-Matrix_LP.Cplex
VolpanoSmith.Execute
VeriComp.Fixpoint
Minkowskis_Theorem.Minkowskis_Theorem
SCC_Bloemen_Sequential.SCC_Bloemen_Sequential
HOL-SET_Protocol.SET_Protocol
Proof_Terms_Term_Rewriting.Redex_Patterns
LLL_Basis_Reduction.FPLLL_Solver
LLL_Basis_Reduction.LLL_Complexity
Stern_Brocot.Bird_Tree
Resolution_FOL.Completeness_Instance
Free-Groups.Isomorphisms
MFMC_Countable.Max_Flow_Min_Cut_Countable
MFMC_Countable.Rel_PMF_Characterisation_MFMC
Eudoxus_Reals.Eudoxus
Concentrated_Liquidity_Market_Making_Operations.CLMM_Transformation
Levy_Prokhorov_Metric.Space_of_Finite_Measures
Twelvefold_Way.Twelvefold_Way
Irrationality_J_Hancl.Irrationality_J_Hancl
Hahn_Jordan_Decomposition.Hahn_Jordan_Decomposition
CoreC++.CoreC++
SDS_Impossibility.SDS_Impossibility
Binding_Syntax_Theory.Semantic_Domains
Binding_Syntax_Theory.Recursion
Distributed_Distinct_Elements.Distributed_Distinct_Elements_Outer_Algorithm
HOL-Computational_Algebra.Computation_Checks
Buildings.Building
IMP2_Binary_Heap.IMP2_Binary_Heap
Probabilistic_System_Zoo.Bool_Bounded_Set
Topology.LList_Topology
Intro_Dest_Elim.IDE_Reference
Prime_Harmonic_Series.Prime_Harmonic
Partial_Order_Reduction.Ample_Correctness
Kuratowski_Closure_Complement.KuratowskiClosureComplementTheorem
IMP_Compiler.Compiler2
Binomial-Queues.PQ_Implementation
Stream-Fusion.StreamFusion
Bounded_Deducibility_Security.Bounded_Deducibility_Security
Bondy.Bondy
FFT.FFT
Combinatorics_Words_Lyndon.Lyndon_Addition
Chomsky_Schuetzenberger.Chomsky_Schuetzenberger
IMP_Compiler_Reuse.Compiler2
Dominance_CHK.Dom_Kildall_Correct
Mostowski_Collapse.Mostowski_Collapse
JiveDataStoreModel.UnivSpec
Multitape_To_Singletape_TM.Multi_Single_TM_Translation
Fermat3_4.Fermat3
Dilworth.Dilworth
Lifting_the_Exponent.LTE
HOL-Analysis.Finite_Function_Topology
Poincare_Disc.Poincare_Perpendicular
Randomized_Closest_Pair.Randomized_Closest_Pair_Time
SIFUM_Type_Systems.TypeSystem
SIFUM_Type_Systems.LocallySoundModeUse
Separation_Logic_Unbounded.AutomaticVerifiers
Hermite.Hermite
Hermite.Hermite_IArrays
CoCon.All_BD_Security_Instances_for_CoCon
FinFun.FinFunPred
Hybrid_Logic.Hybrid_Logic
Graph_Saturation.CombinedCorrectness
Incompleteness.Loebs_Theorem
Probabilistic_Timed_Automata.PTA_Reachability
GraphMarkingIBP.DSWMark
Perfect-Number-Thm.Perfect
Safe_Range_RC.Results
CofGroups.CofGroups
Conditional_Simplification.CS_Reference
Lower_Semicontinuous.Lower_Semicontinuous
Smith_Normal_Form.SNF_Missing_Lemmas
Smith_Normal_Form.Smith_Normal_Form_JNF
Smith_Normal_Form.SNF_Algorithm
Smith_Normal_Form.Smith_Normal_Form
Smith_Normal_Form.Diagonal_To_Smith
Smith_Normal_Form.Cauchy_Binet
Smith_Normal_Form.Admits_SNF_From_Diagonal_Iff_Bezout_Ring
Smith_Normal_Form.Diagonal_To_Smith_JNF
Smith_Normal_Form.SNF_Algorithm_HOL_Analysis
Smith_Normal_Form.SNF_Uniqueness
Smith_Normal_Form.Diagonalize
Smith_Normal_Form.SNF_Algorithm_Two_Steps
Smith_Normal_Form.SNF_Algorithm_Two_Steps_JNF
Smith_Normal_Form.Cauchy_Binet_HOL_Analysis
Smith_Normal_Form.Elementary_Divisor_Rings
Smith_Normal_Form.SNF_Algorithm_Euclidean_Domain
Smith_Normal_Form.Smith_Certified
Smith_Normal_Form.Alternative_Proofs
Constructive_Cryptography.Converter_Rewrite
Constructive_Cryptography.Random_System
Constructive_Cryptography.Distinguisher
Constructive_Cryptography.Wiring
Constructive_Cryptography.Constructive_Cryptography
Constructive_Cryptography.System_Construction
Constructive_Cryptography.One_Time_Pad
Constructive_Cryptography.Message_Authentication_Code
Constructive_Cryptography.Secure_Channel
SCL_Simulates_Ground_Resolution.Background
SCL_Simulates_Ground_Resolution.Exhaustive_Resolution
SCL_Simulates_Ground_Resolution.Exhaustive_Factorization
SCL_Simulates_Ground_Resolution.ORD_RES
SCL_Simulates_Ground_Resolution.ORD_RES_2
SCL_Simulates_Ground_Resolution.Implicit_Exhaustive_Factorization
SCL_Simulates_Ground_Resolution.ORD_RES_7
SCL_Simulates_Ground_Resolution.Clause_Could_Propagate
SCL_Simulates_Ground_Resolution.ORD_RES_8
SCL_Simulates_Ground_Resolution.ORD_RES_9
SCL_Simulates_Ground_Resolution.ORD_RES_10
SCL_Simulates_Ground_Resolution.ORD_RES_11
SCL_Simulates_Ground_Resolution.ORD_RES_1
SCL_Simulates_Ground_Resolution.ORD_RES_3
SCL_Simulates_Ground_Resolution.ORD_RES_5
SCL_Simulates_Ground_Resolution.ORD_RES_6
SCL_Simulates_Ground_Resolution.ORD_RES_4
SCL_Simulates_Ground_Resolution.Simulation_SCLFOL_ORDRES
Oneway2Hiding.O2H_Additional_Lemmas
Oneway2Hiding.More_Kraus_Maps
Oneway2Hiding.Definition_O2H
Oneway2Hiding.Unitary_S
Oneway2Hiding.Unitary_S_prime
Oneway2Hiding.Run_Adversary
Oneway2Hiding.Limit_Process
Oneway2Hiding.Purification
Oneway2Hiding.Definition_Pure_O2H
Oneway2Hiding.Run_Pure_B
Oneway2Hiding.Run_Pure_B_count
Oneway2Hiding.Pure_O2H
Oneway2Hiding.Mixed_O2H
Oneway2Hiding.O2H_Theorem
Compressed_Oracles.Misc_Compressed_Oracle
Compressed_Oracles.Function_At
Compressed_Oracles.Invariant_Preservation
Compressed_Oracles.CO_Operations
Compressed_Oracles.Compressed_Oracle_Is_RO
Compressed_Oracles.Oracle_Programs
Compressed_Oracles.CO_Invariants
Compressed_Oracles.Find_Zero
Compressed_Oracles.Collision
Modular_arithmetic_LLL_and_HNF_algorithms.Uniqueness_Hermite
Modular_arithmetic_LLL_and_HNF_algorithms.Uniqueness_Hermite_JNF
Modular_arithmetic_LLL_and_HNF_algorithms.HNF_Mod_Det_Algorithm
Modular_arithmetic_LLL_and_HNF_algorithms.HNF_Mod_Det_Soundness
Modular_arithmetic_LLL_and_HNF_algorithms.LLL_Certification_via_HNF
Constructive_Cryptography_CM.More_CC
Constructive_Cryptography_CM.Observe_Failure
Constructive_Cryptography_CM.Fold_Spmf
Constructive_Cryptography_CM.Fused_Resource
Constructive_Cryptography_CM.Channel
Constructive_Cryptography_CM.State_Isomorphism
Constructive_Cryptography_CM.Construction_Utility
Constructive_Cryptography_CM.Concrete_Security
Constructive_Cryptography_CM.Asymptotic_Security
Constructive_Cryptography_CM.Key
Constructive_Cryptography_CM.Diffie_Hellman_CC
Constructive_Cryptography_CM.One_Time_Pad
Constructive_Cryptography_CM.DH_OTP
